Component: Arm Compiler for Embedded 6.22 Tool: armlink [5ee90200]

==============================================================================

Section Cross References

    startup_stm32f407xx.o(RESET) refers to startup_stm32f407xx.o(STACK) for __initial_sp
    startup_stm32f407xx.o(RESET) refers to startup_stm32f407xx.o(.text) for Reset_Handler
    startup_stm32f407xx.o(RESET) refers to stm32f4xx_it.o(.text.NMI_Handler) for NMI_Handler
    startup_stm32f407xx.o(RESET) refers to stm32f4xx_it.o(.text.HardFault_Handler) for HardFault_Handler
    startup_stm32f407xx.o(RESET) refers to stm32f4xx_it.o(.text.MemManage_Handler) for MemManage_Handler
    startup_stm32f407xx.o(RESET) refers to stm32f4xx_it.o(.text.BusFault_Handler) for BusFault_Handler
    startup_stm32f407xx.o(RESET) refers to stm32f4xx_it.o(.text.UsageFault_Handler) for UsageFault_Handler
    startup_stm32f407xx.o(RESET) refers to stm32f4xx_it.o(.text.SVC_Handler) for SVC_Handler
    startup_stm32f407xx.o(RESET) refers to stm32f4xx_it.o(.text.DebugMon_Handler) for DebugMon_Handler
    startup_stm32f407xx.o(RESET) refers to stm32f4xx_it.o(.text.PendSV_Handler) for PendSV_Handler
    startup_stm32f407xx.o(RESET) refers to stm32f4xx_it.o(.text.SysTick_Handler) for SysTick_Handler
    startup_stm32f407xx.o(RESET) refers to stm32f4xx_it.o(.text.DMA1_Stream1_IRQHandler) for DMA1_Stream1_IRQHandler
    startup_stm32f407xx.o(RESET) refers to stm32f4xx_it.o(.text.DMA1_Stream3_IRQHandler) for DMA1_Stream3_IRQHandler
    startup_stm32f407xx.o(RESET) refers to stm32f4xx_it.o(.text.DMA1_Stream5_IRQHandler) for DMA1_Stream5_IRQHandler
    startup_stm32f407xx.o(RESET) refers to stm32f4xx_it.o(.text.TIM1_TRG_COM_TIM11_IRQHandler) for TIM1_TRG_COM_TIM11_IRQHandler
    startup_stm32f407xx.o(RESET) refers to stm32f4xx_it.o(.text.USART1_IRQHandler) for USART1_IRQHandler
    startup_stm32f407xx.o(RESET) refers to stm32f4xx_it.o(.text.USART3_IRQHandler) for USART3_IRQHandler
    startup_stm32f407xx.o(RESET) refers to stm32f4xx_it.o(.text.DMA2_Stream0_IRQHandler) for DMA2_Stream0_IRQHandler
    startup_stm32f407xx.o(RESET) refers to stm32f4xx_it.o(.text.DMA2_Stream2_IRQHandler) for DMA2_Stream2_IRQHandler
    startup_stm32f407xx.o(RESET) refers to stm32f4xx_it.o(.text.DMA2_Stream5_IRQHandler) for DMA2_Stream5_IRQHandler
    startup_stm32f407xx.o(RESET) refers to stm32f4xx_it.o(.text.DMA2_Stream7_IRQHandler) for DMA2_Stream7_IRQHandler
    startup_stm32f407xx.o(.text) refers to system_stm32f4xx.o(.text.SystemInit) for SystemInit
    startup_stm32f407xx.o(.text) refers to entry.o(.ARM.Collect$$$$00000000) for __main
    main.o(.text.HAL_UARTEx_RxEventCallback) refers to main.o(.data.UART_Debug) for UART_Debug
    main.o(.text.HAL_UARTEx_RxEventCallback) refers to main.o(.bss..L_MergedGlobals.46) for .L_MergedGlobals.46
    main.o(.text.HAL_UARTEx_RxEventCallback) refers to main.o(.data.UART_Slave) for UART_Slave
    main.o(.text.HAL_UARTEx_RxEventCallback) refers to usart.o(.text.myUART_Receive_DMA) for myUART_Receive_DMA
    main.o(.text.HAL_UARTEx_RxEventCallback) refers to lcd.o(.text.LCD_ClearArea) for LCD_ClearArea
    main.o(.text.HAL_UARTEx_RxEventCallback) refers to lcd.o(.text.LCD_ShowString) for LCD_ShowString
    main.o(.text.HAL_UARTEx_RxEventCallback) refers to usart.o(.text.myUART_Start_Receive_DMA) for myUART_Start_Receive_DMA
    main.o(.text.HAL_UARTEx_RxEventCallback) refers to usart.o(.text.myUART_Transmit_DMA) for myUART_Transmit_DMA
    main.o(.ARM.exidx.text.HAL_UARTEx_RxEventCallback) refers to main.o(.text.HAL_UARTEx_RxEventCallback) for [Anonymous Symbol]
    main.o(.text.HAL_TIM_PeriodElapsedCallback) refers to tim.o(.bss.htim11) for htim11
    main.o(.text.HAL_TIM_PeriodElapsedCallback) refers to gpio.o(.text.Key_Read) for Key_Read
    main.o(.text.HAL_TIM_PeriodElapsedCallback) refers to main.o(.text.Key_Process) for Key_Process
    main.o(.ARM.exidx.text.HAL_TIM_PeriodElapsedCallback) refers to main.o(.text.HAL_TIM_PeriodElapsedCallback) for [Anonymous Symbol]
    main.o(.text.Key_Process) refers to main.o(.bss..L_MergedGlobals.46) for .L_MergedGlobals.46
    main.o(.text.Key_Process) refers to stm32f4xx_hal_gpio.o(.text.HAL_GPIO_WritePin) for HAL_GPIO_WritePin
    main.o(.text.Key_Process) refers to main.o(.data..L_MergedGlobals) for .L_MergedGlobals
    main.o(.text.Key_Process) refers to tim.o(.text.myPWM_Stop) for myPWM_Stop
    main.o(.text.Key_Process) refers to tim.o(.text.myPWMI_Stop) for myPWMI_Stop
    main.o(.text.Key_Process) refers to stm32f4xx_hal_gpio.o(.text.HAL_GPIO_ReadPin) for HAL_GPIO_ReadPin
    main.o(.text.Key_Process) refers to main.o(.rodata.str1.1) for .L.str.3
    main.o(.text.Key_Process) refers to lcd.o(.text.LCD_ShowString) for LCD_ShowString
    main.o(.text.Key_Process) refers to dac.o(.text.myDAC_Stop_DMA) for myDAC_Stop_DMA
    main.o(.text.Key_Process) refers to lcd.o(.text.LCD_ClearArea) for LCD_ClearArea
[...]
    [Anonymous Symbol]                       0x080028d8   Section        0  stm32f4xx_hal_tim.o(.text.HAL_TIM_Base_Stop)
    [Anonymous Symbol]                       0x0800290c   Section        0  stm32f4xx_hal_tim.o(.text.HAL_TIM_ConfigClockSource)
    [Anonymous Symbol]                       0x08002aac   Section        0  stm32f4xx_hal_tim.o(.text.HAL_TIM_IC_CaptureCallback)
    [Anonymous Symbol]                       0x08002ab0   Section        0  stm32f4xx_hal_tim.o(.text.HAL_TIM_IC_ConfigChannel)
    [Anonymous Symbol]                       0x08002c78   Section        0  stm32f4xx_hal_tim.o(.text.HAL_TIM_IC_Init)
    [Anonymous Symbol]                       0x08002cd4   Section        0  stm32f4xx_hal_tim.o(.text.HAL_TIM_IC_MspInit)
    [Anonymous Symbol]                       0x08002cd8   Section        0  stm32f4xx_hal_tim.o(.text.HAL_TIM_IC_Start)
    [Anonymous Symbol]                       0x08002e00   Section        0  stm32f4xx_hal_tim.o(.text.HAL_TIM_IC_Stop)
    [Anonymous Symbol]                       0x08002e80   Section        0  stm32f4xx_hal_tim.o(.text.HAL_TIM_IRQHandler)
    [Anonymous Symbol]                       0x08002fd0   Section        0  stm32f4xx_hal_tim.o(.text.HAL_TIM_OC_ConfigChannel)
    [Anonymous Symbol]                       0x08003184   Section        0  stm32f4xx_hal_tim.o(.text.HAL_TIM_OC_DelayElapsedCallback)
    [Anonymous Symbol]                       0x08003188   Section        0  stm32f4xx_hal_tim.o(.text.HAL_TIM_OC_Init)
    [Anonymous Symbol]                       0x080031e4   Section        0  stm32f4xx_hal_tim.o(.text.HAL_TIM_OC_MspInit)
    [Anonymous Symbol]                       0x080031e8   Section        0  stm32f4xx_hal_tim.o(.text.HAL_TIM_PWM_ConfigChannel)
    [Anonymous Symbol]                       0x08003408   Section        0  stm32f4xx_hal_tim.o(.text.HAL_TIM_PWM_Init)
    [Anonymous Symbol]                       0x08003464   Section        0  stm32f4xx_hal_tim.o(.text.HAL_TIM_PWM_MspInit)
    [Anonymous Symbol]                       0x08003468   Section        0  stm32f4xx_hal_tim.o(.text.HAL_TIM_PWM_PulseFinishedCallback)
    [Anonymous Symbol]                       0x0800346c   Section        0  stm32f4xx_hal_tim.o(.text.HAL_TIM_PWM_Start)
    [Anonymous Symbol]                       0x0800357c   Section        0  stm32f4xx_hal_tim.o(.text.HAL_TIM_PWM_Stop)
    [Anonymous Symbol]                       0x08003628   Section        0  main.o(.text.HAL_TIM_PeriodElapsedCallback)
    [Anonymous Symbol]                       0x08003644   Section        0  stm32f4xx_hal_tim.o(.text.HAL_TIM_SlaveConfigSynchro)
    [Anonymous Symbol]                       0x0800369c   Section        0  stm32f4xx_hal_tim.o(.text.HAL_TIM_TriggerCallback)
    [Anonymous Symbol]                       0x080036a0   Section        0  stm32f4xx_hal_uart.o(.text.HAL_UARTEx_ReceiveToIdle_DMA)
    [Anonymous Symbol]                       0x08003884   Section        0  main.o(.text.HAL_UARTEx_RxEventCallback)
    [Anonymous Symbol]                       0x08003984   Section        0  stm32f4xx_hal_uart.o(.text.HAL_UART_ErrorCallback)
    [Anonymous Symbol]                       0x08003988   Section        0  stm32f4xx_hal_uart.o(.text.HAL_UART_IRQHandler)
    [Anonymous Symbol]                       0x08003ef8   Section        0  stm32f4xx_hal_uart.o(.text.HAL_UART_Init)
    [Anonymous Symbol]                       0x08003f58   Section        0  usart.o(.text.HAL_UART_MspInit)
    [Anonymous Symbol]                       0x08004138   Section        0  stm32f4xx_hal_uart.o(.text.HAL_UART_RxCpltCallback)
    [Anonymous Symbol]                       0x0800413c   Section        0  stm32f4xx_hal_uart.o(.text.HAL_UART_RxHalfCpltCallback)
    [Anonymous Symbol]                       0x08004140   Section        0  stm32f4xx_hal_uart.o(.text.HAL_UART_Transmit_DMA)
    [Anonymous Symbol]                       0x080041fc   Section        0  stm32f4xx_hal_uart.o(.text.HAL_UART_TxCpltCallback)
    [Anonymous Symbol]                       0x08004200   Section        0  stm32f4xx_hal_uart.o(.text.HAL_UART_TxHalfCpltCallback)
    [Anonymous Symbol]                       0x08004204   Section        0  stm32f4xx_it.o(.text.HardFault_Handler)
    [Anonymous Symbol]                       0x08004208   Section        0  main.o(.text.Key_Process)
    [Anonymous Symbol]                       0x08004a20   Section        0  gpio.o(.text.Key_Read)
    [Anonymous Symbol]                       0x08004af8   Section        0  lcd.o(.text.LCD_ClearAll)
    [Anonymous Symbol]                       0x080051b0   Section        0  lcd.o(.text.LCD_ClearArea)
    [Anonymous Symbol]                       0x080052e0   Section        0  lcd.o(.text.LCD_Init)
    [Anonymous Symbol]                       0x080053c8   Section        0  lcd.o(.text.LCD_ShowString)
    [Anonymous Symbol]                       0x080056d8   Section        0  adc.o(.text.MX_ADC1_Init)
    [Anonymous Symbol]                       0x08005748   Section        0  adc.o(.text.MX_ADC2_Init)
    [Anonymous Symbol]                       0x080057b8   Section        0  dac.o(.text.MX_DAC_Init)
    [Anonymous Symbol]                       0x08005800   Section        0  dma.o(.text.MX_DMA_Init)
    [Anonymous Symbol]                       0x080058ac   Section        0  fsmc.o(.text.MX_FSMC_Init)
    [Anonymous Symbol]                       0x0800592c   Section        0  gpio.o(.text.MX_GPIO_Init)
    [Anonymous Symbol]                       0x08005a5c   Section        0  tim.o(.text.MX_TIM10_Init)
    [Anonymous Symbol]                       0x08005b24   Section        0  tim.o(.text.MX_TIM11_Init)
    [Anonymous Symbol]                       0x08005b9c   Section        0  tim.o(.text.MX_TIM2_Init)
    [Anonymous Symbol]                       0x08005ca0   Section        0  tim.o(.text.MX_TIM3_Init)
    [Anonymous Symbol]                       0x08005d18   Section        0  tim.o(.text.MX_TIM6_Init)
    [Anonymous Symbol]                       0x08005d6c   Section        0  usart.o(.text.MX_USART1_UART_Init)
    [Anonymous Symbol]                       0x08005da8   Section        0  usart.o(.text.MX_USART3_UART_Init)
    [Anonymous Symbol]                       0x08005de4   Section        0  stm32f4xx_it.o(.text.MemManage_Handler)
    [Anonymous Symbol]                       0x08005de8   Section        0  stm32f4xx_it.o(.text.NMI_Handler)
    [Anonymous Symbol]                       0x08005dec   Section        0  stm32f4xx_it.o(.text.PendSV_Handler)
    [Anonymous Symbol]                       0x08005df0   Section        0  stm32f4xx_it.o(.text.SVC_Handler)
    [Anonymous Symbol]                       0x08005df4   Section        0  stm32f4xx_it.o(.text.SysTick_Handler)
    [Anonymous Symbol]                       0x08005df8   Section        0  main.o(.text.SystemClock_Config)
    [Anonymous Symbol]                       0x08005ea0   Section        0  system_stm32f4xx.o(.text.SystemInit)
    [Anonymous Symbol]                       0x08005eb4   Section        0  stm32f4xx_it.o(.text.TIM1_TRG_COM_TIM11_IRQHandler)
    [Anonymous Symbol]                       0x08005ec0   Section        0  stm32f4xx_hal_tim.o(.text.TIM_Base_SetConfig)
    TIM_SlaveTimer_SetConfig                 0x08006005   Thumb Code   250  stm32f4xx_hal_tim.o(.text.TIM_SlaveTimer_SetConfig)
    [Anonymous Symbol]                       0x08006004   Section        0  stm32f4xx_hal_tim.o(.text.TIM_SlaveTimer_SetConfig)
    UART_DMAAbortOnError                     0x08006101   Thumb Code    12  stm32f4xx_hal_uart.o(.text.UART_DMAAbortOnError)
    [Anonymous Symbol]                       0x08006100   Section        0  stm32f4xx_hal_uart.o(.text.UART_DMAAbortOnError)
    UART_DMAError                            0x0800610d   Thumb Code   380  stm32f4xx_hal_uart.o(.text.UART_DMAError)
    [Anonymous Symbol]                       0x0800610c   Section        0  stm32f4xx_hal_uart.o(.text.UART_DMAError)
    UART_DMAReceiveCplt                      0x08006289   Thumb Code   350  stm32f4xx_hal_uart.o(.text.UART_DMAReceiveCplt)
    [Anonymous Symbol]                       0x08006288   Section        0  stm32f4xx_hal_uart.o(.text.UART_DMAReceiveCplt)
    UART_DMARxHalfCplt                       0x080063e9   Thumb Code    24  stm32f4xx_hal_uart.o(.text.UART_DMARxHalfCplt)
    [Anonymous Symbol]                       0x080063e8   Section        0  stm32f4xx_hal_uart.o(.text.UART_DMARxHalfCplt)
    UART_DMATransmitCplt                     0x08006401   Thumb Code   176  stm32f4xx_hal_uart.o(.text.UART_DMATransmitCplt)
    [Anonymous Symbol]                       0x08006400   Section        0  stm32f4xx_hal_uart.o(.text.UART_DMATransmitCplt)
    UART_DMATxHalfCplt                       0x080064b1   Thumb Code     6  stm32f4xx_hal_uart.o(.text.UART_DMATxHalfCplt)
    [Anonymous Symbol]                       0x080064b0   Section        0  stm32f4xx_hal_uart.o(.text.UART_DMATxHalfCplt)
    UART_Receive_IT                          0x080064b9   Thumb Code   254  stm32f4xx_hal_uart.o(.text.UART_Receive_IT)
    [Anonymous Symbol]                       0x080064b8   Section        0  stm32f4xx_hal_uart.o(.text.UART_Receive_IT)
    UART_SetConfig                           0x080065b9   Thumb Code   230  stm32f4xx_hal_uart.o(.text.UART_SetConfig)
    [Anonymous Symbol]                       0x080065b8   Section        0  stm32f4xx_hal_uart.o(.text.UART_SetConfig)
    [Anonymous Symbol]                       0x080066a0   Section        0  stm32f4xx_it.o(.text.USART1_IRQHandler)
    [Anonymous Symbol]                       0x080066ac   Section        0  stm32f4xx_it.o(.text.USART3_IRQHandler)
    [Anonymous Symbol]                       0x080066b8   Section        0  stm32f4xx_it.o(.text.UsageFault_Handler)
    [Anonymous Symbol]                       0x080066bc   Section        0  main.o(.text.main)
    [Anonymous Symbol]                       0x080067f4   Section        0  adc.o(.text.myADC_Start_DMA)
    [Anonymous Symbol]                       0x0800681c   Section        0  adc.o(.text.myADC_Stop_DMA)
    [Anonymous Symbol]                       0x08006838   Section        0  dac.o(.text.myDAC_SetFreq)
    [Anonymous Symbol]                       0x080068a4   Section        0  dac.o(.text.myDAC_Start_DMA)
    [Anonymous Symbol]                       0x080068e4   Section        0  dac.o(.text.myDAC_Stop_DMA)
    [Anonymous Symbol]                       0x080068fc   Section        0  tim.o(.text.myPWMI_GetPeriod)
    [Anonymous Symbol]                       0x08006920   Section        0  tim.o(.text.myPWMI_GetPulse)
    [Anonymous Symbol]                       0x08006944   Section        0  tim.o(.text.myPWMI_Start)
    [Anonymous Symbol]                       0x0800695c   Section        0  tim.o(.text.myPWMI_Stop)
    [Anonymous Symbol]                       0x08006974   Section        0  tim.o(.text.myPWM_SetPulse)
    [Anonymous Symbol]                       0x0800698c   Section        0  tim.o(.text.myPWM_Start)
    [Anonymous Symbol]                       0x08006994   Section        0  tim.o(.text.myPWM_Stop)
    [Anonymous Symbol]                       0x0800699c   Section        0  usart.o(.text.myUART_Receive_DMA)
    [Anonymous Symbol]                       0x080069bc   Section        0  usart.o(.text.myUART_Start_Receive_DMA)
    [Anonymous Symbol]                       0x080069cc   Section        0  usart.o(.text.myUART_Transmit_DMA)
    i.__0vsnprintf                           0x08006a50   Section        0  printfa.o(i.__0vsnprintf)
    i.__scatterload_copy                     0x08006a84   Section       14  handlers.o(i.__scatterload_copy)
    i.__scatterload_null                     0x08006a92   Section        2  handlers.o(i.__scatterload_null)
    i.__scatterload_zeroinit                 0x08006a94   Section       14  handlers.o(i.__scatterload_zeroinit)
    _fp_digits                               0x08006aa5   Thumb Code   366  printfa.o(i._fp_digits)
    i._fp_digits                             0x08006aa4   Section        0  printfa.o(i._fp_digits)
    _printf_core                             0x08006c29   Thumb Code  1744  printfa.o(i._printf_core)
    i._printf_core                           0x08006c28   Section        0  printfa.o(i._printf_core)
    _printf_post_padding                     0x08007305   Thumb Code    36  printfa.o(i._printf_post_padding)
    i._printf_post_padding                   0x08007304   Section        0  printfa.o(i._printf_post_padding)
    _printf_pre_padding                      0x08007329   Thumb Code    46  printfa.o(i._printf_pre_padding)
    i._printf_pre_padding                    0x08007328   Section        0  printfa.o(i._printf_pre_padding)
    _snputc                                  0x08007357   Thumb Code    22  printfa.o(i._snputc)
    i._snputc                                0x08007356   Section        0  printfa.o(i._snputc)
    DMA_CalcBaseAndBitshift.flagBitshiftOffset 0x080074c4   Data           8  stm32f4xx_hal_dma.o(.rodata.cst8)
    [Anonymous Symbol]                       0x080074c4   Section        0  stm32f4xx_hal_dma.o(.rodata.cst8)
    .L.str.11                                0x0800b338   Data          39  main.o(.rodata.str1.1)
    [Anonymous Symbol]                       0x0800b338   Section        0  main.o(.rodata.str1.1)
    .L.str.12                                0x0800b35f   Data          44  main.o(.rodata.str1.1)
    .L.str.32                                0x0800b38b   Data          33  main.o(.rodata.str1.1)
    .L.str.27                                0x0800b3ac   Data          44  main.o(.rodata.str1.1)
    .L.str.13                                0x0800b3d8   Data          26  main.o(.rodata.str1.1)
    .L.str.34                                0x0800b3f2   Data          26  main.o(.rodata.str1.1)
    .L.str.6                                 0x0800b40c   Data          10  main.o(.rodata.str1.1)
    .L.str.7                                 0x0800b416   Data          10  main.o(.rodata.str1.1)
    .L.str.23                                0x0800b465   Data          27  main.o(.rodata.str1.1)
    .L.str.4                                 0x0800b480   Data          35  main.o(.rodata.str1.1)
    .L.str.28                                0x0800b4a3   Data          34  main.o(.rodata.str1.1)
    .L.str.22                                0x0800b4c0   Data           5  main.o(.rodata.str1.1)
    .L.str.14                                0x0800b4c5   Data          18  main.o(.rodata.str1.1)
    .L.str.10                                0x0800b4d0   Data           7  main.o(.rodata.str1.1)
    .L.str.26                                0x0800b4d7   Data           6  main.o(.rodata.str1.1)
    .L.str.24                                0x0800b4dd   Data           9  main.o(.rodata.str1.1)
    .L.str.5                                 0x0800b4e6   Data           8  main.o(.rodata.str1.1)
    .L.str.15                                0x0800b4ee   Data           6  main.o(.rodata.str1.1)
    .L.str.25                                0x0800b4f4   Data           7  main.o(.rodata.str1.1)
    .L.str.16                                0x0800b4fb   Data           7  main.o(.rodata.str1.1)
    .L.str.17                                0x0800b502   Data          44  main.o(.rodata.str1.1)
    .L.str.3                                 0x0800b52e   Data          33  main.o(.rodata.str1.1)
    .L.str.9                                 0x0800b54f   Data          33  main.o(.rodata.str1.1)
    .L.str.18                                0x0800b59e   Data          22  main.o(.rodata.str1.1)
    .L.str.19                                0x0800b5e2   Data          13  main.o(.rodata.str1.1)
    .L.str.20                                0x0800b5ef   Data          44  main.o(.rodata.str1.1)
    .L.str.21                                0x0800b61b   Data          44  main.o(.rodata.str1.1)
    .L_MergedGlobals                         0x20000000   Data          36  main.o(.data..L_MergedGlobals)
    [Anonymous Symbol]                       0x20000000   Section        0  main.o(.data..L_MergedGlobals)
    .L_MergedGlobals                         0x20000024   Data           8  lcd.o(.data..L_MergedGlobals)
    LCD_SetArea._xs                          0x20000024   Data           2  lcd.o(.data..L_MergedGlobals)
    [Anonymous Symbol]                       0x20000024   Section        0  lcd.o(.data..L_MergedGlobals)
    LCD_SetArea._ys                          0x20000026   Data           2  lcd.o(.data..L_MergedGlobals)
    LCD_SetArea._xe                          0x20000028   Data           2  lcd.o(.data..L_MergedGlobals)
    LCD_SetArea._ye                          0x2000002a   Data           2  lcd.o(.data..L_MergedGlobals)
    .L_MergedGlobals                         0x2000002c   Data           8  stm32f4xx_hal.o(.data..L_MergedGlobals)
    [Anonymous Symbol]                       0x2000002c   Section        0  stm32f4xx_hal.o(.data..L_MergedGlobals)
    Key_Read.num                             0x20000034   Data           1  gpio.o(.data.Key_Read.num)
    [Anonymous Symbol]                       0x20000034   Section        0  gpio.o(.data.Key_Read.num)
    .L_MergedGlobals.46                      0x20000978   Data           6  main.o(.bss..L_MergedGlobals.46)
    [Anonymous Symbol]                       0x20000978   Section        0  main.o(.bss..L_MergedGlobals.46)
    Key_Process.tmp_work_state               0x20000979   Data           1  main.o(.bss..L_MergedGlobals.46)
    Key_Process.tmp_adc_auto                 0x2000097a   Data           1  main.o(.bss..L_MergedGlobals.46)
    FSMC_Initialized                         0x20000980   Data           1  fsmc.o(.bss.FSMC_Initialized)
    [Anonymous Symbol]                       0x20000980   Section        0  fsmc.o(.bss.FSMC_Initialized)
    HAL_ADC_ConvCpltCallback.tmp_adc_conv_cplt 0x20000981   Data           1  main.o(.bss.HAL_ADC_ConvCpltCallback.tmp_adc_conv_cplt)
    [Anonymous Symbol]                       0x20000981   Section        0  main.o(.bss.HAL_ADC_ConvCpltCallback.tmp_adc_conv_cplt)
    Key_Read.cnt                             0x20000982   Data           2  gpio.o(.bss.Key_Read.cnt)
    [Anonymous Symbol]                       0x20000982   Section        0  gpio.o(.bss.Key_Read.cnt)
    STACK                                    0x20000f18   Section     1024  startup_stm32f407xx.o(STACK)

    Global Symbols

    Symbol Name                              Value     Ov Type        Size  Object(Section)

    BuildAttributes$$THM_ISAv4$E$P$D$K$B$S$7EM$VFPi3$EXTD16$VFPS$VFMA$PE$A:L22UL41UL21$X:L11$S22US41US21$IEEE1$IW$~IW$USESV6$~STKCKD$USESV7$~SHL$OTIME$ROPI$EBA8$MICROLIB$REQ8$PRES8$EABIv2 0x00000000   Number         0  anon$$obj.o ABSOLUTE
    __cpp_initialize__aeabi_                  - Undefined Weak Reference
    __cxa_finalize                            - Undefined Weak Reference
    _clock_init                               - Undefined Weak Reference
    _microlib_exit                            - Undefined Weak Reference
    __Vectors_Size                           0x00000188   Number         0  startup_stm32f407xx.o ABSOLUTE
    __Vectors                                0x08000000   Data           4  startup_stm32f407xx.o(RESET)
    __Vectors_End                            0x08000188   Data           0  startup_stm32f407xx.o(RESET)
    __main                                   0x08000189   Thumb Code     0  entry.o(.ARM.Collect$$$$00000000)
    _main_stk                                0x08000189   Thumb Code     0  entry2.o(.ARM.Collect$$$$00000001)
    _main_scatterload                        0x0800018d   Thumb Code     0  entry5.o(.ARM.Collect$$$$00000004)
    __main_after_scatterload                 0x08000191   Thumb Code     0  entry5.o(.ARM.Collect$$$$00000004)
    _main_clock                              0x08000191   Thumb Code     0  entry7b.o(.ARM.Collect$$$$00000008)
    _main_cpp_init                           0x08000191   Thumb Code     0  entry8b.o(.ARM.Collect$$$$0000000A)
    _main_init                               0x08000191   Thumb Code     0  entry9a.o(.ARM.Collect$$$$0000000B)
    __rt_final_cpp                           0x08000199   Thumb Code     0  entry10a.o(.ARM.Collect$$$$0000000D)
    __rt_final_exit                          0x08000199   Thumb Code     0  entry11a.o(.ARM.Collect$$$$0000000F)
    Reset_Handler                            0x0800019d   Thumb Code     8  startup_stm32f407xx.o(.text)
    ADC_IRQHandler                           0x080001b7   Thumb Code     0  startup_stm32f407xx.o(.text)
    CAN1_RX0_IRQHandler                      0x080001b7   Thumb Code     0  startup_stm32f407xx.o(.text)
    CAN1_RX1_IRQHandler                      0x080001b7   Thumb Code     0  startup_stm32f407xx.o(.text)
    CAN1_SCE_IRQHandler                      0x080001b7   Thumb Code     0  startup_stm32f407xx.o(.text)
    CAN1_TX_IRQHandler                       0x080001b7   Thumb Code     0  startup_stm32f407xx.o(.text)
    CAN2_RX0_IRQHandler                      0x080001b7   Thumb Code     0  startup_stm32f407xx.o(.text)
    CAN2_RX1_IRQHandler                      0x080001b7   Thumb Code     0  startup_stm32f407xx.o(.text)
    CAN2_SCE_IRQHandler                      0x080001b7   Thumb Code     0  startup_stm32f407xx.o(.text)
    CAN2_TX_IRQHandler                       0x080001b7   Thumb Code     0  startup_stm32f407xx.o(.text)
    DCMI_IRQHandler                          0x080001b7   Thumb Code     0  startup_stm32f407xx.o(.text)
    DMA1_Stream0_IRQHandler                  0x080001b7   Thumb Code     0  startup_stm32f407xx.o(.text)
    DMA1_Stream2_IRQHandler                  0x080001b7   Thumb Code     0  startup_stm32f407xx.o(.text)
    DMA1_Stream4_IRQHandler                  0x080001b7   Thumb Code     0  startup_stm32f407xx.o(.text)
    DMA1_Stream6_IRQHandler                  0x080001b7   Thumb Code     0  startup_stm32f407xx.o(.text)
    DMA1_Stream7_IRQHandler                  0x080001b7   Thumb Code     0  startup_stm32f407xx.o(.text)
    DMA2_Stream1_IRQHandler                  0x080001b7   Thumb Code     0  startup_stm32f407xx.o(.text)
    DMA2_Stream3_IRQHandler                  0x080001b7   Thumb Code     0  startup_stm32f407xx.o(.text)
    DMA2_Stream4_IRQHandler                  0x080001b7   Thumb Code     0  startup_stm32f407xx.o(.text)
    DMA2_Stream6_IRQHandler                  0x080001b7   Thumb Code     0  startup_stm32f407xx.o(.text)
    ETH_IRQHandler                           0x080001b7   Thumb Code     0  startup_stm32f407xx.o(.text)
    ETH_WKUP_IRQHandler                      0x080001b7   Thumb Code     0  startup_stm32f407xx.o(.text)
    EXTI0_IRQHandler                         0x080001b7   Thumb Code     0  startup_stm32f407xx.o(.text)
    EXTI15_10_IRQHandler                     0x080001b7   Thumb Code     0  startup_stm32f407xx.o(.text)
    EXTI1_IRQHandler                         0x080001b7   Thumb Code     0  startup_stm32f407xx.o(.text)
    EXTI2_IRQHandler                         0x080001b7   Thumb Code     0  startup_stm32f407xx.o(.text)
    EXTI3_IRQHandler                         0x080001b7   Thumb Code     0  startup_stm32f407xx.o(.text)
    EXTI4_IRQHandler                         0x080001b7   Thumb Code     0  startup_stm32f407xx.o(.text)
    EXTI9_5_IRQHandler                       0x080001b7   Thumb Code     0  startup_stm32f407xx.o(.text)
    FLASH_IRQHandler                         0x080001b7   Thumb Code     0  startup_stm32f407xx.o(.text)
    FMC_IRQHandler                           0x080001b7   Thumb Code     0  startup_stm32f407xx.o(.text)
    FPU_IRQHandler                           0x080001b7   Thumb Code     0  startup_stm32f407xx.o(.text)
    HASH_RNG_IRQHandler                      0x080001b7   Thumb Code     0  startup_stm32f407xx.o(.text)
    I2C1_ER_IRQHandler                       0x080001b7   Thumb Code     0  startup_stm32f407xx.o(.text)
    I2C1_EV_IRQHandler                       0x080001b7   Thumb Code     0  startup_stm32f407xx.o(.text)
    I2C2_ER_IRQHandler                       0x080001b7   Thumb Code     0  startup_stm32f407xx.o(.text)
    I2C2_EV_IRQHandler                       0x080001b7   Thumb Code     0  startup_stm32f407xx.o(.text)
    I2C3_ER_IRQHandler                       0x080001b7   Thumb Code     0  startup_stm32f407xx.o(.text)
    I2C3_EV_IRQHandler                       0x080001b7   Thumb Code     0  startup_stm32f407xx.o(.text)
    OTG_FS_IRQHandler                        0x080001b7   Thumb Code     0  startup_stm32f407xx.o(.text)
    OTG_FS_WKUP_IRQHandler                   0x080001b7   Thumb Code     0  startup_stm32f407xx.o(.text)
    OTG_HS_EP1_IN_IRQHandler                 0x080001b7   Thumb Code     0  startup_stm32f407xx.o(.text)
    OTG_HS_EP1_OUT_IRQHandler                0x080001b7   Thumb Code     0  startup_stm32f407xx.o(.text)
    OTG_HS_IRQHandler                        0x080001b7   Thumb Code     0  startup_stm32f407xx.o(.text)
    OTG_HS_WKUP_IRQHandler                   0x080001b7   Thumb Code     0  startup_stm32f407xx.o(.text)
    PVD_IRQHandler                           0x080001b7   Thumb Code     0  startup_stm32f407xx.o(.text)
    RCC_IRQHandler                           0x080001b7   Thumb Code     0  startup_stm32f407xx.o(.text)
    RTC_Alarm_IRQHandler                     0x080001b7   Thumb Code     0  startup_stm32f407xx.o(.text)
    RTC_WKUP_IRQHandler                      0x080001b7   Thumb Code     0  startup_stm32f407xx.o(.text)
    SDIO_IRQHandler                          0x080001b7   Thumb Code     0  startup_stm32f407xx.o(.text)
    SPI1_IRQHandler                          0x080001b7   Thumb Code     0  startup_stm32f407xx.o(.text)
    SPI2_IRQHandler                          0x080001b7   Thumb Code     0  startup_stm32f407xx.o(.text)
    SPI3_IRQHandler                          0x080001b7   Thumb Code     0  startup_stm32f407xx.o(.text)
    TAMP_STAMP_IRQHandler                    0x080001b7   Thumb Code     0  startup_stm32f407xx.o(.text)
    TIM1_BRK_TIM9_IRQHandler                 0x080001b7   Thumb Code     0  startup_stm32f407xx.o(.text)
    TIM1_CC_IRQHandler                       0x080001b7   Thumb Code     0  startup_stm32f407xx.o(.text)
    TIM1_UP_TIM10_IRQHandler                 0x080001b7   Thumb Code     0  startup_stm32f407xx.o(.text)
    TIM2_IRQHandler                          0x080001b7   Thumb Code     0  startup_stm32f407xx.o(.text)
    TIM3_IRQHandler                          0x080001b7   Thumb Code     0  startup_stm32f407xx.o(.text)
    TIM4_IRQHandler                          0x080001b7   Thumb Code     0  startup_stm32f407xx.o(.text)
    TIM5_IRQHandler                          0x080001b7   Thumb Code     0  startup_stm32f407xx.o(.text)
    TIM6_DAC_IRQHandler                      0x080001b7   Thumb Code     0  startup_stm32f407xx.o(.text)
    TIM7_IRQHandler                          0x080001b7   Thumb Code     0  startup_stm32f407xx.o(.text)
    TIM8_BRK_TIM12_IRQHandler                0x080001b7   Thumb Code     0  startup_stm32f407xx.o(.text)
    TIM8_CC_IRQHandler                       0x080001b7   Thumb Code     0  startup_stm32f407xx.o(.text)
    TIM8_TRG_COM_TIM14_IRQHandler            0x080001b7   Thumb Code     0  startup_stm32f407xx.o(.text)
    TIM8_UP_TIM13_IRQHandler                 0x080001b7   Thumb Code     0  startup_stm32f407xx.o(.text)
    UART4_IRQHandler                         0x080001b7   Thumb Code     0  startup_stm32f407xx.o(.text)
    UART5_IRQHandler                         0x080001b7   Thumb Code     0  startup_stm32f407xx.o(.text)
    USART2_IRQHandler                        0x080001b7   Thumb Code     0  startup_stm32f407xx.o(.text)
    USART6_IRQHandler                        0x080001b7   Thumb Code     0  startup_stm32f407xx.o(.text)
    WWDG_IRQHandler                          0x080001b7   Thumb Code     0  startup_stm32f407xx.o(.text)
    __aeabi_uldivmod                         0x080001c1   Thumb Code    98  uldiv.o(.text)
    __aeabi_memcpy                           0x08000223   Thumb Code    36  memcpya.o(.text)
    __aeabi_memcpy4                          0x08000223   Thumb Code     0  memcpya.o(.text)
    __aeabi_memcpy8                          0x08000223   Thumb Code     0  memcpya.o(.text)
    __aeabi_memset                           0x08000247   Thumb Code    14  memseta.o(.text)
    __aeabi_memset4                          0x08000247   Thumb Code     0  memseta.o(.text)
    __aeabi_memset8                          0x08000247   Thumb Code     0  memseta.o(.text)
    __aeabi_memclr                           0x08000255   Thumb Code     4  memseta.o(.text)
    __aeabi_memclr4                          0x08000255   Thumb Code     0  memseta.o(.text)
    __aeabi_memclr8                          0x08000255   Thumb Code     0  memseta.o(.text)
    _memset$wrapper                          0x08000259   Thumb Code    18  memseta.o(.text)
    __aeabi_f2d                              0x0800026b   Thumb Code    38  f2d.o(.text)
    __aeabi_uidiv                            0x08000291   Thumb Code     0  uidiv.o(.text)
    __aeabi_uidivmod                         0x08000291   Thumb Code    44  uidiv.o(.text)
    __aeabi_llsl                             0x080002bd   Thumb Code    30  llshl.o(.text)
    _ll_shift_l                              0x080002bd   Thumb Code     0  llshl.o(.text)
    __aeabi_llsr                             0x080002db   Thumb Code    32  llushr.o(.text)
    _ll_ushift_r                             0x080002db   Thumb Code     0  llushr.o(.text)
    __I$use$fp                               0x080002fb   Thumb Code     0  iusefp.o(.text)
    __aeabi_dadd                             0x080002fb   Thumb Code   322  dadd.o(.text)
    __aeabi_dsub                             0x0800043d   Thumb Code     6  dadd.o(.text)
    __aeabi_drsub                            0x08000443   Thumb Code     6  dadd.o(.text)
    __aeabi_dmul                             0x08000449   Thumb Code   228  dmul.o(.text)
    __aeabi_ddiv                             0x0800052d   Thumb Code   222  ddiv.o(.text)
    __aeabi_d2ulz                            0x0800060b   Thumb Code    48  dfixul.o(.text)
    __aeabi_cdrcmple                         0x0800063d   Thumb Code    48  cdrcmple.o(.text)
    __scatterload                            0x0800066d   Thumb Code    38  init.o(.text)
    __scatterload_rt2                        0x0800066d   Thumb Code     0  init.o(.text)
    __aeabi_lasr                             0x0800069d   Thumb Code    36  llsshr.o(.text)
    _ll_sshift_r                             0x0800069d   Thumb Code     0  llsshr.o(.text)
    _double_round                            0x080006c1   Thumb Code    30  depilogue.o(.text)
    _double_epilogue                         0x080006df   Thumb Code   156  depilogue.o(.text)
    __decompress                             0x0800077b   Thumb Code     0  __dczerorl.o(.text)
    __decompress0                            0x0800077b   Thumb Code    58  __dczerorl.o(.text)
    ADC_Process                              0x08000841   Thumb Code   700  main.o(.text.ADC_Process)
    BusFault_Handler                         0x08000b65   Thumb Code     2  stm32f4xx_it.o(.text.BusFault_Handler)
    DAC_DMAConvCpltCh1                       0x08000b69   Thumb Code    16  stm32f4xx_hal_dac.o(.text.DAC_DMAConvCpltCh1)
    DAC_DMAConvCpltCh2                       0x08000b79   Thumb Code    16  stm32f4xx_hal_dac_ex.o(.text.DAC_DMAConvCpltCh2)
    DAC_DMAErrorCh1                          0x08000b89   Thumb Code    24  stm32f4xx_hal_dac.o(.text.DAC_DMAErrorCh1)
    DAC_DMAErrorCh2                          0x08000ba1   Thumb Code    24  stm32f4xx_hal_dac_ex.o(.text.DAC_DMAErrorCh2)
    DAC_DMAHalfConvCpltCh1                   0x08000bb9   Thumb Code     6  stm32f4xx_hal_dac.o(.text.DAC_DMAHalfConvCpltCh1)
    DAC_DMAHalfConvCpltCh2                   0x08000bc1   Thumb Code     6  stm32f4xx_hal_dac_ex.o(.text.DAC_DMAHalfConvCpltCh2)
    DMA1_Stream1_IRQHandler                  0x08000bc9   Thumb Code    12  stm32f4xx_it.o(.text.DMA1_Stream1_IRQHandler)
    DMA1_Stream3_IRQHandler                  0x08000bd5   Thumb Code    12  stm32f4xx_it.o(.text.DMA1_Stream3_IRQHandler)
    DMA1_Stream5_IRQHandler                  0x08000be1   Thumb Code    12  stm32f4xx_it.o(.text.DMA1_Stream5_IRQHandler)
    DMA2_Stream0_IRQHandler                  0x08000bed   Thumb Code    12  stm32f4xx_it.o(.text.DMA2_Stream0_IRQHandler)
    DMA2_Stream2_IRQHandler                  0x08000bf9   Thumb Code    12  stm32f4xx_it.o(.text.DMA2_Stream2_IRQHandler)
    DMA2_Stream5_IRQHandler                  0x08000c05   Thumb Code    12  stm32f4xx_it.o(.text.DMA2_Stream5_IRQHandler)
    DMA2_Stream7_IRQHandler                  0x08000c11   Thumb Code    12  stm32f4xx_it.o(.text.DMA2_Stream7_IRQHandler)
    DebugMon_Handler                         0x08000c1d   Thumb Code     2  stm32f4xx_it.o(.text.DebugMon_Handler)
    Error_Handler                            0x08000c21   Thumb Code     6  main.o(.text.Error_Handler)
    FSMC_NORSRAM_Extended_Timing_Init        0x08000c29   Thumb Code    80  stm32f4xx_ll_fsmc.o(.text.FSMC_NORSRAM_Extended_Timing_Init)
    FSMC_NORSRAM_Init                        0x08000c79   Thumb Code   136  stm32f4xx_ll_fsmc.o(.text.FSMC_NORSRAM_Init)
    FSMC_NORSRAM_Timing_Init                 0x08000d01   Thumb Code    68  stm32f4xx_ll_fsmc.o(.text.FSMC_NORSRAM_Timing_Init)
    HAL_ADC_ConfigChannel                    0x08000d45   Thumb Code   324  stm32f4xx_hal_adc.o(.text.HAL_ADC_ConfigChannel)
    HAL_ADC_ConvCpltCallback                 0x08000e89   Thumb Code    44  main.o(.text.HAL_ADC_ConvCpltCallback)
    HAL_ADC_ConvHalfCpltCallback             0x08000eb5   Thumb Code     2  stm32f4xx_hal_adc.o(.text.HAL_ADC_ConvHalfCpltCallback)
    HAL_ADC_ErrorCallback                    0x08000eb9   Thumb Code     2  stm32f4xx_hal_adc.o(.text.HAL_ADC_ErrorCallback)
    HAL_ADC_Init                             0x08000ebd   Thumb Code   348  stm32f4xx_hal_adc.o(.text.HAL_ADC_Init)
    HAL_ADC_MspInit                          0x08001019   Thumb Code   304  adc.o(.text.HAL_ADC_MspInit)
    HAL_ADC_Start_DMA                        0x08001149   Thumb Code   422  stm32f4xx_hal_adc.o(.text.HAL_ADC_Start_DMA)
    HAL_ADC_Stop_DMA                         0x080012f1   Thumb Code   126  stm32f4xx_hal_adc.o(.text.HAL_ADC_Stop_DMA)
    HAL_DACEx_ConvCpltCallbackCh2            0x08001371   Thumb Code     2  stm32f4xx_hal_dac_ex.o(.text.HAL_DACEx_ConvCpltCallbackCh2)
    HAL_DACEx_ConvHalfCpltCallbackCh2        0x08001375   Thumb Code     2  stm32f4xx_hal_dac_ex.o(.text.HAL_DACEx_ConvHalfCpltCallbackCh2)
    HAL_DACEx_ErrorCallbackCh2               0x08001379   Thumb Code     2  stm32f4xx_hal_dac_ex.o(.text.HAL_DACEx_ErrorCallbackCh2)
    HAL_DAC_ConfigChannel                    0x0800137d   Thumb Code    96  stm32f4xx_hal_dac.o(.text.HAL_DAC_ConfigChannel)
    HAL_DAC_ConvCpltCallbackCh1              0x080013dd   Thumb Code     2  stm32f4xx_hal_dac.o(.text.HAL_DAC_ConvCpltCallbackCh1)
    HAL_DAC_ConvHalfCpltCallbackCh1          0x080013e1   Thumb Code     2  stm32f4xx_hal_dac.o(.text.HAL_DAC_ConvHalfCpltCallbackCh1)
    HAL_DAC_ErrorCallbackCh1                 0x080013e5   Thumb Code     2  stm32f4xx_hal_dac.o(.text.HAL_DAC_ErrorCallbackCh1)
    HAL_DAC_Init                             0x080013e9   Thumb Code    46  stm32f4xx_hal_dac.o(.text.HAL_DAC_Init)
    HAL_DAC_MspInit                          0x08001419   Thumb Code   182  dac.o(.text.HAL_DAC_MspInit)
    HAL_DAC_Start_DMA                        0x080014d1   Thumb Code   240  stm32f4xx_hal_dac.o(.text.HAL_DAC_Start_DMA)
    HAL_DAC_Stop_DMA                         0x080015c1   Thumb Code    90  stm32f4xx_hal_dac.o(.text.HAL_DAC_Stop_DMA)
    HAL_DMA_Abort                            0x0800161d   Thumb Code   142  stm32f4xx_hal_dma.o(.text.HAL_DMA_Abort)
    HAL_DMA_Abort_IT                         0x080016ad   Thumb Code    36  stm32f4xx_hal_dma.o(.text.HAL_DMA_Abort_IT)
    HAL_DMA_IRQHandler                       0x080016d1   Thumb Code   452  stm32f4xx_hal_dma.o(.text.HAL_DMA_IRQHandler)
    HAL_DMA_Init                             0x08001895   Thumb Code   354  stm32f4xx_hal_dma.o(.text.HAL_DMA_Init)
    HAL_DMA_Start_IT                         0x080019f9   Thumb Code   162  stm32f4xx_hal_dma.o(.text.HAL_DMA_Start_IT)
    HAL_Delay                                0x08001a9d   Thumb Code    40  stm32f4xx_hal.o(.text.HAL_Delay)
    HAL_GPIO_Init                            0x08001ac5   Thumb Code   414  stm32f4xx_hal_gpio.o(.text.HAL_GPIO_Init)
    HAL_GPIO_ReadPin                         0x08001c65   Thumb Code    10  stm32f4xx_hal_gpio.o(.text.HAL_GPIO_ReadPin)
    HAL_GPIO_TogglePin                       0x08001c71   Thumb Code    16  stm32f4xx_hal_gpio.o(.text.HAL_GPIO_TogglePin)
    HAL_GPIO_WritePin                        0x08001c81   Thumb Code    10  stm32f4xx_hal_gpio.o(.text.HAL_GPIO_WritePin)
    HAL_GetTick                              0x08001c8d   Thumb Code    12  stm32f4xx_hal.o(.text.HAL_GetTick)
    HAL_IncTick                              0x08001c99   Thumb Code    26  stm32f4xx_hal.o(.text.HAL_IncTick)
    HAL_Init                                 0x08001cb5   Thumb Code    54  stm32f4xx_hal.o(.text.HAL_Init)
    HAL_InitTick                             0x08001ced   Thumb Code    72  stm32f4xx_hal.o(.text.HAL_InitTick)
    HAL_MspInit                              0x08001d35   Thumb Code    56  stm32f4xx_hal_msp.o(.text.HAL_MspInit)
    HAL_NVIC_EnableIRQ                       0x08001d6d   Thumb Code    34  stm32f4xx_hal_cortex.o(.text.HAL_NVIC_EnableIRQ)
    HAL_NVIC_SetPriority                     0x08001d91   Thumb Code    86  stm32f4xx_hal_cortex.o(.text.HAL_NVIC_SetPriority)
    HAL_NVIC_SetPriorityGrouping             0x08001de9   Thumb Code    32  stm32f4xx_hal_cortex.o(.text.HAL_NVIC_SetPriorityGrouping)
    HAL_RCC_ClockConfig                      0x08001e09   Thumb Code   356  stm32f4xx_hal_rcc.o(.text.HAL_RCC_ClockConfig)
    HAL_RCC_GetPCLK1Freq                     0x08001f6d   Thumb Code    38  stm32f4xx_hal_rcc.o(.text.HAL_RCC_GetPCLK1Freq)
    HAL_RCC_GetPCLK2Freq                     0x08001f95   Thumb Code    38  stm32f4xx_hal_rcc.o(.text.HAL_RCC_GetPCLK2Freq)
    HAL_RCC_GetSysClockFreq                  0x08001fbd   Thumb Code   108  stm32f4xx_hal_rcc.o(.text.HAL_RCC_GetSysClockFreq)
    HAL_RCC_OscConfig                        0x08002029   Thumb Code   940  stm32f4xx_hal_rcc.o(.text.HAL_RCC_OscConfig)
    HAL_SRAM_Init                            0x080023d5   Thumb Code    92  stm32f4xx_hal_sram.o(.text.HAL_SRAM_Init)
    HAL_SRAM_MspInit                         0x08002431   Thumb Code   184  fsmc.o(.text.HAL_SRAM_MspInit)
    HAL_SYSTICK_Config                       0x080024e9   Thumb Code    44  stm32f4xx_hal_cortex.o(.text.HAL_SYSTICK_Config)
    HAL_TIMEx_BreakCallback                  0x08002515   Thumb Code     2  stm32f4xx_hal_tim_ex.o(.text.HAL_TIMEx_BreakCallback)
    HAL_TIMEx_CommutCallback                 0x08002519   Thumb Code     2  stm32f4xx_hal_tim_ex.o(.text.HAL_TIMEx_CommutCallback)
    HAL_TIMEx_MasterConfigSynchronization    0x0800251d   Thumb Code   186  stm32f4xx_hal_tim_ex.o(.text.HAL_TIMEx_MasterConfigSynchronization)
    HAL_TIM_Base_Init                        0x080025d9   Thumb Code    90  stm32f4xx_hal_tim.o(.text.HAL_TIM_Base_Init)
    HAL_TIM_Base_MspInit                     0x08002635   Thumb Code   338  tim.o(.text.HAL_TIM_Base_MspInit)
    HAL_TIM_Base_Start                       0x08002789   Thumb Code   162  stm32f4xx_hal_tim.o(.text.HAL_TIM_Base_Start)
    HAL_TIM_Base_Start_IT                    0x0800282d   Thumb Code   170  stm32f4xx_hal_tim.o(.text.HAL_TIM_Base_Start_IT)
    HAL_TIM_Base_Stop                        0x080028d9   Thumb Code    52  stm32f4xx_hal_tim.o(.text.HAL_TIM_Base_Stop)
    HAL_TIM_ConfigClockSource                0x0800290d   Thumb Code   416  stm32f4xx_hal_tim.o(.text.HAL_TIM_ConfigClockSource)
    HAL_TIM_IC_CaptureCallback               0x08002aad   Thumb Code     2  stm32f4xx_hal_tim.o(.text.HAL_TIM_IC_CaptureCallback)
    HAL_TIM_IC_ConfigChannel                 0x08002ab1   Thumb Code   454  stm32f4xx_hal_tim.o(.text.HAL_TIM_IC_ConfigChannel)
    HAL_TIM_IC_Init                          0x08002c79   Thumb Code    90  stm32f4xx_hal_tim.o(.text.HAL_TIM_IC_Init)
    HAL_TIM_IC_MspInit                       0x08002cd5   Thumb Code     2  stm32f4xx_hal_tim.o(.text.HAL_TIM_IC_MspInit)
    HAL_TIM_IC_Start                         0x08002cd9   Thumb Code   294  stm32f4xx_hal_tim.o(.text.HAL_TIM_IC_Start)
    HAL_TIM_IC_Stop                          0x08002e01   Thumb Code   126  stm32f4xx_hal_tim.o(.text.HAL_TIM_IC_Stop)
    HAL_TIM_IRQHandler                       0x08002e81   Thumb Code   334  stm32f4xx_hal_tim.o(.text.HAL_TIM_IRQHandler)
    HAL_TIM_OC_ConfigChannel                 0x08002fd1   Thumb Code   436  stm32f4xx_hal_tim.o(.text.HAL_TIM_OC_ConfigChannel)
    HAL_TIM_OC_DelayElapsedCallback          0x08003185   Thumb Code     2  stm32f4xx_hal_tim.o(.text.HAL_TIM_OC_DelayElapsedCallback)
    HAL_TIM_OC_Init                          0x08003189   Thumb Code    90  stm32f4xx_hal_tim.o(.text.HAL_TIM_OC_Init)
    HAL_TIM_OC_MspInit                       0x080031e5   Thumb Code     2  stm32f4xx_hal_tim.o(.text.HAL_TIM_OC_MspInit)
    HAL_TIM_PWM_ConfigChannel                0x080031e9   Thumb Code   544  stm32f4xx_hal_tim.o(.text.HAL_TIM_PWM_ConfigChannel)
    HAL_TIM_PWM_Init                         0x08003409   Thumb Code    90  stm32f4xx_hal_tim.o(.text.HAL_TIM_PWM_Init)
    HAL_TIM_PWM_MspInit                      0x08003465   Thumb Code     2  stm32f4xx_hal_tim.o(.text.HAL_TIM_PWM_MspInit)
    HAL_TIM_PWM_PulseFinishedCallback        0x08003469   Thumb Code     2  stm32f4xx_hal_tim.o(.text.HAL_TIM_PWM_PulseFinishedCallback)
    HAL_TIM_PWM_Start                        0x0800346d   Thumb Code   270  stm32f4xx_hal_tim.o(.text.HAL_TIM_PWM_Start)
    HAL_TIM_PWM_Stop                         0x0800357d   Thumb Code   170  stm32f4xx_hal_tim.o(.text.HAL_TIM_PWM_Stop)
    HAL_TIM_PeriodElapsedCallback            0x08003629   Thumb Code    28  main.o(.text.HAL_TIM_PeriodElapsedCallback)
    HAL_TIM_SlaveConfigSynchro               0x08003645   Thumb Code    88  stm32f4xx_hal_tim.o(.text.HAL_TIM_SlaveConfigSynchro)
    HAL_TIM_TriggerCallback                  0x0800369d   Thumb Code     2  stm32f4xx_hal_tim.o(.text.HAL_TIM_TriggerCallback)
    HAL_UARTEx_ReceiveToIdle_DMA             0x080036a1   Thumb Code   484  stm32f4xx_hal_uart.o(.text.HAL_UARTEx_ReceiveToIdle_DMA)
    HAL_UARTEx_RxEventCallback               0x08003885   Thumb Code   212  main.o(.text.HAL_UARTEx_RxEventCallback)
    HAL_UART_ErrorCallback                   0x08003985   Thumb Code     2  stm32f4xx_hal_uart.o(.text.HAL_UART_ErrorCallback)
    HAL_UART_IRQHandler                      0x08003989   Thumb Code  1392  stm32f4xx_hal_uart.o(.text.HAL_UART_IRQHandler)
    HAL_UART_Init                            0x08003ef9   Thumb Code    96  stm32f4xx_hal_uart.o(.text.HAL_UART_Init)
    HAL_UART_MspInit                         0x08003f59   Thumb Code   478  usart.o(.text.HAL_UART_MspInit)
    HAL_UART_RxCpltCallback                  0x08004139   Thumb Code     2  stm32f4xx_hal_uart.o(.text.HAL_UART_RxCpltCallback)
    HAL_UART_RxHalfCpltCallback              0x0800413d   Thumb Code     2  stm32f4xx_hal_uart.o(.text.HAL_UART_RxHalfCpltCallback)
    HAL_UART_Transmit_DMA                    0x08004141   Thumb Code   188  stm32f4xx_hal_uart.o(.text.HAL_UART_Transmit_DMA)
    HAL_UART_TxCpltCallback                  0x080041fd   Thumb Code     2  stm32f4xx_hal_uart.o(.text.HAL_UART_TxCpltCallback)
    HAL_UART_TxHalfCpltCallback              0x08004201   Thumb Code     2  stm32f4xx_hal_uart.o(.text.HAL_UART_TxHalfCpltCallback)
    HardFault_Handler                        0x08004205   Thumb Code     2  stm32f4xx_it.o(.text.HardFault_Handler)
    Key_Process                              0x08004209   Thumb Code  1920  main.o(.text.Key_Process)
    Key_Read                                 0x08004a21   Thumb Code   216  gpio.o(.text.Key_Read)
    LCD_ClearAll                             0x08004af9   Thumb Code  1718  lcd.o(.text.LCD_ClearAll)
    LCD_ClearArea                            0x080051b1   Thumb Code   304  lcd.o(.text.LCD_ClearArea)
    LCD_Init                                 0x080052e1   Thumb Code   204  lcd.o(.text.LCD_Init)
    LCD_ShowString                           0x080053c9   Thumb Code   782  lcd.o(.text.LCD_ShowString)
    MX_ADC1_Init                             0x080056d9   Thumb Code   110  adc.o(.text.MX_ADC1_Init)
    MX_ADC2_Init                             0x08005749   Thumb Code   110  adc.o(.text.MX_ADC2_Init)
    MX_DAC_Init                              0x080057b9   Thumb Code    70  dac.o(.text.MX_DAC_Init)
    MX_DMA_Init                              0x08005801   Thumb Code   172  dma.o(.text.MX_DMA_Init)
    MX_FSMC_Init                             0x080058ad   Thumb Code   128  fsmc.o(.text.MX_FSMC_Init)
    MX_GPIO_Init                             0x0800592d   Thumb Code   302  gpio.o(.text.MX_GPIO_Init)
    MX_TIM10_Init                            0x08005a5d   Thumb Code   200  tim.o(.text.MX_TIM10_Init)
    MX_TIM11_Init                            0x08005b25   Thumb Code   118  tim.o(.text.MX_TIM11_Init)
    MX_TIM2_Init                             0x08005b9d   Thumb Code   258  tim.o(.text.MX_TIM2_Init)
    MX_TIM3_Init                             0x08005ca1   Thumb Code   118  tim.o(.text.MX_TIM3_Init)
    MX_TIM6_Init                             0x08005d19   Thumb Code    84  tim.o(.text.MX_TIM6_Init)
    MX_USART1_UART_Init                      0x08005d6d   Thumb Code    60  usart.o(.text.MX_USART1_UART_Init)
    MX_USART3_UART_Init                      0x08005da9   Thumb Code    60  usart.o(.text.MX_USART3_UART_Init)
    MemManage_Handler                        0x08005de5   Thumb Code     2  stm32f4xx_it.o(.text.MemManage_Handler)
    NMI_Handler                              0x08005de9   Thumb Code     2  stm32f4xx_it.o(.text.NMI_Handler)
    PendSV_Handler                           0x08005ded   Thumb Code     2  stm32f4xx_it.o(.text.PendSV_Handler)
    SVC_Handler                              0x08005df1   Thumb Code     2  stm32f4xx_it.o(.text.SVC_Handler)
    SysTick_Handler                          0x08005df5   Thumb Code     4  stm32f4xx_it.o(.text.SysTick_Handler)
    SystemClock_Config                       0x08005df9   Thumb Code   168  main.o(.text.SystemClock_Config)
    SystemInit                               0x08005ea1   Thumb Code    18  system_stm32f4xx.o(.text.SystemInit)
    TIM1_TRG_COM_TIM11_IRQHandler            0x08005eb5   Thumb Code    12  stm32f4xx_it.o(.text.TIM1_TRG_COM_TIM11_IRQHandler)
    TIM_Base_SetConfig                       0x08005ec1   Thumb Code   324  stm32f4xx_hal_tim.o(.text.TIM_Base_SetConfig)
    USART1_IRQHandler                        0x080066a1   Thumb Code    12  stm32f4xx_it.o(.text.USART1_IRQHandler)
    USART3_IRQHandler                        0x080066ad   Thumb Code    12  stm32f4xx_it.o(.text.USART3_IRQHandler)
    UsageFault_Handler                       0x080066b9   Thumb Code     2  stm32f4xx_it.o(.text.UsageFault_Handler)
    main                                     0x080066bd   Thumb Code   284  main.o(.text.main)
    myADC_Start_DMA                          0x080067f5   Thumb Code    38  adc.o(.text.myADC_Start_DMA)
    myADC_Stop_DMA                           0x0800681d   Thumb Code    26  adc.o(.text.myADC_Stop_DMA)
    myDAC_SetFreq                            0x08006839   Thumb Code   106  dac.o(.text.myDAC_SetFreq)
    myDAC_Start_DMA                          0x080068a5   Thumb Code    62  dac.o(.text.myDAC_Start_DMA)
    myDAC_Stop_DMA                           0x080068e5   Thumb Code    22  dac.o(.text.myDAC_Stop_DMA)
    myPWMI_GetPeriod                         0x080068fd   Thumb Code    34  tim.o(.text.myPWMI_GetPeriod)
    myPWMI_GetPulse                          0x08006921   Thumb Code    34  tim.o(.text.myPWMI_GetPulse)
    myPWMI_Start                             0x08006945   Thumb Code    24  tim.o(.text.myPWMI_Start)
    myPWMI_Stop                              0x0800695d   Thumb Code    24  tim.o(.text.myPWMI_Stop)
    myPWM_SetPulse                           0x08006975   Thumb Code    22  tim.o(.text.myPWM_SetPulse)
    myPWM_Start                              0x0800698d   Thumb Code     8  tim.o(.text.myPWM_Start)
    myPWM_Stop                               0x08006995   Thumb Code     8  tim.o(.text.myPWM_Stop)
    myUART_Receive_DMA                       0x0800699d   Thumb Code    30  usart.o(.text.myUART_Receive_DMA)
    myUART_Start_Receive_DMA                 0x080069bd   Thumb Code    14  usart.o(.text.myUART_Start_Receive_DMA)
    myUART_Transmit_DMA                      0x080069cd   Thumb Code   132  usart.o(.text.myUART_Transmit_DMA)
    __0vsnprintf                             0x08006a51   Thumb Code    46  printfa.o(i.__0vsnprintf)
    __1vsnprintf                             0x08006a51   Thumb Code     0  printfa.o(i.__0vsnprintf)
    __2vsnprintf                             0x08006a51   Thumb Code     0  printfa.o(i.__0vsnprintf)
    __c89vsnprintf                           0x08006a51   Thumb Code     0  printfa.o(i.__0vsnprintf)
    vsnprintf                                0x08006a51   Thumb Code     0  printfa.o(i.__0vsnprintf)
    __scatterload_copy                       0x08006a85   Thumb Code    14  handlers.o(i.__scatterload_copy)
    __scatterload_null                       0x08006a93   Thumb Code     2  handlers.o(i.__scatterload_null)
    __scatterload_zeroinit                   0x08006a95   Thumb Code    14  handlers.o(i.__scatterload_zeroinit)
    AHBPrescTable                            0x0800736c   Data          16  system_stm32f4xx.o(.rodata.AHBPrescTable)
    APBPrescTable                            0x0800737c   Data           8  system_stm32f4xx.o(.rodata.APBPrescTable)
    DAC_Data                                 0x08007384   Data         240  dac.o(.rodata.DAC_Data)
    DAC_Data_zipped                          0x08007474   Data          60  dac.o(.rodata.DAC_Data_zipped)
    DAC_arrValue                             0x080074b0   Data          14  dac.o(.rodata.DAC_arrValue)
    PWM_Pulse                                0x080074be   Data           6  tim.o(.rodata.PWM_Pulse)
    font1608                                 0x080074cc   Data        1520  font.o(.rodata.font1608)
    font2412                                 0x08007abc   Data        3420  font.o(.rodata.font2412)
    font3216                                 0x08008818   Data        6080  font.o(.rodata.font3216)
    github80x80                              0x08009fd8   Data         800  font.o(.rodata.github80x80)
    sign320x80                               0x0800a2f8   Data        3200  font.o(.rodata.sign320x80)
    stlogo120x64                             0x0800af78   Data         960  font.o(.rodata.stlogo120x64)
    Region$$Table$$Base                      0x0800b648   Number         0  anon$$obj.o(Region$$Table)
    Region$$Table$$Limit                     0x0800b668   Number         0  anon$$obj.o(Region$$Table)
    myPWMI                                   0x20000000   Data           8  main.o(.data..L_MergedGlobals)
    myPWM                                    0x20000008   Data          12  main.o(.data..L_MergedGlobals)
    myDAC                                    0x20000014   Data          16  main.o(.data..L_MergedGlobals)
    uwTickFreq                               0x2000002c   Data           1  stm32f4xx_hal.o(.data..L_MergedGlobals)
    uwTickPrio                               0x20000030   Data           4  stm32f4xx_hal.o(.data..L_MergedGlobals)
    SystemCoreClock                          0x20000038   Data           4  system_stm32f4xx.o(.data.SystemCoreClock)
    UART_Debug                               0x2000003c   Data         772  main.o(.data.UART_Debug)
    UART_Slave                               0x20000340   Data         772  main.o(.data.UART_Slave)
    myADC                                    0x20000644   Data         816  main.o(.data.myADC)
    workState                                0x20000978   Data           1  main.o(.bss..L_MergedGlobals.46)
    workCnt                                  0x2000097c   Data           2  main.o(.bss..L_MergedGlobals.46)
    LCD_Dir                                  0x20000984   Data           1  lcd.o(.bss.LCD_Dir)
    hadc1                                    0x20000988   Data          72  adc.o(.bss.hadc1)
    hadc2                                    0x200009d0   Data          72  adc.o(.bss.hadc2)
    hdac                                     0x20000a18   Data          20  dac.o(.bss.hdac)
    hdma_adc1                                0x20000a2c   Data          96  adc.o(.bss.hdma_adc1)
    hdma_adc2                                0x20000a8c   Data          96  adc.o(.bss.hdma_adc2)
    hdma_dac1                                0x20000aec   Data          96  dac.o(.bss.hdma_dac1)
    hdma_usart1_rx                           0x20000b4c   Data          96  usart.o(.bss.hdma_usart1_rx)
    hdma_usart1_tx                           0x20000bac   Data          96  usart.o(.bss.hdma_usart1_tx)
    hdma_usart3_rx                           0x20000c0c   Data          96  usart.o(.bss.hdma_usart3_rx)
    hdma_usart3_tx                           0x20000c6c   Data          96  usart.o(.bss.hdma_usart3_tx)
    hsram1                                   0x20000ccc   Data          80  fsmc.o(.bss.hsram1)
    htim10                                   0x20000d1c   Data          72  tim.o(.bss.htim10)
    htim11                                   0x20000d64   Data          72  tim.o(.bss.htim11)
    htim2                                    0x20000dac   Data          72  tim.o(.bss.htim2)
    htim3                                    0x20000df4   Data          72  tim.o(.bss.htim3)
    htim6                                    0x20000e3c   Data          72  tim.o(.bss.htim6)
    huart1                                   0x20000e84   Data          72  usart.o(.bss.huart1)
    huart3                                   0x20000ecc   Data          72  usart.o(.bss.huart3)
    uwTick                                   0x20000f14   Data           4  stm32f4xx_hal.o(.bss.uwTick)
    __initial_sp                             0x20001318   Data           0  startup_stm32f407xx.o(STACK)



==============================================================================

Memory Map of the image

  Image Entry point : 0x08000189

  Load Region LR_IROM1 (Base: 0x08000000, Size: 0x0000bfe0, Max: 0x00100000, ABSOLUTE, COMPRESSED[0x0000b6c0])

    Execution Region ER_IROM1 (Exec base: 0x08000000, Load base: 0x08000000, Size: 0x0000b668, Max: 0x00100000, ABSOLUTE)

    Exec Addr    Load Addr    Size         Type   Attr      Idx    E Section Name        Object

    0x08000000   0x08000000   0x00000188   Data   RO            3    RESET               startup_stm32f407xx.o
    0x08000188   0x08000188   0x00000000   Code   RO         1402  * .ARM.Collect$$$$00000000  mc_w.l(entry.o)
    0x08000188   0x08000188   0x00000004   Code   RO         1443    .ARM.Collect$$$$00000001  mc_w.l(entry2.o)
    0x0800018c   0x0800018c   0x00000004   Code   RO         1446    .ARM.Collect$$$$00000004  mc_w.l(entry5.o)
    0x08000190   0x08000190   0x00000000   Code   RO         1448    .ARM.Collect$$$$00000008  mc_w.l(entry7b.o)
    0x08000190   0x08000190   0x00000000   Code   RO         1450    .ARM.Collect$$$$0000000A  mc_w.l(entry8b.o)
    0x08000190   0x08000190   0x00000008   Code   RO         1451    .ARM.Collect$$$$0000000B  mc_w.l(entry9a.o)
    0x08000198   0x08000198   0x00000000   Code   RO         1453    .ARM.Collect$$$$0000000D  mc_w.l(entry10a.o)
    0x08000198   0x08000198   0x00000000   Code   RO         1455    .ARM.Collect$$$$0000000F  mc_w.l(entry11a.o)
    0x08000198   0x08000198   0x00000004   Code   RO         1444    .ARM.Collect$$$$00002712  mc_w.l(entry2.o)
    0x0800019c   0x0800019c   0x00000024   Code   RO            4    .text               startup_stm32f407xx.o
    0x080001c0   0x080001c0   0x00000062   Code   RO         1405    .text               mc_w.l(uldiv.o)
    0x08000222   0x08000222   0x00000024   Code   RO         1407    .text               mc_w.l(memcpya.o)
    0x08000246   0x08000246   0x00000024   Code   RO         1409    .text               mc_w.l(memseta.o)
    0x0800026a   0x0800026a   0x00000026   Code   RO         1441    .text               mf_w.l(f2d.o)
    0x08000290   0x08000290   0x0000002c   Code   RO         1471    .text               mc_w.l(uidiv.o)
    0x080002bc   0x080002bc   0x0000001e   Code   RO         1473    .text               mc_w.l(llshl.o)
    0x080002da   0x080002da   0x00000020   Code   RO         1475    .text               mc_w.l(llushr.o)
    0x080002fa   0x080002fa   0x00000000   Code   RO         1477    .text               mc_w.l(iusefp.o)
    0x080002fa   0x080002fa   0x0000014e   Code   RO         1478    .text               mf_w.l(dadd.o)
    0x08000448   0x08000448   0x000000e4   Code   RO         1480    .text               mf_w.l(dmul.o)
    0x0800052c   0x0800052c   0x000000de   Code   RO         1482    .text               mf_w.l(ddiv.o)
    0x0800060a   0x0800060a   0x00000030   Code   RO         1484    .text               mf_w.l(dfixul.o)
    0x0800063a   0x0800063a   0x00000002   PAD
    0x0800063c   0x0800063c   0x00000030   Code   RO         1486    .text               mf_w.l(cdrcmple.o)
    0x0800066c   0x0800066c   0x00000030   Code   RO         1488    .text               mc_w.l(init.o)
    0x0800069c   0x0800069c   0x00000024   Code   RO         1491    .text               mc_w.l(llsshr.o)
    0x080006c0   0x080006c0   0x000000ba   Code   RO         1494    .text               mf_w.l(depilogue.o)
    0x0800077a   0x0800077a   0x0000003a   Code   RO         1504    .text               mc_w.l(__dczerorl.o)
    0x080007b4   0x080007b4   0x0000006e   Code   RO          319    .text.ADC_DMAConvCplt  stm32f4xx_hal_adc.o
    0x08000822   0x08000822   0x00000002   PAD
    0x08000824   0x08000824   0x00000012   Code   RO          323    .text.ADC_DMAError  stm32f4xx_hal_adc.o
    0x08000836   0x08000836   0x00000002   PAD
    0x08000838   0x08000838   0x00000006   Code   RO          321    .text.ADC_DMAHalfConvCplt  stm32f4xx_hal_adc.o
    0x0800083e   0x0800083e   0x00000002   PAD
    0x08000840   0x08000840   0x00000324   Code   RO           23    .text.ADC_Process   main.o
    0x08000b64   0x08000b64   0x00000002   Code   RO          209    .text.BusFault_Handler  stm32f4xx_it.o
    0x08000b66   0x08000b66   0x00000002   PAD
    0x08000b68   0x08000b68   0x00000010   Code   RO          785    .text.DAC_DMAConvCpltCh1  stm32f4xx_hal_dac.o
    0x08000b78   0x08000b78   0x00000010   Code   RO          841    .text.DAC_DMAConvCpltCh2  stm32f4xx_hal_dac_ex.o
    0x08000b88   0x08000b88   0x00000018   Code   RO          789    .text.DAC_DMAErrorCh1  stm32f4xx_hal_dac.o
    0x08000ba0   0x08000ba0   0x00000018   Code   RO          845    .text.DAC_DMAErrorCh2  stm32f4xx_hal_dac_ex.o
    0x08000bb8   0x08000bb8   0x00000006   Code   RO          787    .text.DAC_DMAHalfConvCpltCh1  stm32f4xx_hal_dac.o
    0x08000bbe   0x08000bbe   0x00000002   PAD
    0x08000bc0   0x08000bc0   0x00000006   Code   RO          843    .text.DAC_DMAHalfConvCpltCh2  stm32f4xx_hal_dac_ex.o
    0x08000bc6   0x08000bc6   0x00000002   PAD
    0x08000bc8   0x08000bc8   0x0000000c   Code   RO          221    .text.DMA1_Stream1_IRQHandler  stm32f4xx_it.o
    0x08000bd4   0x08000bd4   0x0000000c   Code   RO          223    .text.DMA1_Stream3_IRQHandler  stm32f4xx_it.o
    0x08000be0   0x08000be0   0x0000000c   Code   RO          225    .text.DMA1_Stream5_IRQHandler  stm32f4xx_it.o
    0x08000bec   0x08000bec   0x0000000c   Code   RO          233    .text.DMA2_Stream0_IRQHandler  stm32f4xx_it.o
    0x08000bf8   0x08000bf8   0x0000000c   Code   RO          235    .text.DMA2_Stream2_IRQHandler  stm32f4xx_it.o
    0x08000c04   0x08000c04   0x0000000c   Code   RO          237    .text.DMA2_Stream5_IRQHandler  stm32f4xx_it.o
    0x08000c10   0x08000c10   0x0000000c   Code   RO          239    .text.DMA2_Stream7_IRQHandler  stm32f4xx_it.o
    0x08000c1c   0x08000c1c   0x00000002   Code   RO          215    .text.DebugMon_Handler  stm32f4xx_it.o
    0x08000c1e   0x08000c1e   0x00000002   PAD
    0x08000c20   0x08000c20   0x00000006   Code   RO           25    .text.Error_Handler  main.o
    0x08000c26   0x08000c26   0x00000002   PAD
    0x08000c28   0x08000c28   0x00000050   Code   RO          861    .text.FSMC_NORSRAM_Extended_Timing_Init  stm32f4xx_ll_fsmc.o
    0x08000c78   0x08000c78   0x00000088   Code   RO          855    .text.FSMC_NORSRAM_Init  stm32f4xx_ll_fsmc.o
    0x08000d00   0x08000d00   0x00000044   Code   RO          859    .text.FSMC_NORSRAM_Timing_Init  stm32f4xx_ll_fsmc.o
    0x08000d44   0x08000d44   0x00000144   Code   RO          331    .text.HAL_ADC_ConfigChannel  stm32f4xx_hal_adc.o
    0x08000e88   0x08000e88   0x0000002c   Code   RO           17    .text.HAL_ADC_ConvCpltCallback  main.o
    0x08000eb4   0x08000eb4   0x00000002   Code   RO          329    .text.HAL_ADC_ConvHalfCpltCallback  stm32f4xx_hal_adc.o
    0x08000eb6   0x08000eb6   0x00000002   PAD
    0x08000eb8   0x08000eb8   0x00000002   Code   RO          315    .text.HAL_ADC_ErrorCallback  stm32f4xx_hal_adc.o
    0x08000eba   0x08000eba   0x00000002   PAD
    0x08000ebc   0x08000ebc   0x0000015c   Code   RO          289    .text.HAL_ADC_Init  stm32f4xx_hal_adc.o
    0x08001018   0x08001018   0x00000130   Code   RO           60    .text.HAL_ADC_MspInit  adc.o
    0x08001148   0x08001148   0x000001a6   Code   RO          317    .text.HAL_ADC_Start_DMA  stm32f4xx_hal_adc.o
    0x080012ee   0x080012ee   0x00000002   PAD
    0x080012f0   0x080012f0   0x0000007e   Code   RO          325    .text.HAL_ADC_Stop_DMA  stm32f4xx_hal_adc.o
    0x0800136e   0x0800136e   0x00000002   PAD
    0x08001370   0x08001370   0x00000002   Code   RO          831    .text.HAL_DACEx_ConvCpltCallbackCh2  stm32f4xx_hal_dac_ex.o
    0x08001372   0x08001372   0x00000002   PAD
    0x08001374   0x08001374   0x00000002   Code   RO          833    .text.HAL_DACEx_ConvHalfCpltCallbackCh2  stm32f4xx_hal_dac_ex.o
    0x08001376   0x08001376   0x00000002   PAD
    0x08001378   0x08001378   0x00000002   Code   RO          835    .text.HAL_DACEx_ErrorCallbackCh2  stm32f4xx_hal_dac_ex.o
    0x0800137a   0x0800137a   0x00000002   PAD
    0x0800137c   0x0800137c   0x00000060   Code   RO          807    .text.HAL_DAC_ConfigChannel  stm32f4xx_hal_dac.o
    0x080013dc   0x080013dc   0x00000002   Code   RO          799    .text.HAL_DAC_ConvCpltCallbackCh1  stm32f4xx_hal_dac.o
    0x080013de   0x080013de   0x00000002   PAD
    0x080013e0   0x080013e0   0x00000002   Code   RO          801    .text.HAL_DAC_ConvHalfCpltCallbackCh1  stm32f4xx_hal_dac.o
    0x080013e2   0x080013e2   0x00000002   PAD
    0x080013e4   0x080013e4   0x00000002   Code   RO          803    .text.HAL_DAC_ErrorCallbackCh1  stm32f4xx_hal_dac.o
    0x080013e6   0x080013e6   0x00000002   PAD
    0x080013e8   0x080013e8   0x0000002e   Code   RO          771    .text.HAL_DAC_Init  stm32f4xx_hal_dac.o
    0x08001416   0x08001416   0x00000002   PAD
    0x08001418   0x08001418   0x000000b6   Code   RO           82    .text.HAL_DAC_MspInit  dac.o
    0x080014ce   0x080014ce   0x00000002   PAD
    0x080014d0   0x080014d0   0x000000f0   Code   RO          783    .text.HAL_DAC_Start_DMA  stm32f4xx_hal_dac.o
    0x080015c0   0x080015c0   0x0000005a   Code   RO          791    .text.HAL_DAC_Stop_DMA  stm32f4xx_hal_dac.o
    0x0800161a   0x0800161a   0x00000002   PAD
    0x0800161c   0x0800161c   0x0000008e   Code   RO          542    .text.HAL_DMA_Abort  stm32f4xx_hal_dma.o
    0x080016aa   0x080016aa   0x00000002   PAD
    0x080016ac   0x080016ac   0x00000024   Code   RO          544    .text.HAL_DMA_Abort_IT  stm32f4xx_hal_dma.o
    0x080016d0   0x080016d0   0x000001c4   Code   RO          548    .text.HAL_DMA_IRQHandler  stm32f4xx_hal_dma.o
    0x08001894   0x08001894   0x00000162   Code   RO          534    .text.HAL_DMA_Init  stm32f4xx_hal_dma.o
    0x080019f6   0x080019f6   0x00000002   PAD
    0x080019f8   0x080019f8   0x000000a2   Code   RO          540    .text.HAL_DMA_Start_IT  stm32f4xx_hal_dma.o
    0x08001a9a   0x08001a9a   0x00000002   PAD
    0x08001a9c   0x08001a9c   0x00000028   Code   RO          701    .text.HAL_Delay     stm32f4xx_hal.o
    0x08001ac4   0x08001ac4   0x0000019e   Code   RO          496    .text.HAL_GPIO_Init  stm32f4xx_hal_gpio.o
    0x08001c62   0x08001c62   0x00000002   PAD
    0x08001c64   0x08001c64   0x0000000a   Code   RO          500    .text.HAL_GPIO_ReadPin  stm32f4xx_hal_gpio.o
    0x08001c6e   0x08001c6e   0x00000002   PAD
    0x08001c70   0x08001c70   0x00000010   Code   RO          504    .text.HAL_GPIO_TogglePin  stm32f4xx_hal_gpio.o
    0x08001c80   0x08001c80   0x0000000a   Code   RO          502    .text.HAL_GPIO_WritePin  stm32f4xx_hal_gpio.o
    0x08001c8a   0x08001c8a   0x00000002   PAD
    0x08001c8c   0x08001c8c   0x0000000c   Code   RO          693    .text.HAL_GetTick   stm32f4xx_hal.o
    0x08001c98   0x08001c98   0x0000001a   Code   RO          691    .text.HAL_IncTick   stm32f4xx_hal.o
    0x08001cb2   0x08001cb2   0x00000002   PAD
    0x08001cb4   0x08001cb4   0x00000036   Code   RO          681    .text.HAL_Init      stm32f4xx_hal.o
    0x08001cea   0x08001cea   0x00000002   PAD
    0x08001cec   0x08001cec   0x00000048   Code   RO          683    .text.HAL_InitTick  stm32f4xx_hal.o
    0x08001d34   0x08001d34   0x00000038   Code   RO          248    .text.HAL_MspInit   stm32f4xx_hal_msp.o
    0x08001d6c   0x08001d6c   0x00000022   Code   RO          633    .text.HAL_NVIC_EnableIRQ  stm32f4xx_hal_cortex.o
    0x08001d8e   0x08001d8e   0x00000002   PAD
    0x08001d90   0x08001d90   0x00000056   Code   RO          631    .text.HAL_NVIC_SetPriority  stm32f4xx_hal_cortex.o
    0x08001de6   0x08001de6   0x00000002   PAD
    0x08001de8   0x08001de8   0x00000020   Code   RO          629    .text.HAL_NVIC_SetPriorityGrouping  stm32f4xx_hal_cortex.o
    0x08001e08   0x08001e08   0x00000164   Code   RO          390    .text.HAL_RCC_ClockConfig  stm32f4xx_hal_rcc.o
    0x08001f6c   0x08001f6c   0x00000026   Code   RO          402    .text.HAL_RCC_GetPCLK1Freq  stm32f4xx_hal_rcc.o
    0x08001f92   0x08001f92   0x00000002   PAD
    0x08001f94   0x08001f94   0x00000026   Code   RO          404    .text.HAL_RCC_GetPCLK2Freq  stm32f4xx_hal_rcc.o
    0x08001fba   0x08001fba   0x00000002   PAD
    0x08001fbc   0x08001fbc   0x0000006c   Code   RO          392    .text.HAL_RCC_GetSysClockFreq  stm32f4xx_hal_rcc.o
    0x08002028   0x08002028   0x000003ac   Code   RO          388    .text.HAL_RCC_OscConfig  stm32f4xx_hal_rcc.o
    0x080023d4   0x080023d4   0x0000005c   Code   RO          899    .text.HAL_SRAM_Init  stm32f4xx_hal_sram.o
    0x08002430   0x08002430   0x000000b8   Code   RO          116    .text.HAL_SRAM_MspInit  fsmc.o
    0x080024e8   0x080024e8   0x0000002c   Code   RO          641    .text.HAL_SYSTICK_Config  stm32f4xx_hal_cortex.o
    0x08002514   0x08002514   0x00000002   Code   RO         1252    .text.HAL_TIMEx_BreakCallback  stm32f4xx_hal_tim_ex.o
    0x08002516   0x08002516   0x00000002   PAD
    0x08002518   0x08002518   0x00000002   Code   RO         1248    .text.HAL_TIMEx_CommutCallback  stm32f4xx_hal_tim_ex.o
    0x0800251a   0x0800251a   0x00000002   PAD
    0x0800251c   0x0800251c   0x000000ba   Code   RO         1242    .text.HAL_TIMEx_MasterConfigSynchronization  stm32f4xx_hal_tim_ex.o
    0x080025d6   0x080025d6   0x00000002   PAD
    0x080025d8   0x080025d8   0x0000005a   Code   RO          947    .text.HAL_TIM_Base_Init  stm32f4xx_hal_tim.o
    0x08002632   0x08002632   0x00000002   PAD
    0x08002634   0x08002634   0x00000152   Code   RO          143    .text.HAL_TIM_Base_MspInit  tim.o
    0x08002786   0x08002786   0x00000002   PAD
    0x08002788   0x08002788   0x000000a2   Code   RO          957    .text.HAL_TIM_Base_Start  stm32f4xx_hal_tim.o
    0x0800282a   0x0800282a   0x00000002   PAD
    0x0800282c   0x0800282c   0x000000aa   Code   RO          961    .text.HAL_TIM_Base_Start_IT  stm32f4xx_hal_tim.o
    0x080028d6   0x080028d6   0x00000002   PAD
    0x080028d8   0x080028d8   0x00000034   Code   RO          959    .text.HAL_TIM_Base_Stop  stm32f4xx_hal_tim.o
    0x0800290c   0x0800290c   0x000001a0   Code   RO         1127    .text.HAL_TIM_ConfigClockSource  stm32f4xx_hal_tim.o
    0x08002aac   0x08002aac   0x00000002   Code   RO         1083    .text.HAL_TIM_IC_CaptureCallback  stm32f4xx_hal_tim.o
    0x08002aae   0x08002aae   0x00000002   PAD
    0x08002ab0   0x08002ab0   0x000001c6   Code   RO         1097    .text.HAL_TIM_IC_ConfigChannel  stm32f4xx_hal_tim.o
    0x08002c76   0x08002c76   0x00000002   PAD
    0x08002c78   0x08002c78   0x0000005a   Code   RO         1021    .text.HAL_TIM_IC_Init  stm32f4xx_hal_tim.o
    0x08002cd2   0x08002cd2   0x00000002   PAD
    0x08002cd4   0x08002cd4   0x00000002   Code   RO         1023    .text.HAL_TIM_IC_MspInit  stm32f4xx_hal_tim.o
    0x08002cd6   0x08002cd6   0x00000002   PAD
    0x08002cd8   0x08002cd8   0x00000126   Code   RO         1029    .text.HAL_TIM_IC_Start  stm32f4xx_hal_tim.o
    0x08002dfe   0x08002dfe   0x00000002   PAD
    0x08002e00   0x08002e00   0x0000007e   Code   RO         1031    .text.HAL_TIM_IC_Stop  stm32f4xx_hal_tim.o
    0x08002e7e   0x08002e7e   0x00000002   PAD
    0x08002e80   0x08002e80   0x0000014e   Code   RO         1081    .text.HAL_TIM_IRQHandler  stm32f4xx_hal_tim.o
    0x08002fce   0x08002fce   0x00000002   PAD
    0x08002fd0   0x08002fd0   0x000001b4   Code   RO         1093    .text.HAL_TIM_OC_ConfigChannel  stm32f4xx_hal_tim.o
    0x08003184   0x08003184   0x00000002   Code   RO         1085    .text.HAL_TIM_OC_DelayElapsedCallback  stm32f4xx_hal_tim.o
    0x08003186   0x08003186   0x00000002   PAD
    0x08003188   0x08003188   0x0000005a   Code   RO          975    .text.HAL_TIM_OC_Init  stm32f4xx_hal_tim.o
    0x080031e2   0x080031e2   0x00000002   PAD
    0x080031e4   0x080031e4   0x00000002   Code   RO          977    .text.HAL_TIM_OC_MspInit  stm32f4xx_hal_tim.o
    0x080031e6   0x080031e6   0x00000002   PAD
    0x080031e8   0x080031e8   0x00000220   Code   RO         1101    .text.HAL_TIM_PWM_ConfigChannel  stm32f4xx_hal_tim.o
    0x08003408   0x08003408   0x0000005a   Code   RO         1001    .text.HAL_TIM_PWM_Init  stm32f4xx_hal_tim.o
    0x08003462   0x08003462   0x00000002   PAD
    0x08003464   0x08003464   0x00000002   Code   RO         1003    .text.HAL_TIM_PWM_MspInit  stm32f4xx_hal_tim.o
    0x08003466   0x08003466   0x00000002   PAD
    0x08003468   0x08003468   0x00000002   Code   RO         1087    .text.HAL_TIM_PWM_PulseFinishedCallback  stm32f4xx_hal_tim.o
    0x0800346a   0x0800346a   0x00000002   PAD
    0x0800346c   0x0800346c   0x0000010e   Code   RO         1009    .text.HAL_TIM_PWM_Start  stm32f4xx_hal_tim.o
    0x0800357a   0x0800357a   0x00000002   PAD
    0x0800357c   0x0800357c   0x000000aa   Code   RO         1011    .text.HAL_TIM_PWM_Stop  stm32f4xx_hal_tim.o
    0x08003626   0x08003626   0x00000002   PAD
    0x08003628   0x08003628   0x0000001c   Code   RO           13    .text.HAL_TIM_PeriodElapsedCallback  main.o
    0x08003644   0x08003644   0x00000058   Code   RO         1131    .text.HAL_TIM_SlaveConfigSynchro  stm32f4xx_hal_tim.o
    0x0800369c   0x0800369c   0x00000002   Code   RO         1091    .text.HAL_TIM_TriggerCallback  stm32f4xx_hal_tim.o
    0x0800369e   0x0800369e   0x00000002   PAD
    0x080036a0   0x080036a0   0x000001e4   Code   RO         1314    .text.HAL_UARTEx_ReceiveToIdle_DMA  stm32f4xx_hal_uart.o
    0x08003884   0x08003884   0x00000100   Code   RO           11    .text.HAL_UARTEx_RxEventCallback  main.o
    0x08003984   0x08003984   0x00000002   Code   RO         1350    .text.HAL_UART_ErrorCallback  stm32f4xx_hal_uart.o
    0x08003986   0x08003986   0x00000002   PAD
    0x08003988   0x08003988   0x00000570   Code   RO         1344    .text.HAL_UART_IRQHandler  stm32f4xx_hal_uart.o
    0x08003ef8   0x08003ef8   0x00000060   Code   RO         1266    .text.HAL_UART_Init  stm32f4xx_hal_uart.o
    0x08003f58   0x08003f58   0x000001de   Code   RO          179    .text.HAL_UART_MspInit  usart.o
    0x08004136   0x08004136   0x00000002   PAD
    0x08004138   0x08004138   0x00000002   Code   RO         1358    .text.HAL_UART_RxCpltCallback  stm32f4xx_hal_uart.o
    0x0800413a   0x0800413a   0x00000002   PAD
    0x0800413c   0x0800413c   0x00000002   Code   RO         1360    .text.HAL_UART_RxHalfCpltCallback  stm32f4xx_hal_uart.o
    0x0800413e   0x0800413e   0x00000002   PAD
    0x08004140   0x08004140   0x000000bc   Code   RO         1292    .text.HAL_UART_Transmit_DMA  stm32f4xx_hal_uart.o
    0x080041fc   0x080041fc   0x00000002   Code   RO         1354    .text.HAL_UART_TxCpltCallback  stm32f4xx_hal_uart.o
    0x080041fe   0x080041fe   0x00000002   PAD
    0x08004200   0x08004200   0x00000002   Code   RO         1356    .text.HAL_UART_TxHalfCpltCallback  stm32f4xx_hal_uart.o
    0x08004202   0x08004202   0x00000002   PAD
    0x08004204   0x08004204   0x00000002   Code   RO          205    .text.HardFault_Handler  stm32f4xx_it.o
    0x08004206   0x08004206   0x00000002   PAD
    0x08004208   0x08004208   0x00000818   Code   RO           15    .text.Key_Process   main.o
    0x08004a20   0x08004a20   0x000000d8   Code   RO           45    .text.Key_Read      gpio.o
    0x08004af8   0x08004af8   0x000006b6   Code   RO          271    .text.LCD_ClearAll  lcd.o
    0x080051ae   0x080051ae   0x00000002   PAD
    0x080051b0   0x080051b0   0x00000130   Code   RO          275    .text.LCD_ClearArea  lcd.o
    0x080052e0   0x080052e0   0x000000e8   Code   RO          267    .text.LCD_Init      lcd.o
    0x080053c8   0x080053c8   0x0000030e   Code   RO          273    .text.LCD_ShowString  lcd.o
    0x080056d6   0x080056d6   0x00000002   PAD
    0x080056d8   0x080056d8   0x0000006e   Code   RO           56    .text.MX_ADC1_Init  adc.o
    0x08005746   0x08005746   0x00000002   PAD
    0x08005748   0x08005748   0x0000006e   Code   RO           58    .text.MX_ADC2_Init  adc.o
    0x080057b6   0x080057b6   0x00000002   PAD
    0x080057b8   0x080057b8   0x00000046   Code   RO           80    .text.MX_DAC_Init   dac.o
    0x080057fe   0x080057fe   0x00000002   PAD
    0x08005800   0x08005800   0x000000ac   Code   RO          105    .text.MX_DMA_Init   dma.o
    0x080058ac   0x080058ac   0x00000080   Code   RO          114    .text.MX_FSMC_Init  fsmc.o
    0x0800592c   0x0800592c   0x0000012e   Code   RO           43    .text.MX_GPIO_Init  gpio.o
    0x08005a5a   0x08005a5a   0x00000002   PAD
    0x08005a5c   0x08005a5c   0x000000c8   Code   RO          137    .text.MX_TIM10_Init  tim.o
    0x08005b24   0x08005b24   0x00000076   Code   RO          141    .text.MX_TIM11_Init  tim.o
    0x08005b9a   0x08005b9a   0x00000002   PAD
    0x08005b9c   0x08005b9c   0x00000102   Code   RO          131    .text.MX_TIM2_Init  tim.o
    0x08005c9e   0x08005c9e   0x00000002   PAD
    0x08005ca0   0x08005ca0   0x00000076   Code   RO          133    .text.MX_TIM3_Init  tim.o
    0x08005d16   0x08005d16   0x00000002   PAD
    0x08005d18   0x08005d18   0x00000054   Code   RO          135    .text.MX_TIM6_Init  tim.o
    0x08005d6c   0x08005d6c   0x0000003c   Code   RO          175    .text.MX_USART1_UART_Init  usart.o
    0x08005da8   0x08005da8   0x0000003c   Code   RO          177    .text.MX_USART3_UART_Init  usart.o
    0x08005de4   0x08005de4   0x00000002   Code   RO          207    .text.MemManage_Handler  stm32f4xx_it.o
    0x08005de6   0x08005de6   0x00000002   PAD
    0x08005de8   0x08005de8   0x00000002   Code   RO          203    .text.NMI_Handler   stm32f4xx_it.o
    0x08005dea   0x08005dea   0x00000002   PAD
    0x08005dec   0x08005dec   0x00000002   Code   RO          217    .text.PendSV_Handler  stm32f4xx_it.o
    0x08005dee   0x08005dee   0x00000002   PAD
    0x08005df0   0x08005df0   0x00000002   Code   RO          213    .text.SVC_Handler   stm32f4xx_it.o
    0x08005df2   0x08005df2   0x00000002   PAD
    0x08005df4   0x08005df4   0x00000004   Code   RO          219    .text.SysTick_Handler  stm32f4xx_it.o
    0x08005df8   0x08005df8   0x000000a8   Code   RO           21    .text.SystemClock_Config  main.o
    0x08005ea0   0x08005ea0   0x00000012   Code   RO         1388    .text.SystemInit    system_stm32f4xx.o
    0x08005eb2   0x08005eb2   0x00000002   PAD
    0x08005eb4   0x08005eb4   0x0000000c   Code   RO          227    .text.TIM1_TRG_COM_TIM11_IRQHandler  stm32f4xx_it.o
    0x08005ec0   0x08005ec0   0x00000144   Code   RO          951    .text.TIM_Base_SetConfig  stm32f4xx_hal_tim.o
    0x08006004   0x08006004   0x000000fa   Code   RO         1133    .text.TIM_SlaveTimer_SetConfig  stm32f4xx_hal_tim.o
    0x080060fe   0x080060fe   0x00000002   PAD
    0x08006100   0x08006100   0x0000000c   Code   RO         1348    .text.UART_DMAAbortOnError  stm32f4xx_hal_uart.o
    0x0800610c   0x0800610c   0x0000017c   Code   RO         1298    .text.UART_DMAError  stm32f4xx_hal_uart.o
    0x08006288   0x08006288   0x0000015e   Code   RO         1376    .text.UART_DMAReceiveCplt  stm32f4xx_hal_uart.o
    0x080063e6   0x080063e6   0x00000002   PAD
    0x080063e8   0x080063e8   0x00000018   Code   RO         1378    .text.UART_DMARxHalfCplt  stm32f4xx_hal_uart.o
    0x08006400   0x08006400   0x000000b0   Code   RO         1294    .text.UART_DMATransmitCplt  stm32f4xx_hal_uart.o
    0x080064b0   0x080064b0   0x00000006   Code   RO         1296    .text.UART_DMATxHalfCplt  stm32f4xx_hal_uart.o
    0x080064b6   0x080064b6   0x00000002   PAD
    0x080064b8   0x080064b8   0x000000fe   Code   RO         1346    .text.UART_Receive_IT  stm32f4xx_hal_uart.o
    0x080065b6   0x080065b6   0x00000002   PAD
    0x080065b8   0x080065b8   0x000000e6   Code   RO         1270    .text.UART_SetConfig  stm32f4xx_hal_uart.o
    0x0800669e   0x0800669e   0x00000002   PAD
    0x080066a0   0x080066a0   0x0000000c   Code   RO          229    .text.USART1_IRQHandler  stm32f4xx_it.o
    0x080066ac   0x080066ac   0x0000000c   Code   RO          231    .text.USART3_IRQHandler  stm32f4xx_it.o
    0x080066b8   0x080066b8   0x00000002   Code   RO          211    .text.UsageFault_Handler  stm32f4xx_it.o
    0x080066ba   0x080066ba   0x00000002   PAD
    0x080066bc   0x080066bc   0x00000138   Code   RO           19    .text.main          main.o
    0x080067f4   0x080067f4   0x00000026   Code   RO           64    .text.myADC_Start_DMA  adc.o
    0x0800681a   0x0800681a   0x00000002   PAD
    0x0800681c   0x0800681c   0x0000001a   Code   RO           66    .text.myADC_Stop_DMA  adc.o
    0x08006836   0x08006836   0x00000002   PAD
    0x08006838   0x08006838   0x0000006a   Code   RO           90    .text.myDAC_SetFreq  dac.o
    0x080068a2   0x080068a2   0x00000002   PAD
    0x080068a4   0x080068a4   0x0000003e   Code   RO           86    .text.myDAC_Start_DMA  dac.o
    0x080068e2   0x080068e2   0x00000002   PAD
    0x080068e4   0x080068e4   0x00000016   Code   RO           88    .text.myDAC_Stop_DMA  dac.o
    0x080068fa   0x080068fa   0x00000002   PAD
    0x080068fc   0x080068fc   0x00000022   Code   RO          157    .text.myPWMI_GetPeriod  tim.o
    0x0800691e   0x0800691e   0x00000002   PAD
    0x08006920   0x08006920   0x00000022   Code   RO          159    .text.myPWMI_GetPulse  tim.o
    0x08006942   0x08006942   0x00000002   PAD
    0x08006944   0x08006944   0x00000018   Code   RO          153    .text.myPWMI_Start  tim.o
    0x0800695c   0x0800695c   0x00000018   Code   RO          155    .text.myPWMI_Stop   tim.o
    0x08006974   0x08006974   0x00000016   Code   RO          151    .text.myPWM_SetPulse  tim.o
    0x0800698a   0x0800698a   0x00000002   PAD
    0x0800698c   0x0800698c   0x00000008   Code   RO          147    .text.myPWM_Start   tim.o
    0x08006994   0x08006994   0x00000008   Code   RO          149    .text.myPWM_Stop    tim.o
    0x0800699c   0x0800699c   0x0000001e   Code   RO          187    .text.myUART_Receive_DMA  usart.o
    0x080069ba   0x080069ba   0x00000002   PAD
    0x080069bc   0x080069bc   0x0000000e   Code   RO          183    .text.myUART_Start_Receive_DMA  usart.o
    0x080069ca   0x080069ca   0x00000002   PAD
    0x080069cc   0x080069cc   0x00000084   Code   RO          185    .text.myUART_Transmit_DMA  usart.o
    0x08006a50   0x08006a50   0x00000034   Code   RO         1419    i.__0vsnprintf      mc_w.l(printfa.o)
    0x08006a84   0x08006a84   0x0000000e   Code   RO         1498    i.__scatterload_copy  mc_w.l(handlers.o)
    0x08006a92   0x08006a92   0x00000002   Code   RO         1499    i.__scatterload_null  mc_w.l(handlers.o)
    0x08006a94   0x08006a94   0x0000000e   Code   RO         1500    i.__scatterload_zeroinit  mc_w.l(handlers.o)
    0x08006aa2   0x08006aa2   0x00000002   PAD
    0x08006aa4   0x08006aa4   0x00000184   Code   RO         1421    i._fp_digits        mc_w.l(printfa.o)
    0x08006c28   0x08006c28   0x000006dc   Code   RO         1422    i._printf_core      mc_w.l(printfa.o)
    0x08007304   0x08007304   0x00000024   Code   RO         1423    i._printf_post_padding  mc_w.l(printfa.o)
    0x08007328   0x08007328   0x0000002e   Code   RO         1424    i._printf_pre_padding  mc_w.l(printfa.o)
    0x08007356   0x08007356   0x00000016   Code   RO         1425    i._snputc           mc_w.l(printfa.o)
    0x0800736c   0x0800736c   0x00000010   Data   RO         1393    .rodata.AHBPrescTable  system_stm32f4xx.o
    0x0800737c   0x0800737c   0x00000008   Data   RO         1394    .rodata.APBPrescTable  system_stm32f4xx.o
    0x08007384   0x08007384   0x000000f0   Data   RO           92    .rodata.DAC_Data    dac.o
    0x08007474   0x08007474   0x0000003c   Data   RO           93    .rodata.DAC_Data_zipped  dac.o
    0x080074b0   0x080074b0   0x0000000e   Data   RO           94    .rodata.DAC_arrValue  dac.o
    0x080074be   0x080074be   0x00000006   Data   RO          161    .rodata.PWM_Pulse   tim.o
    0x080074c4   0x080074c4   0x00000008   Data   RO          558    .rodata.cst8        stm32f4xx_hal_dma.o
    0x080074cc   0x080074cc   0x000005f0   Data   RO          256    .rodata.font1608    font.o
    0x08007abc   0x08007abc   0x00000d5c   Data   RO          257    .rodata.font2412    font.o
    0x08008818   0x08008818   0x000017c0   Data   RO          258    .rodata.font3216    font.o
    0x08009fd8   0x08009fd8   0x00000320   Data   RO          260    .rodata.github80x80  font.o
    0x0800a2f8   0x0800a2f8   0x00000c80   Data   RO          259    .rodata.sign320x80  font.o
    0x0800af78   0x0800af78   0x000003c0   Data   RO          261    .rodata.stlogo120x64  font.o
    0x0800b338   0x0800b338   0x0000030f   Data   RO           31    .rodata.str1.1      main.o
    0x0800b647   0x0800b647   0x00000001   PAD
    0x0800b648   0x0800b648   0x00000020   Data   RO         1497    Region$$Table       anon$$obj.o


    Execution Region RW_IRAM1 (Exec base: 0x20000000, Load base: 0x0800b668, Size: 0x00001318, Max: 0x0001c000, ABSOLUTE, COMPRESSED[0x00000058])

    Exec Addr    Load Addr    Size         Type   Attr      Idx    E Section Name        Object

    0x20000000   COMPRESSED   0x00000024   Data   RW           33    .data..L_MergedGlobals  main.o
    0x20000024   COMPRESSED   0x00000008   Data   RW          280    .data..L_MergedGlobals  lcd.o
    0x2000002c   COMPRESSED   0x00000008   Data   RW          736    .data..L_MergedGlobals  stm32f4xx_hal.o
    0x20000034   COMPRESSED   0x00000001   Data   RW           48    .data.Key_Read.num  gpio.o
    0x20000035   COMPRESSED   0x00000003   PAD
    0x20000038   COMPRESSED   0x00000004   Data   RW         1392    .data.SystemCoreClock  system_stm32f4xx.o
    0x2000003c   COMPRESSED   0x00000304   Data   RW           27    .data.UART_Debug    main.o
    0x20000340   COMPRESSED   0x00000304   Data   RW           28    .data.UART_Slave    main.o
    0x20000644   COMPRESSED   0x00000330   Data   RW           29    .data.myADC         main.o
    0x20000974   COMPRESSED   0x00000004   PAD
    0x20000978        -       0x00000006   Zero   RW           34    .bss..L_MergedGlobals.46  main.o
    0x2000097e   COMPRESSED   0x00000002   PAD
    0x20000980        -       0x00000001   Zero   RW          121    .bss.FSMC_Initialized  fsmc.o
    0x20000981        -       0x00000001   Zero   RW           30    .bss.HAL_ADC_ConvCpltCallback.tmp_adc_conv_cplt  main.o
    0x20000982        -       0x00000002   Zero   RW           47    .bss.Key_Read.cnt   gpio.o
    0x20000984        -       0x00000001   Zero   RW          279    .bss.LCD_Dir        lcd.o
    0x20000985   COMPRESSED   0x00000003   PAD
    0x20000988        -       0x00000048   Zero   RW           68    .bss.hadc1          adc.o
    0x200009d0        -       0x00000048   Zero   RW           69    .bss.hadc2          adc.o
    0x20000a18        -       0x00000014   Zero   RW           95    .bss.hdac           dac.o
    0x20000a2c        -       0x00000060   Zero   RW           70    .bss.hdma_adc1      adc.o
    0x20000a8c        -       0x00000060   Zero   RW           71    .bss.hdma_adc2      adc.o
    0x20000aec        -       0x00000060   Zero   RW           96    .bss.hdma_dac1      dac.o
    0x20000b4c        -       0x00000060   Zero   RW          192    .bss.hdma_usart1_rx  usart.o
    0x20000bac        -       0x00000060   Zero   RW          191    .bss.hdma_usart1_tx  usart.o
    0x20000c0c        -       0x00000060   Zero   RW          194    .bss.hdma_usart3_rx  usart.o
    0x20000c6c        -       0x00000060   Zero   RW          193    .bss.hdma_usart3_tx  usart.o
    0x20000ccc        -       0x00000050   Zero   RW          120    .bss.hsram1         fsmc.o
    0x20000d1c        -       0x00000048   Zero   RW          165    .bss.htim10         tim.o
    0x20000d64        -       0x00000048   Zero   RW          166    .bss.htim11         tim.o
    0x20000dac        -       0x00000048   Zero   RW          162    .bss.htim2          tim.o
    0x20000df4        -       0x00000048   Zero   RW          163    .bss.htim3          tim.o
    0x20000e3c        -       0x00000048   Zero   RW          164    .bss.htim6          tim.o
    0x20000e84        -       0x00000048   Zero   RW          189    .bss.huart1         usart.o
    0x20000ecc        -       0x00000048   Zero   RW          190    .bss.huart3         usart.o
    0x20000f14        -       0x00000004   Zero   RW          735    .bss.uwTick         stm32f4xx_hal.o
    0x20000f18        -       0x00000400   Zero   RW            1    STACK               startup_stm32f407xx.o


    Execution Region RW_IRAM2 (Exec base: 0x2001c000, Load base: 0x0800b6c0, Size: 0x00000000, Max: 0x00004000, ABSOLUTE)

    **** No section assigned to this execution region ****


==============================================================================

Image component sizes


      Code (inc. data)   RO Data    RW Data    ZI Data      Debug   Object Name

       588          0          0          0        336       7990   adc.o
       442          0        314          0        116       7521   dac.o
       172          0          0          0          0       3527   dma.o
         0          0      15980          0          0        737   font.o
       312          0          0          0         81       5989   fsmc.o
       518          0          0          1          2       2659   gpio.o
      3036         28          0          8          1      10922   lcd.o
      3690        340        783       2396          7      14359   main.o
        36          8        392          0       1024        836   startup_stm32f407xx.o
       204          0          0          8          4       7315   stm32f4xx_hal.o
      1358          0          0          0          0      12283   stm32f4xx_hal_adc.o
       196          0          0          0          0      10732   stm32f4xx_hal_cortex.o
       524          0          0          0          0       7842   stm32f4xx_hal_dac.o
        52          0          0          0          0       5704   stm32f4xx_hal_dac_ex.o
      1146          6          8          0          0      10544   stm32f4xx_hal_dma.o
       450          0          0          0          0       5362   stm32f4xx_hal_gpio.o
        56          0          0          0          0       1471   stm32f4xx_hal_msp.o
      1480          0          0          0          0       7459   stm32f4xx_hal_rcc.o
        92          0          0          0          0      13053   stm32f4xx_hal_sram.o
      4464         24          0          0          0      57350   stm32f4xx_hal_tim.o
       190          0          0          0          0      21497   stm32f4xx_hal_tim_ex.o
      3602          0          0          0          0      32154   stm32f4xx_hal_uart.o
       140          0          0          0          0       6592   stm32f4xx_it.o
       284          0          0          0          0       7649   stm32f4xx_ll_fsmc.o
        18          0         24          4          0       2659   system_stm32f4xx.o
      1270          0          6          0        360      12468   tim.o
       774          0          0          0        528       8795   usart.o

    ----------------------------------------------------------------------
     25280        406      17540       2420       2468     285469   Object Totals
         0          0         32          0          0          0   (incl. Generated)
       186          0          1          3          9          0   (incl. Padding)

    ----------------------------------------------------------------------

      Code (inc. data)   RO Data    RW Data    ZI Data      Debug   Library Member Name

        58          0          0          0          0          0   __dczerorl.o
         0          0          0          0          0          0   entry.o
         0          0          0          0          0          0   entry10a.o
         0          0          0          0          0          0   entry11a.o
         8          4          0          0          0          0   entry2.o
         4          0          0          0          0          0   entry5.o
         0          0          0          0          0          0   entry7b.o
         0          0          0          0          0          0   entry8b.o
         8          4          0          0          0          0   entry9a.o
        30          0          0          0          0          0   handlers.o
        48         10          0          0          0         68   init.o
         0          0          0          0          0          0   iusefp.o
        30          0          0          0          0         68   llshl.o
        36          0          0          0          0         68   llsshr.o
        32          0          0          0          0         68   llushr.o
        36          0          0          0          0         68   memcpya.o
        36          0          0          0          0        108   memseta.o
      2300         86          0          0          0        516   printfa.o
        44          0          0          0          0         80   uidiv.o
        98          0          0          0          0         92   uldiv.o
        48          0          0          0          0         68   cdrcmple.o
       334          0          0          0          0        148   dadd.o
       222          0          0          0          0        100   ddiv.o
       186          0          0          0          0        176   depilogue.o
        48          0          0          0          0         68   dfixul.o
       228          0          0          0          0         96   dmul.o
        38          0          0          0          0         68   f2d.o

    ----------------------------------------------------------------------
      3876        104          0          0          0       1860   Library Totals
         4          0          0          0          0          0   (incl. Padding)

    ----------------------------------------------------------------------

      Code (inc. data)   RO Data    RW Data    ZI Data      Debug   Library Name

      2768        104          0          0          0       1136   mc_w.l
      1104          0          0          0          0        724   mf_w.l

    ----------------------------------------------------------------------
      3876        104          0          0          0       1860   Library Totals

    ----------------------------------------------------------------------

==============================================================================


      Code (inc. data)   RO Data    RW Data    ZI Data      Debug   

     29156        510      17540       2420       2468     286197   Grand Totals
     29156        510      17540         88       2468     286197   ELF Image Totals (compressed)
     29156        510      17540         88          0          0   ROM Totals

==============================================================================

    Total RO  Size (Code + RO Data)                46696 (  45.60kB)
    Total RW  Size (RW Data + ZI Data)              4888 (   4.77kB)
    Total ROM Size (Code + RO Data + RW Data)      46784 (  45.69kB)

==============================================================================

