Component: Arm Compiler for Embedded 6.22 Tool: armlink [5ee90200]

==============================================================================

Section Cross References

    startup_stm32g474xx.o(RESET) refers to startup_stm32g474xx.o(STACK) for __initial_sp
    startup_stm32g474xx.o(RESET) refers to startup_stm32g474xx.o(.text) for Reset_Handler
    startup_stm32g474xx.o(RESET) refers to stm32g4xx_it.o(.text.NMI_Handler) for NMI_Handler
    startup_stm32g474xx.o(RESET) refers to stm32g4xx_it.o(.text.HardFault_Handler) for HardFault_Handler
    startup_stm32g474xx.o(RESET) refers to stm32g4xx_it.o(.text.MemManage_Handler) for MemManage_Handler
    startup_stm32g474xx.o(RESET) refers to stm32g4xx_it.o(.text.BusFault_Handler) for BusFault_Handler
    startup_stm32g474xx.o(RESET) refers to stm32g4xx_it.o(.text.UsageFault_Handler) for UsageFault_Handler
    startup_stm32g474xx.o(RESET) refers to stm32g4xx_it.o(.text.SVC_Handler) for SVC_Handler
    startup_stm32g474xx.o(RESET) refers to stm32g4xx_it.o(.text.DebugMon_Handler) for DebugMon_Handler
    startup_stm32g474xx.o(RESET) refers to stm32g4xx_it.o(.text.PendSV_Handler) for PendSV_Handler
    startup_stm32g474xx.o(RESET) refers to stm32g4xx_it.o(.text.SysTick_Handler) for SysTick_Handler
    startup_stm32g474xx.o(.text) refers to system_stm32g4xx.o(.text.SystemInit) for SystemInit
    startup_stm32g474xx.o(.text) refers to entry.o(.ARM.Collect$$$$00000000) for __main
    main.o(.text.main) refers to stm32g4xx_hal.o(.text.HAL_Init) for HAL_Init
    main.o(.text.main) refers to stm32g4xx_hal_pwr_ex.o(.text.HAL_PWREx_ControlVoltageScaling) for HAL_PWREx_ControlVoltageScaling
    main.o(.text.main) refers to stm32g4xx_hal_rcc.o(.text.HAL_RCC_OscConfig) for HAL_RCC_OscConfig
    main.o(.text.main) refers to stm32g4xx_hal_rcc.o(.text.HAL_RCC_ClockConfig) for HAL_RCC_ClockConfig
    main.o(.text.main) refers to gpio.o(.text.MX_GPIO_Init) for MX_GPIO_Init
    main.o(.text.main) refers to ad9959.o(.text.DDS_Init) for DDS_Init
    main.o(.text.main) refers to ad9959.o(.text.DDS_Config) for DDS_Config
    main.o(.ARM.exidx.text.main) refers to main.o(.text.main) for [Anonymous Symbol]
    main.o(.text.SystemClock_Config) refers to stm32g4xx_hal_pwr_ex.o(.text.HAL_PWREx_ControlVoltageScaling) for HAL_PWREx_ControlVoltageScaling
    main.o(.text.SystemClock_Config) refers to stm32g4xx_hal_rcc.o(.text.HAL_RCC_OscConfig) for HAL_RCC_OscConfig
    main.o(.text.SystemClock_Config) refers to stm32g4xx_hal_rcc.o(.text.HAL_RCC_ClockConfig) for HAL_RCC_ClockConfig
    main.o(.ARM.exidx.text.SystemClock_Config) refers to main.o(.text.SystemClock_Config) for [Anonymous Symbol]
    main.o(.ARM.exidx.text.Error_Handler) refers to main.o(.text.Error_Handler) for [Anonymous Symbol]
    gpio.o(.text.MX_GPIO_Init) refers to stm32g4xx_hal_gpio.o(.text.HAL_GPIO_WritePin) for HAL_GPIO_WritePin
    gpio.o(.text.MX_GPIO_Init) refers to stm32g4xx_hal_gpio.o(.text.HAL_GPIO_Init) for HAL_GPIO_Init
    gpio.o(.ARM.exidx.text.MX_GPIO_Init) refers to gpio.o(.text.MX_GPIO_Init) for [Anonymous Symbol]
    stm32g4xx_it.o(.ARM.exidx.text.NMI_Handler) refers to stm32g4xx_it.o(.text.NMI_Handler) for [Anonymous Symbol]
    stm32g4xx_it.o(.ARM.exidx.text.HardFault_Handler) refers to stm32g4xx_it.o(.text.HardFault_Handler) for [Anonymous Symbol]
    stm32g4xx_it.o(.ARM.exidx.text.MemManage_Handler) refers to stm32g4xx_it.o(.text.MemManage_Handler) for [Anonymous Symbol]
    stm32g4xx_it.o(.ARM.exidx.text.BusFault_Handler) refers to stm32g4xx_it.o(.text.BusFault_Handler) for [Anonymous Symbol]
    stm32g4xx_it.o(.ARM.exidx.text.UsageFault_Handler) refers to stm32g4xx_it.o(.text.UsageFault_Handler) for [Anonymous Symbol]
    stm32g4xx_it.o(.ARM.exidx.text.SVC_Handler) refers to stm32g4xx_it.o(.text.SVC_Handler) for [Anonymous Symbol]
    stm32g4xx_it.o(.ARM.exidx.text.DebugMon_Handler) refers to stm32g4xx_it.o(.text.DebugMon_Handler) for [Anonymous Symbol]
    stm32g4xx_it.o(.ARM.exidx.text.PendSV_Handler) refers to stm32g4xx_it.o(.text.PendSV_Handler) for [Anonymous Symbol]
    stm32g4xx_it.o(.text.SysTick_Handler) refers to stm32g4xx_hal.o(.text.HAL_IncTick) for HAL_IncTick
    stm32g4xx_it.o(.ARM.exidx.text.SysTick_Handler) refers to stm32g4xx_it.o(.text.SysTick_Handler) for [Anonymous Symbol]
    stm32g4xx_hal_msp.o(.text.HAL_MspInit) refers to stm32g4xx_hal_pwr_ex.o(.text.HAL_PWREx_DisableUCPDDeadBattery) for HAL_PWREx_DisableUCPDDeadBattery
    stm32g4xx_hal_msp.o(.ARM.exidx.text.HAL_MspInit) refers to stm32g4xx_hal_msp.o(.text.HAL_MspInit) for [Anonymous Symbol]
    ad9959.o(.text.DDS_Init) refers to stm32g4xx_hal_gpio.o(.text.HAL_GPIO_WritePin) for HAL_GPIO_WritePin
    ad9959.o(.text.DDS_Init) refers to stm32g4xx_hal.o(.text.HAL_Delay) for HAL_Delay
    ad9959.o(.text.DDS_Init) refers to ad9959.o(.text.DDS_Transmit) for DDS_Transmit
    ad9959.o(.ARM.exidx.text.DDS_Init) refers to ad9959.o(.text.DDS_Init) for [Anonymous Symbol]
[...]
    stm32g4xx_hal_flash_ramfunc.o(.ARM.exidx.text.HAL_FLASHEx_DisableRunPowerDown) refers to stm32g4xx_hal_flash_ramfunc.o(.text.HAL_FLASHEx_DisableRunPowerDown) for [Anonymous Symbol]
    stm32g4xx_hal_flash_ramfunc.o(.text.HAL_FLASHEx_OB_DBankConfig) refers to stm32g4xx_hal_flash.o(.data.pFlash) for pFlash
    stm32g4xx_hal_flash_ramfunc.o(.text.HAL_FLASHEx_OB_DBankConfig) refers to system_stm32g4xx.o(.data.SystemCoreClock) for SystemCoreClock
    stm32g4xx_hal_flash_ramfunc.o(.ARM.exidx.text.HAL_FLASHEx_OB_DBankConfig) refers to stm32g4xx_hal_flash_ramfunc.o(.text.HAL_FLASHEx_OB_DBankConfig) for [Anonymous Symbol]
    stm32g4xx_hal_gpio.o(.ARM.exidx.text.HAL_GPIO_Init) refers to stm32g4xx_hal_gpio.o(.text.HAL_GPIO_Init) for [Anonymous Symbol]
    stm32g4xx_hal_gpio.o(.ARM.exidx.text.HAL_GPIO_DeInit) refers to stm32g4xx_hal_gpio.o(.text.HAL_GPIO_DeInit) for [Anonymous Symbol]
    stm32g4xx_hal_gpio.o(.ARM.exidx.text.HAL_GPIO_ReadPin) refers to stm32g4xx_hal_gpio.o(.text.HAL_GPIO_ReadPin) for [Anonymous Symbol]
    stm32g4xx_hal_gpio.o(.ARM.exidx.text.HAL_GPIO_WritePin) refers to stm32g4xx_hal_gpio.o(.text.HAL_GPIO_WritePin) for [Anonymous Symbol]
    stm32g4xx_hal_gpio.o(.ARM.exidx.text.HAL_GPIO_TogglePin) refers to stm32g4xx_hal_gpio.o(.text.HAL_GPIO_TogglePin) for [Anonymous Symbol]
    stm32g4xx_hal_gpio.o(.ARM.exidx.text.HAL_GPIO_LockPin) refers to stm32g4xx_hal_gpio.o(.text.HAL_GPIO_LockPin) for [Anonymous Symbol]
    stm32g4xx_hal_gpio.o(.text.HAL_GPIO_EXTI_IRQHandler) refers to stm32g4xx_hal_gpio.o(.text.HAL_GPIO_EXTI_Callback) for HAL_GPIO_EXTI_Callback
    stm32g4xx_hal_gpio.o(.ARM.exidx.text.HAL_GPIO_EXTI_IRQHandler) refers to stm32g4xx_hal_gpio.o(.text.HAL_GPIO_EXTI_IRQHandler) for [Anonymous Symbol]
    stm32g4xx_hal_gpio.o(.ARM.exidx.text.HAL_GPIO_EXTI_Callback) refers to stm32g4xx_hal_gpio.o(.text.HAL_GPIO_EXTI_Callback) for [Anonymous Symbol]
    stm32g4xx_hal_exti.o(.ARM.exidx.text.HAL_EXTI_SetConfigLine) refers to stm32g4xx_hal_exti.o(.text.HAL_EXTI_SetConfigLine) for [Anonymous Symbol]
    stm32g4xx_hal_exti.o(.ARM.exidx.text.HAL_EXTI_GetConfigLine) refers to stm32g4xx_hal_exti.o(.text.HAL_EXTI_GetConfigLine) for [Anonymous Symbol]
    stm32g4xx_hal_exti.o(.ARM.exidx.text.HAL_EXTI_ClearConfigLine) refers to stm32g4xx_hal_exti.o(.text.HAL_EXTI_ClearConfigLine) for [Anonymous Symbol]
    stm32g4xx_hal_exti.o(.ARM.exidx.text.HAL_EXTI_RegisterCallback) refers to stm32g4xx_hal_exti.o(.text.HAL_EXTI_RegisterCallback) for [Anonymous Symbol]
    stm32g4xx_hal_exti.o(.ARM.exidx.text.HAL_EXTI_GetHandle) refers to stm32g4xx_hal_exti.o(.text.HAL_EXTI_GetHandle) for [Anonymous Symbol]
    stm32g4xx_hal_exti.o(.ARM.exidx.text.HAL_EXTI_IRQHandler) refers to stm32g4xx_hal_exti.o(.text.HAL_EXTI_IRQHandler) for [Anonymous Symbol]
    stm32g4xx_hal_exti.o(.ARM.exidx.text.HAL_EXTI_GetPending) refers to stm32g4xx_hal_exti.o(.text.HAL_EXTI_GetPending) for [Anonymous Symbol]
    stm32g4xx_hal_exti.o(.ARM.exidx.text.HAL_EXTI_ClearPending) refers to stm32g4xx_hal_exti.o(.text.HAL_EXTI_ClearPending) for [Anonymous Symbol]
    stm32g4xx_hal_exti.o(.ARM.exidx.text.HAL_EXTI_GenerateSWI) refers to stm32g4xx_hal_exti.o(.text.HAL_EXTI_GenerateSWI) for [Anonymous Symbol]
    stm32g4xx_hal_dma.o(.ARM.exidx.text.HAL_DMA_Init) refers to stm32g4xx_hal_dma.o(.text.HAL_DMA_Init) for [Anonymous Symbol]
    stm32g4xx_hal_dma.o(.ARM.exidx.text.HAL_DMA_DeInit) refers to stm32g4xx_hal_dma.o(.text.HAL_DMA_DeInit) for [Anonymous Symbol]
    stm32g4xx_hal_dma.o(.ARM.exidx.text.HAL_DMA_Start) refers to stm32g4xx_hal_dma.o(.text.HAL_DMA_Start) for [Anonymous Symbol]
    stm32g4xx_hal_dma.o(.ARM.exidx.text.HAL_DMA_Start_IT) refers to stm32g4xx_hal_dma.o(.text.HAL_DMA_Start_IT) for [Anonymous Symbol]
    stm32g4xx_hal_dma.o(.ARM.exidx.text.HAL_DMA_Abort) refers to stm32g4xx_hal_dma.o(.text.HAL_DMA_Abort) for [Anonymous Symbol]
    stm32g4xx_hal_dma.o(.ARM.exidx.text.HAL_DMA_Abort_IT) refers to stm32g4xx_hal_dma.o(.text.HAL_DMA_Abort_IT) for [Anonymous Symbol]
    stm32g4xx_hal_dma.o(.text.HAL_DMA_PollForTransfer) refers to stm32g4xx_hal.o(.text.HAL_GetTick) for HAL_GetTick
    stm32g4xx_hal_dma.o(.ARM.exidx.text.HAL_DMA_PollForTransfer) refers to stm32g4xx_hal_dma.o(.text.HAL_DMA_PollForTransfer) for [Anonymous Symbol]
    stm32g4xx_hal_dma.o(.ARM.exidx.text.HAL_DMA_IRQHandler) refers to stm32g4xx_hal_dma.o(.text.HAL_DMA_IRQHandler) for [Anonymous Symbol]
    stm32g4xx_hal_dma.o(.ARM.exidx.text.HAL_DMA_RegisterCallback) refers to stm32g4xx_hal_dma.o(.text.HAL_DMA_RegisterCallback) for [Anonymous Symbol]
    stm32g4xx_hal_dma.o(.ARM.exidx.text.HAL_DMA_UnRegisterCallback) refers to stm32g4xx_hal_dma.o(.text.HAL_DMA_UnRegisterCallback) for [Anonymous Symbol]
    stm32g4xx_hal_dma.o(.ARM.exidx.text.HAL_DMA_GetState) refers to stm32g4xx_hal_dma.o(.text.HAL_DMA_GetState) for [Anonymous Symbol]
    stm32g4xx_hal_dma.o(.ARM.exidx.text.HAL_DMA_GetError) refers to stm32g4xx_hal_dma.o(.text.HAL_DMA_GetError) for [Anonymous Symbol]
    stm32g4xx_hal_dma_ex.o(.ARM.exidx.text.HAL_DMAEx_ConfigMuxSync) refers to stm32g4xx_hal_dma_ex.o(.text.HAL_DMAEx_ConfigMuxSync) for [Anonymous Symbol]
    stm32g4xx_hal_dma_ex.o(.ARM.exidx.text.HAL_DMAEx_ConfigMuxRequestGenerator) refers to stm32g4xx_hal_dma_ex.o(.text.HAL_DMAEx_ConfigMuxRequestGenerator) for [Anonymous Symbol]
    stm32g4xx_hal_dma_ex.o(.ARM.exidx.text.HAL_DMAEx_EnableMuxRequestGenerator) refers to stm32g4xx_hal_dma_ex.o(.text.HAL_DMAEx_EnableMuxRequestGenerator) for [Anonymous Symbol]
    stm32g4xx_hal_dma_ex.o(.ARM.exidx.text.HAL_DMAEx_DisableMuxRequestGenerator) refers to stm32g4xx_hal_dma_ex.o(.text.HAL_DMAEx_DisableMuxRequestGenerator) for [Anonymous Symbol]
    stm32g4xx_hal_dma_ex.o(.ARM.exidx.text.HAL_DMAEx_MUX_IRQHandler) refers to stm32g4xx_hal_dma_ex.o(.text.HAL_DMAEx_MUX_IRQHandler) for [Anonymous Symbol]
    stm32g4xx_hal_pwr.o(.ARM.exidx.text.HAL_PWR_DeInit) refers to stm32g4xx_hal_pwr.o(.text.HAL_PWR_DeInit) for [Anonymous Symbol]
    stm32g4xx_hal_pwr.o(.ARM.exidx.text.HAL_PWR_EnableBkUpAccess) refers to stm32g4xx_hal_pwr.o(.text.HAL_PWR_EnableBkUpAccess) for [Anonymous Symbol]
    stm32g4xx_hal_pwr.o(.ARM.exidx.text.HAL_PWR_DisableBkUpAccess) refers to stm32g4xx_hal_pwr.o(.text.HAL_PWR_DisableBkUpAccess) for [Anonymous Symbol]
    stm32g4xx_hal_pwr.o(.ARM.exidx.text.HAL_PWR_ConfigPVD) refers to stm32g4xx_hal_pwr.o(.text.HAL_PWR_ConfigPVD) for [Anonymous Symbol]
    stm32g4xx_hal_pwr.o(.ARM.exidx.text.HAL_PWR_EnablePVD) refers to stm32g4xx_hal_pwr.o(.text.HAL_PWR_EnablePVD) for [Anonymous Symbol]
    stm32g4xx_hal_pwr.o(.ARM.exidx.text.HAL_PWR_DisablePVD) refers to stm32g4xx_hal_pwr.o(.text.HAL_PWR_DisablePVD) for [Anonymous Symbol]
    stm32g4xx_hal_pwr.o(.ARM.exidx.text.HAL_PWR_EnableWakeUpPin) refers to stm32g4xx_hal_pwr.o(.text.HAL_PWR_EnableWakeUpPin) for [Anonymous Symbol]
    stm32g4xx_hal_pwr.o(.ARM.exidx.text.HAL_PWR_DisableWakeUpPin) refers to stm32g4xx_hal_pwr.o(.text.HAL_PWR_DisableWakeUpPin) for [Anonymous Symbol]
    stm32g4xx_hal_pwr.o(.text.HAL_PWR_EnterSLEEPMode) refers to stm32g4xx_hal_pwr_ex.o(.text.HAL_PWREx_EnableLowPowerRunMode) for HAL_PWREx_EnableLowPowerRunMode
    stm32g4xx_hal_pwr.o(.text.HAL_PWR_EnterSLEEPMode) refers to stm32g4xx_hal_pwr_ex.o(.text.HAL_PWREx_DisableLowPowerRunMode) for HAL_PWREx_DisableLowPowerRunMode
    stm32g4xx_hal_pwr.o(.ARM.exidx.text.HAL_PWR_EnterSLEEPMode) refers to stm32g4xx_hal_pwr.o(.text.HAL_PWR_EnterSLEEPMode) for [Anonymous Symbol]
    stm32g4xx_hal_pwr.o(.text.HAL_PWR_EnterSTOPMode) refers to stm32g4xx_hal_pwr_ex.o(.text.HAL_PWREx_EnterSTOP0Mode) for HAL_PWREx_EnterSTOP0Mode
    stm32g4xx_hal_pwr.o(.text.HAL_PWR_EnterSTOPMode) refers to stm32g4xx_hal_pwr_ex.o(.text.HAL_PWREx_EnterSTOP1Mode) for HAL_PWREx_EnterSTOP1Mode
    stm32g4xx_hal_pwr.o(.ARM.exidx.text.HAL_PWR_EnterSTOPMode) refers to stm32g4xx_hal_pwr.o(.text.HAL_PWR_EnterSTOPMode) for [Anonymous Symbol]
    stm32g4xx_hal_pwr.o(.ARM.exidx.text.HAL_PWR_EnterSTANDBYMode) refers to stm32g4xx_hal_pwr.o(.text.HAL_PWR_EnterSTANDBYMode) for [Anonymous Symbol]
    stm32g4xx_hal_pwr.o(.ARM.exidx.text.HAL_PWR_EnableSleepOnExit) refers to stm32g4xx_hal_pwr.o(.text.HAL_PWR_EnableSleepOnExit) for [Anonymous Symbol]
    stm32g4xx_hal_pwr.o(.ARM.exidx.text.HAL_PWR_DisableSleepOnExit) refers to stm32g4xx_hal_pwr.o(.text.HAL_PWR_DisableSleepOnExit) for [Anonymous Symbol]
    stm32g4xx_hal_pwr.o(.ARM.exidx.text.HAL_PWR_EnableSEVOnPend) refers to stm32g4xx_hal_pwr.o(.text.HAL_PWR_EnableSEVOnPend) for [Anonymous Symbol]
    stm32g4xx_hal_pwr.o(.ARM.exidx.text.HAL_PWR_DisableSEVOnPend) refers to stm32g4xx_hal_pwr.o(.text.HAL_PWR_DisableSEVOnPend) for [Anonymous Symbol]
    stm32g4xx_hal_pwr.o(.ARM.exidx.text.HAL_PWR_PVDCallback) refers to stm32g4xx_hal_pwr.o(.text.HAL_PWR_PVDCallback) for [Anonymous Symbol]
    stm32g4xx_hal_cortex.o(.ARM.exidx.text.HAL_NVIC_SetPriorityGrouping) refers to stm32g4xx_hal_cortex.o(.text.HAL_NVIC_SetPriorityGrouping) for [Anonymous Symbol]
    stm32g4xx_hal_cortex.o(.ARM.exidx.text.HAL_NVIC_SetPriority) refers to stm32g4xx_hal_cortex.o(.text.HAL_NVIC_SetPriority) for [Anonymous Symbol]
    stm32g4xx_hal_cortex.o(.ARM.exidx.text.HAL_NVIC_EnableIRQ) refers to stm32g4xx_hal_cortex.o(.text.HAL_NVIC_EnableIRQ) for [Anonymous Symbol]
    stm32g4xx_hal_cortex.o(.ARM.exidx.text.HAL_NVIC_DisableIRQ) refers to stm32g4xx_hal_cortex.o(.text.HAL_NVIC_DisableIRQ) for [Anonymous Symbol]
    stm32g4xx_hal_cortex.o(.text.HAL_NVIC_SystemReset) refers to stm32g4xx_hal_cortex.o(.text.__NVIC_SystemReset) for __NVIC_SystemReset
    stm32g4xx_hal_cortex.o(.ARM.exidx.text.HAL_NVIC_SystemReset) refers to stm32g4xx_hal_cortex.o(.text.HAL_NVIC_SystemReset) for [Anonymous Symbol]
    stm32g4xx_hal_cortex.o(.ARM.exidx.text.__NVIC_SystemReset) refers to stm32g4xx_hal_cortex.o(.text.__NVIC_SystemReset) for [Anonymous Symbol]
    stm32g4xx_hal_cortex.o(.ARM.exidx.text.HAL_SYSTICK_Config) refers to stm32g4xx_hal_cortex.o(.text.HAL_SYSTICK_Config) for [Anonymous Symbol]
    stm32g4xx_hal_cortex.o(.ARM.exidx.text.HAL_NVIC_GetPriorityGrouping) refers to stm32g4xx_hal_cortex.o(.text.HAL_NVIC_GetPriorityGrouping) for [Anonymous Symbol]
    stm32g4xx_hal_cortex.o(.ARM.exidx.text.HAL_NVIC_GetPriority) refers to stm32g4xx_hal_cortex.o(.text.HAL_NVIC_GetPriority) for [Anonymous Symbol]
    stm32g4xx_hal_cortex.o(.ARM.exidx.text.HAL_NVIC_SetPendingIRQ) refers to stm32g4xx_hal_cortex.o(.text.HAL_NVIC_SetPendingIRQ) for [Anonymous Symbol]
    stm32g4xx_hal_cortex.o(.ARM.exidx.text.HAL_NVIC_GetPendingIRQ) refers to stm32g4xx_hal_cortex.o(.text.HAL_NVIC_GetPendingIRQ) for [Anonymous Symbol]
    stm32g4xx_hal_cortex.o(.ARM.exidx.text.HAL_NVIC_ClearPendingIRQ) refers to stm32g4xx_hal_cortex.o(.text.HAL_NVIC_ClearPendingIRQ) for [Anonymous Symbol]
    stm32g4xx_hal_cortex.o(.ARM.exidx.text.HAL_NVIC_GetActive) refers to stm32g4xx_hal_cortex.o(.text.HAL_NVIC_GetActive) for [Anonymous Symbol]
    stm32g4xx_hal_cortex.o(.ARM.exidx.text.HAL_SYSTICK_CLKSourceConfig) refers to stm32g4xx_hal_cortex.o(.text.HAL_SYSTICK_CLKSourceConfig) for [Anonymous Symbol]
    stm32g4xx_hal_cortex.o(.text.HAL_SYSTICK_IRQHandler) refers to stm32g4xx_hal_cortex.o(.text.HAL_SYSTICK_Callback) for HAL_SYSTICK_Callback
    stm32g4xx_hal_cortex.o(.ARM.exidx.text.HAL_SYSTICK_IRQHandler) refers to stm32g4xx_hal_cortex.o(.text.HAL_SYSTICK_IRQHandler) for [Anonymous Symbol]
    stm32g4xx_hal_cortex.o(.ARM.exidx.text.HAL_SYSTICK_Callback) refers to stm32g4xx_hal_cortex.o(.text.HAL_SYSTICK_Callback) for [Anonymous Symbol]
    stm32g4xx_hal_cortex.o(.ARM.exidx.text.HAL_MPU_Enable) refers to stm32g4xx_hal_cortex.o(.text.HAL_MPU_Enable) for [Anonymous Symbol]
    stm32g4xx_hal_cortex.o(.ARM.exidx.text.HAL_MPU_Disable) refers to stm32g4xx_hal_cortex.o(.text.HAL_MPU_Disable) for [Anonymous Symbol]
    stm32g4xx_hal_cortex.o(.ARM.exidx.text.HAL_MPU_EnableRegion) refers to stm32g4xx_hal_cortex.o(.text.HAL_MPU_EnableRegion) for [Anonymous Symbol]
    stm32g4xx_hal_cortex.o(.ARM.exidx.text.HAL_MPU_DisableRegion) refers to stm32g4xx_hal_cortex.o(.text.HAL_MPU_DisableRegion) for [Anonymous Symbol]
    stm32g4xx_hal_cortex.o(.ARM.exidx.text.HAL_MPU_ConfigRegion) refers to stm32g4xx_hal_cortex.o(.text.HAL_MPU_ConfigRegion) for [Anonymous Symbol]
    system_stm32g4xx.o(.ARM.exidx.text.SystemInit) refers to system_stm32g4xx.o(.text.SystemInit) for [Anonymous Symbol]
    system_stm32g4xx.o(.text.SystemCoreClockUpdate) refers to system_stm32g4xx.o(.data.SystemCoreClock) for SystemCoreClock
    system_stm32g4xx.o(.text.SystemCoreClockUpdate) refers to system_stm32g4xx.o(.rodata.AHBPrescTable) for AHBPrescTable
    system_stm32g4xx.o(.ARM.exidx.text.SystemCoreClockUpdate) refers to system_stm32g4xx.o(.text.SystemCoreClockUpdate) for [Anonymous Symbol]
    entry.o(.ARM.Collect$$$$00000000) refers (Special) to entry10a.o(.ARM.Collect$$$$0000000D) for __rt_final_cpp
    entry.o(.ARM.Collect$$$$00000000) refers (Special) to entry11a.o(.ARM.Collect$$$$0000000F) for __rt_final_exit
    entry.o(.ARM.Collect$$$$00000000) refers (Special) to entry7b.o(.ARM.Collect$$$$00000008) for _main_clock
    entry.o(.ARM.Collect$$$$00000000) refers (Special) to entry8b.o(.ARM.Collect$$$$0000000A) for _main_cpp_init
    entry.o(.ARM.Collect$$$$00000000) refers (Special) to entry9a.o(.ARM.Collect$$$$0000000B) for _main_init
    entry.o(.ARM.Collect$$$$00000000) refers (Special) to entry5.o(.ARM.Collect$$$$00000004) for _main_scatterload
    entry.o(.ARM.Collect$$$$00000000) refers (Special) to entry2.o(.ARM.Collect$$$$00000001) for _main_stk
    dadd.o(.text) refers (Special) to iusefp.o(.text) for __I$use$fp
    dadd.o(.text) refers to llshl.o(.text) for __aeabi_llsl
    dadd.o(.text) refers to llsshr.o(.text) for __aeabi_lasr
    dadd.o(.text) refers to depilogue.o(.text) for _double_epilogue
    dmul.o(.text) refers (Special) to iusefp.o(.text) for __I$use$fp
    dmul.o(.text) refers to depilogue.o(.text) for _double_epilogue
    dfixui.o(.text) refers (Special) to iusefp.o(.text) for __I$use$fp
    dfixui.o(.text) refers to llushr.o(.text) for __aeabi_llsr
    f2d.o(.text) refers (Special) to iusefp.o(.text) for __I$use$fp
    entry2.o(.ARM.Collect$$$$00000001) refers to entry2.o(.ARM.Collect$$$$00002712) for __lit__00000000
    entry2.o(.ARM.Collect$$$$00002712) refers to startup_stm32g474xx.o(STACK) for __initial_sp
    entry2.o(__vectab_stack_and_reset_area) refers to startup_stm32g474xx.o(STACK) for __initial_sp
    entry2.o(__vectab_stack_and_reset_area) refers to entry.o(.ARM.Collect$$$$00000000) for __main
    entry5.o(.ARM.Collect$$$$00000004) refers to init.o(.text) for __scatterload
    entry9a.o(.ARM.Collect$$$$0000000B) refers to main.o(.text.main) for main
    entry9b.o(.ARM.Collect$$$$0000000C) refers to main.o(.text.main) for main
    depilogue.o(.text) refers (Special) to iusefp.o(.text) for __I$use$fp
    depilogue.o(.text) refers to llshl.o(.text) for __aeabi_llsl
    depilogue.o(.text) refers to llushr.o(.text) for __aeabi_llsr
    init.o(.text) refers to entry5.o(.ARM.Collect$$$$00000004) for __main_after_scatterload


==============================================================================

Removing Unused input sections from the image.

    Removing startup_stm32g474xx.o(HEAP), (512 bytes).
    Removing main.o(.text), (0 bytes).
    Removing main.o(.ARM.exidx.text.main), (8 bytes).
    Removing main.o(.text.SystemClock_Config), (108 bytes).
    Removing main.o(.ARM.exidx.text.SystemClock_Config), (8 bytes).
    Removing main.o(.text.Error_Handler), (10 bytes).
    Removing main.o(.ARM.exidx.text.Error_Handler), (8 bytes).
    Removing main.o(.ARM.use_no_argv), (4 bytes).
    Removing gpio.o(.text), (0 bytes).
    Removing gpio.o(.ARM.exidx.text.MX_GPIO_Init), (8 bytes).
    Removing stm32g4xx_it.o(.text), (0 bytes).
    Removing stm32g4xx_it.o(.ARM.exidx.text.NMI_Handler), (8 bytes).
    Removing stm32g4xx_it.o(.ARM.exidx.text.HardFault_Handler), (8 bytes).
    Removing stm32g4xx_it.o(.ARM.exidx.text.MemManage_Handler), (8 bytes).
    Removing stm32g4xx_it.o(.ARM.exidx.text.BusFault_Handler), (8 bytes).
    Removing stm32g4xx_it.o(.ARM.exidx.text.UsageFault_Handler), (8 bytes).
    Removing stm32g4xx_it.o(.ARM.exidx.text.SVC_Handler), (8 bytes).
    Removing stm32g4xx_it.o(.ARM.exidx.text.DebugMon_Handler), (8 bytes).
    Removing stm32g4xx_it.o(.ARM.exidx.text.PendSV_Handler), (8 bytes).
    Removing stm32g4xx_it.o(.ARM.exidx.text.SysTick_Handler), (8 bytes).
    Removing stm32g4xx_hal_msp.o(.text), (0 bytes).
    Removing stm32g4xx_hal_msp.o(.ARM.exidx.text.HAL_MspInit), (8 bytes).
    Removing ad9959.o(.text), (0 bytes).
    Removing ad9959.o(.ARM.exidx.text.DDS_Init), (8 bytes).
    Removing ad9959.o(.ARM.exidx.text.DDS_Transmit), (8 bytes).
    Removing ad9959.o(.ARM.exidx.text.DDS_Config), (8 bytes).
    Removing stm32g4xx_hal_tim.o(.text), (0 bytes).
    Removing stm32g4xx_hal_tim_ex.o(.text), (0 bytes).
    Removing stm32g4xx_hal_pwr_ex.o(.text), (0 bytes).
    Removing stm32g4xx_hal_pwr_ex.o(.text.HAL_PWREx_GetVoltageRange), (38 bytes).
    Removing stm32g4xx_hal_pwr_ex.o(.ARM.exidx.text.HAL_PWREx_GetVoltageRange), (8 bytes).
    Removing stm32g4xx_hal_pwr_ex.o(.ARM.exidx.text.HAL_PWREx_ControlVoltageScaling), (8 bytes).
    Removing stm32g4xx_hal_pwr_ex.o(.text.HAL_PWREx_EnableBatteryCharging), (28 bytes).
    Removing stm32g4xx_hal_pwr_ex.o(.ARM.exidx.text.HAL_PWREx_EnableBatteryCharging), (8 bytes).
    Removing stm32g4xx_hal_pwr_ex.o(.text.HAL_PWREx_DisableBatteryCharging), (18 bytes).
    Removing stm32g4xx_hal_pwr_ex.o(.ARM.exidx.text.HAL_PWREx_DisableBatteryCharging), (8 bytes).
    Removing stm32g4xx_hal_pwr_ex.o(.text.HAL_PWREx_EnableInternalWakeUpLine), (18 bytes).
    Removing stm32g4xx_hal_pwr_ex.o(.ARM.exidx.text.HAL_PWREx_EnableInternalWakeUpLine), (8 bytes).
    Removing stm32g4xx_hal_pwr_ex.o(.text.HAL_PWREx_DisableInternalWakeUpLine), (18 bytes).
    Removing stm32g4xx_hal_pwr_ex.o(.ARM.exidx.text.HAL_PWREx_DisableInternalWakeUpLine), (8 bytes).
    Removing stm32g4xx_hal_pwr_ex.o(.text.HAL_PWREx_EnableGPIOPullUp), (192 bytes).
    Removing stm32g4xx_hal_pwr_ex.o(.ARM.exidx.text.HAL_PWREx_EnableGPIOPullUp), (8 bytes).
    Removing stm32g4xx_hal_pwr_ex.o(.text.HAL_PWREx_DisableGPIOPullUp), (90 bytes).
    Removing stm32g4xx_hal_pwr_ex.o(.ARM.exidx.text.HAL_PWREx_DisableGPIOPullUp), (8 bytes).
    Removing stm32g4xx_hal_pwr_ex.o(.text.HAL_PWREx_EnableGPIOPullDown), (192 bytes).
    Removing stm32g4xx_hal_pwr_ex.o(.ARM.exidx.text.HAL_PWREx_EnableGPIOPullDown), (8 bytes).
    Removing stm32g4xx_hal_pwr_ex.o(.text.HAL_PWREx_DisableGPIOPullDown), (94 bytes).
    Removing stm32g4xx_hal_pwr_ex.o(.ARM.exidx.text.HAL_PWREx_DisableGPIOPullDown), (8 bytes).
    Removing stm32g4xx_hal_pwr_ex.o(.text.HAL_PWREx_EnablePullUpPullDownConfig), (18 bytes).
    Removing stm32g4xx_hal_pwr_ex.o(.ARM.exidx.text.HAL_PWREx_EnablePullUpPullDownConfig), (8 bytes).
    Removing stm32g4xx_hal_pwr_ex.o(.text.HAL_PWREx_DisablePullUpPullDownConfig), (18 bytes).
    Removing stm32g4xx_hal_pwr_ex.o(.ARM.exidx.text.HAL_PWREx_DisablePullUpPullDownConfig), (8 bytes).
    Removing stm32g4xx_hal_pwr_ex.o(.text.HAL_PWREx_EnableSRAM2ContentRetention), (18 bytes).
    Removing stm32g4xx_hal_pwr_ex.o(.ARM.exidx.text.HAL_PWREx_EnableSRAM2ContentRetention), (8 bytes).
    Removing stm32g4xx_hal_pwr_ex.o(.text.HAL_PWREx_DisableSRAM2ContentRetention), (18 bytes).
    Removing stm32g4xx_hal_pwr_ex.o(.ARM.exidx.text.HAL_PWREx_DisableSRAM2ContentRetention), (8 bytes).
    Removing stm32g4xx_hal_pwr_ex.o(.text.HAL_PWREx_EnablePVM1), (18 bytes).
    Removing stm32g4xx_hal_pwr_ex.o(.ARM.exidx.text.HAL_PWREx_EnablePVM1), (8 bytes).
    Removing stm32g4xx_hal_pwr_ex.o(.text.HAL_PWREx_DisablePVM1), (18 bytes).
    Removing stm32g4xx_hal_pwr_ex.o(.ARM.exidx.text.HAL_PWREx_DisablePVM1), (8 bytes).
    Removing stm32g4xx_hal_pwr_ex.o(.text.HAL_PWREx_EnablePVM2), (18 bytes).
    Removing stm32g4xx_hal_pwr_ex.o(.ARM.exidx.text.HAL_PWREx_EnablePVM2), (8 bytes).
    Removing stm32g4xx_hal_pwr_ex.o(.text.HAL_PWREx_DisablePVM2), (18 bytes).
    Removing stm32g4xx_hal_pwr_ex.o(.ARM.exidx.text.HAL_PWREx_DisablePVM2), (8 bytes).
    Removing stm32g4xx_hal_pwr_ex.o(.text.HAL_PWREx_EnablePVM3), (18 bytes).
    Removing stm32g4xx_hal_pwr_ex.o(.ARM.exidx.text.HAL_PWREx_EnablePVM3), (8 bytes).
    Removing stm32g4xx_hal_pwr_ex.o(.text.HAL_PWREx_DisablePVM3), (18 bytes).
    Removing stm32g4xx_hal_pwr_ex.o(.ARM.exidx.text.HAL_PWREx_DisablePVM3), (8 bytes).
    Removing stm32g4xx_hal_pwr_ex.o(.text.HAL_PWREx_EnablePVM4), (18 bytes).
    Removing stm32g4xx_hal_pwr_ex.o(.ARM.exidx.text.HAL_PWREx_EnablePVM4), (8 bytes).
    Removing stm32g4xx_hal_pwr_ex.o(.text.HAL_PWREx_DisablePVM4), (18 bytes).
    Removing stm32g4xx_hal_pwr_ex.o(.ARM.exidx.text.HAL_PWREx_DisablePVM4), (8 bytes).
    Removing stm32g4xx_hal_pwr_ex.o(.text.HAL_PWREx_ConfigPVM), (554 bytes).
    Removing stm32g4xx_hal_pwr_ex.o(.ARM.exidx.text.HAL_PWREx_ConfigPVM), (8 bytes).
    Removing stm32g4xx_hal_pwr_ex.o(.text.HAL_PWREx_EnableLowPowerRunMode), (18 bytes).
    Removing stm32g4xx_hal_pwr_ex.o(.ARM.exidx.text.HAL_PWREx_EnableLowPowerRunMode), (8 bytes).
    Removing stm32g4xx_hal_pwr_ex.o(.text.HAL_PWREx_DisableLowPowerRunMode), (94 bytes).
    Removing stm32g4xx_hal_pwr_ex.o(.ARM.exidx.text.HAL_PWREx_DisableLowPowerRunMode), (8 bytes).
    Removing stm32g4xx_hal_pwr_ex.o(.text.HAL_PWREx_EnterSTOP0Mode), (54 bytes).
    Removing stm32g4xx_hal_pwr_ex.o(.ARM.exidx.text.HAL_PWREx_EnterSTOP0Mode), (8 bytes).
    Removing stm32g4xx_hal_pwr_ex.o(.text.HAL_PWREx_EnterSTOP1Mode), (64 bytes).
    Removing stm32g4xx_hal_pwr_ex.o(.ARM.exidx.text.HAL_PWREx_EnterSTOP1Mode), (8 bytes).
    Removing stm32g4xx_hal_pwr_ex.o(.text.HAL_PWREx_EnterSHUTDOWNMode), (38 bytes).
    Removing stm32g4xx_hal_pwr_ex.o(.ARM.exidx.text.HAL_PWREx_EnterSHUTDOWNMode), (8 bytes).
    Removing stm32g4xx_hal_pwr_ex.o(.text.HAL_PWREx_PVD_PVM_IRQHandler), (112 bytes).
    Removing stm32g4xx_hal_pwr_ex.o(.ARM.exidx.text.HAL_PWREx_PVD_PVM_IRQHandler), (8 bytes).
    Removing stm32g4xx_hal_pwr_ex.o(.text.HAL_PWREx_PVM1Callback), (2 bytes).
    Removing stm32g4xx_hal_pwr_ex.o(.ARM.exidx.text.HAL_PWREx_PVM1Callback), (8 bytes).
    Removing stm32g4xx_hal_pwr_ex.o(.text.HAL_PWREx_PVM2Callback), (2 bytes).
    Removing stm32g4xx_hal_pwr_ex.o(.ARM.exidx.text.HAL_PWREx_PVM2Callback), (8 bytes).
    Removing stm32g4xx_hal_pwr_ex.o(.text.HAL_PWREx_PVM3Callback), (2 bytes).
    Removing stm32g4xx_hal_pwr_ex.o(.ARM.exidx.text.HAL_PWREx_PVM3Callback), (8 bytes).
    Removing stm32g4xx_hal_pwr_ex.o(.text.HAL_PWREx_PVM4Callback), (2 bytes).
    Removing stm32g4xx_hal_pwr_ex.o(.ARM.exidx.text.HAL_PWREx_PVM4Callback), (8 bytes).
    Removing stm32g4xx_hal_pwr_ex.o(.text.HAL_PWREx_EnableUCPDStandbyMode), (18 bytes).
    Removing stm32g4xx_hal_pwr_ex.o(.ARM.exidx.text.HAL_PWREx_EnableUCPDStandbyMode), (8 bytes).
    Removing stm32g4xx_hal_pwr_ex.o(.text.HAL_PWREx_DisableUCPDStandbyMode), (18 bytes).
    Removing stm32g4xx_hal_pwr_ex.o(.ARM.exidx.text.HAL_PWREx_DisableUCPDStandbyMode), (8 bytes).
    Removing stm32g4xx_hal_pwr_ex.o(.text.HAL_PWREx_EnableUCPDDeadBattery), (18 bytes).
    Removing stm32g4xx_hal_pwr_ex.o(.ARM.exidx.text.HAL_PWREx_EnableUCPDDeadBattery), (8 bytes).
    Removing stm32g4xx_hal_pwr_ex.o(.ARM.exidx.text.HAL_PWREx_DisableUCPDDeadBattery), (8 bytes).
    Removing stm32g4xx_hal.o(.text), (0 bytes).
    Removing stm32g4xx_hal.o(.ARM.exidx.text.HAL_Init), (8 bytes).
    Removing stm32g4xx_hal.o(.ARM.exidx.text.HAL_InitTick), (8 bytes).
    Removing stm32g4xx_hal.o(.text.HAL_MspInit), (2 bytes).
    Removing stm32g4xx_hal.o(.ARM.exidx.text.HAL_MspInit), (8 bytes).
    Removing stm32g4xx_hal.o(.text.HAL_DeInit), (44 bytes).
    Removing stm32g4xx_hal.o(.ARM.exidx.text.HAL_DeInit), (8 bytes).
    Removing stm32g4xx_hal.o(.text.HAL_MspDeInit), (2 bytes).
    Removing stm32g4xx_hal.o(.ARM.exidx.text.HAL_MspDeInit), (8 bytes).
    Removing stm32g4xx_hal.o(.ARM.exidx.text.HAL_IncTick), (8 bytes).
    Removing stm32g4xx_hal.o(.ARM.exidx.text.HAL_GetTick), (8 bytes).
    Removing stm32g4xx_hal.o(.text.HAL_GetTickPrio), (12 bytes).
    Removing stm32g4xx_hal.o(.ARM.exidx.text.HAL_GetTickPrio), (8 bytes).
    Removing stm32g4xx_hal.o(.text.HAL_SetTickFreq), (38 bytes).
    Removing stm32g4xx_hal.o(.ARM.exidx.text.HAL_SetTickFreq), (8 bytes).
    Removing stm32g4xx_hal.o(.text.HAL_GetTickFreq), (12 bytes).
    Removing stm32g4xx_hal.o(.ARM.exidx.text.HAL_GetTickFreq), (8 bytes).
    Removing stm32g4xx_hal.o(.ARM.exidx.text.HAL_Delay), (8 bytes).
    Removing stm32g4xx_hal.o(.text.HAL_SuspendTick), (18 bytes).
    Removing stm32g4xx_hal.o(.ARM.exidx.text.HAL_SuspendTick), (8 bytes).
    Removing stm32g4xx_hal.o(.text.HAL_ResumeTick), (18 bytes).
    Removing stm32g4xx_hal.o(.ARM.exidx.text.HAL_ResumeTick), (8 bytes).
    Removing stm32g4xx_hal.o(.text.HAL_GetHalVersion), (10 bytes).
    Removing stm32g4xx_hal.o(.ARM.exidx.text.HAL_GetHalVersion), (8 bytes).
    Removing stm32g4xx_hal.o(.text.HAL_GetREVID), (14 bytes).
    Removing stm32g4xx_hal.o(.ARM.exidx.text.HAL_GetREVID), (8 bytes).
    Removing stm32g4xx_hal.o(.text.HAL_GetDEVID), (16 bytes).
    Removing stm32g4xx_hal.o(.ARM.exidx.text.HAL_GetDEVID), (8 bytes).
    Removing stm32g4xx_hal.o(.text.HAL_GetUIDw0), (12 bytes).
    Removing stm32g4xx_hal.o(.ARM.exidx.text.HAL_GetUIDw0), (8 bytes).
    Removing stm32g4xx_hal.o(.text.HAL_GetUIDw1), (12 bytes).
    Removing stm32g4xx_hal.o(.ARM.exidx.text.HAL_GetUIDw1), (8 bytes).
    Removing stm32g4xx_hal.o(.text.HAL_GetUIDw2), (12 bytes).
    Removing stm32g4xx_hal.o(.ARM.exidx.text.HAL_GetUIDw2), (8 bytes).
    Removing stm32g4xx_hal.o(.text.HAL_DBGMCU_EnableDBGSleepMode), (18 bytes).
    Removing stm32g4xx_hal.o(.ARM.exidx.text.HAL_DBGMCU_EnableDBGSleepMode), (8 bytes).
    Removing stm32g4xx_hal.o(.text.HAL_DBGMCU_DisableDBGSleepMode), (18 bytes).
    Removing stm32g4xx_hal.o(.ARM.exidx.text.HAL_DBGMCU_DisableDBGSleepMode), (8 bytes).
    Removing stm32g4xx_hal.o(.text.HAL_DBGMCU_EnableDBGStopMode), (18 bytes).
    Removing stm32g4xx_hal.o(.ARM.exidx.text.HAL_DBGMCU_EnableDBGStopMode), (8 bytes).
    Removing stm32g4xx_hal.o(.text.HAL_DBGMCU_DisableDBGStopMode), (18 bytes).
    Removing stm32g4xx_hal.o(.ARM.exidx.text.HAL_DBGMCU_DisableDBGStopMode), (8 bytes).
    Removing stm32g4xx_hal.o(.text.HAL_DBGMCU_EnableDBGStandbyMode), (18 bytes).
    Removing stm32g4xx_hal.o(.ARM.exidx.text.HAL_DBGMCU_EnableDBGStandbyMode), (8 bytes).
    Removing stm32g4xx_hal.o(.text.HAL_DBGMCU_DisableDBGStandbyMode), (18 bytes).
    Removing stm32g4xx_hal.o(.ARM.exidx.text.HAL_DBGMCU_DisableDBGStandbyMode), (8 bytes).
    Removing stm32g4xx_hal.o(.text.HAL_SYSCFG_CCMSRAMErase), (24 bytes).
    Removing stm32g4xx_hal.o(.ARM.exidx.text.HAL_SYSCFG_CCMSRAMErase), (8 bytes).
    Removing stm32g4xx_hal.o(.text.HAL_SYSCFG_EnableMemorySwappingBank), (16 bytes).
    Removing stm32g4xx_hal.o(.ARM.exidx.text.HAL_SYSCFG_EnableMemorySwappingBank), (8 bytes).
    Removing stm32g4xx_hal.o(.text.HAL_SYSCFG_DisableMemorySwappingBank), (16 bytes).
    Removing stm32g4xx_hal.o(.ARM.exidx.text.HAL_SYSCFG_DisableMemorySwappingBank), (8 bytes).
    Removing stm32g4xx_hal.o(.text.HAL_SYSCFG_VREFBUF_VoltageScalingConfig), (18 bytes).
    Removing stm32g4xx_hal.o(.ARM.exidx.text.HAL_SYSCFG_VREFBUF_VoltageScalingConfig), (8 bytes).
    Removing stm32g4xx_hal.o(.text.HAL_SYSCFG_VREFBUF_HighImpedanceConfig), (18 bytes).
    Removing stm32g4xx_hal.o(.ARM.exidx.text.HAL_SYSCFG_VREFBUF_HighImpedanceConfig), (8 bytes).
    Removing stm32g4xx_hal.o(.text.HAL_SYSCFG_VREFBUF_TrimmingConfig), (18 bytes).
    Removing stm32g4xx_hal.o(.ARM.exidx.text.HAL_SYSCFG_VREFBUF_TrimmingConfig), (8 bytes).
    Removing stm32g4xx_hal.o(.text.HAL_SYSCFG_EnableVREFBUF), (48 bytes).
    Removing stm32g4xx_hal.o(.ARM.exidx.text.HAL_SYSCFG_EnableVREFBUF), (8 bytes).
    Removing stm32g4xx_hal.o(.text.HAL_SYSCFG_DisableVREFBUF), (16 bytes).
    Removing stm32g4xx_hal.o(.ARM.exidx.text.HAL_SYSCFG_DisableVREFBUF), (8 bytes).
    Removing stm32g4xx_hal.o(.text.HAL_SYSCFG_EnableIOSwitchBooster), (16 bytes).
    Removing stm32g4xx_hal.o(.ARM.exidx.text.HAL_SYSCFG_EnableIOSwitchBooster), (8 bytes).
    Removing stm32g4xx_hal.o(.text.HAL_SYSCFG_DisableIOSwitchBooster), (16 bytes).
    Removing stm32g4xx_hal.o(.ARM.exidx.text.HAL_SYSCFG_DisableIOSwitchBooster), (8 bytes).
    Removing stm32g4xx_hal.o(.text.HAL_SYSCFG_EnableIOSwitchVDD), (16 bytes).
    Removing stm32g4xx_hal.o(.ARM.exidx.text.HAL_SYSCFG_EnableIOSwitchVDD), (8 bytes).
    Removing stm32g4xx_hal.o(.text.HAL_SYSCFG_DisableIOSwitchVDD), (16 bytes).
    Removing stm32g4xx_hal.o(.ARM.exidx.text.HAL_SYSCFG_DisableIOSwitchVDD), (8 bytes).
    Removing stm32g4xx_hal.o(.text.HAL_SYSCFG_CCMSRAM_WriteProtectionEnable), (14 bytes).
    Removing stm32g4xx_hal.o(.ARM.exidx.text.HAL_SYSCFG_CCMSRAM_WriteProtectionEnable), (8 bytes).
    Removing stm32g4xx_hal_rcc.o(.text), (0 bytes).
    Removing stm32g4xx_hal_rcc.o(.text.HAL_RCC_DeInit), (198 bytes).
    Removing stm32g4xx_hal_rcc.o(.ARM.exidx.text.HAL_RCC_DeInit), (8 bytes).
    Removing stm32g4xx_hal_rcc.o(.ARM.exidx.text.HAL_RCC_OscConfig), (8 bytes).
    Removing stm32g4xx_hal_rcc.o(.ARM.exidx.text.HAL_RCC_ClockConfig), (8 bytes).
    Removing stm32g4xx_hal_rcc.o(.text.HAL_RCC_GetSysClockFreq), (130 bytes).
    Removing stm32g4xx_hal_rcc.o(.ARM.exidx.text.HAL_RCC_GetSysClockFreq), (8 bytes).
    Removing stm32g4xx_hal_rcc.o(.text.HAL_RCC_MCOConfig), (90 bytes).
    Removing stm32g4xx_hal_rcc.o(.ARM.exidx.text.HAL_RCC_MCOConfig), (8 bytes).
    Removing stm32g4xx_hal_rcc.o(.text.HAL_RCC_GetHCLKFreq), (12 bytes).
    Removing stm32g4xx_hal_rcc.o(.ARM.exidx.text.HAL_RCC_GetHCLKFreq), (8 bytes).
    Removing stm32g4xx_hal_rcc.o(.text.HAL_RCC_GetPCLK1Freq), (42 bytes).
    Removing stm32g4xx_hal_rcc.o(.ARM.exidx.text.HAL_RCC_GetPCLK1Freq), (8 bytes).
    Removing stm32g4xx_hal_rcc.o(.text.HAL_RCC_GetPCLK2Freq), (42 bytes).
    Removing stm32g4xx_hal_rcc.o(.ARM.exidx.text.HAL_RCC_GetPCLK2Freq), (8 bytes).
    Removing stm32g4xx_hal_rcc.o(.text.HAL_RCC_GetOscConfig), (184 bytes).
    Removing stm32g4xx_hal_rcc.o(.ARM.exidx.text.HAL_RCC_GetOscConfig), (8 bytes).
    Removing stm32g4xx_hal_rcc.o(.text.HAL_RCC_GetClockConfig), (66 bytes).
    Removing stm32g4xx_hal_rcc.o(.ARM.exidx.text.HAL_RCC_GetClockConfig), (8 bytes).
    Removing stm32g4xx_hal_rcc.o(.text.HAL_RCC_EnableCSS), (18 bytes).
    Removing stm32g4xx_hal_rcc.o(.ARM.exidx.text.HAL_RCC_EnableCSS), (8 bytes).
    Removing stm32g4xx_hal_rcc.o(.text.HAL_RCC_EnableLSECSS), (18 bytes).
    Removing stm32g4xx_hal_rcc.o(.ARM.exidx.text.HAL_RCC_EnableLSECSS), (8 bytes).
    Removing stm32g4xx_hal_rcc.o(.text.HAL_RCC_DisableLSECSS), (18 bytes).
    Removing stm32g4xx_hal_rcc.o(.ARM.exidx.text.HAL_RCC_DisableLSECSS), (8 bytes).
    Removing stm32g4xx_hal_rcc.o(.text.HAL_RCC_NMI_IRQHandler), (30 bytes).
    Removing stm32g4xx_hal_rcc.o(.ARM.exidx.text.HAL_RCC_NMI_IRQHandler), (8 bytes).
    Removing stm32g4xx_hal_rcc.o(.text.HAL_RCC_CSSCallback), (2 bytes).
    Removing stm32g4xx_hal_rcc.o(.ARM.exidx.text.HAL_RCC_CSSCallback), (8 bytes).
    Removing stm32g4xx_hal_rcc_ex.o(.text), (0 bytes).
    Removing stm32g4xx_hal_rcc_ex.o(.text.HAL_RCCEx_PeriphCLKConfig), (726 bytes).
    Removing stm32g4xx_hal_rcc_ex.o(.ARM.exidx.text.HAL_RCCEx_PeriphCLKConfig), (8 bytes).
    Removing stm32g4xx_hal_rcc_ex.o(.text.HAL_RCCEx_GetPeriphCLKConfig), (180 bytes).
    Removing stm32g4xx_hal_rcc_ex.o(.ARM.exidx.text.HAL_RCCEx_GetPeriphCLKConfig), (8 bytes).
    Removing stm32g4xx_hal_rcc_ex.o(.text.HAL_RCCEx_GetPeriphCLKFreq), (1452 bytes).
    Removing stm32g4xx_hal_rcc_ex.o(.ARM.exidx.text.HAL_RCCEx_GetPeriphCLKFreq), (8 bytes).
    Removing stm32g4xx_hal_rcc_ex.o(.text.HAL_RCCEx_EnableLSECSS), (18 bytes).
    Removing stm32g4xx_hal_rcc_ex.o(.ARM.exidx.text.HAL_RCCEx_EnableLSECSS), (8 bytes).
    Removing stm32g4xx_hal_rcc_ex.o(.text.HAL_RCCEx_DisableLSECSS), (26 bytes).
    Removing stm32g4xx_hal_rcc_ex.o(.ARM.exidx.text.HAL_RCCEx_DisableLSECSS), (8 bytes).
    Removing stm32g4xx_hal_rcc_ex.o(.text.HAL_RCCEx_EnableLSECSS_IT), (50 bytes).
    Removing stm32g4xx_hal_rcc_ex.o(.ARM.exidx.text.HAL_RCCEx_EnableLSECSS_IT), (8 bytes).
    Removing stm32g4xx_hal_rcc_ex.o(.text.HAL_RCCEx_LSECSS_IRQHandler), (30 bytes).
    Removing stm32g4xx_hal_rcc_ex.o(.ARM.exidx.text.HAL_RCCEx_LSECSS_IRQHandler), (8 bytes).
    Removing stm32g4xx_hal_rcc_ex.o(.text.HAL_RCCEx_LSECSS_Callback), (2 bytes).
    Removing stm32g4xx_hal_rcc_ex.o(.ARM.exidx.text.HAL_RCCEx_LSECSS_Callback), (8 bytes).
    Removing stm32g4xx_hal_rcc_ex.o(.text.HAL_RCCEx_EnableLSCO), (162 bytes).
    Removing stm32g4xx_hal_rcc_ex.o(.ARM.exidx.text.HAL_RCCEx_EnableLSCO), (8 bytes).
    Removing stm32g4xx_hal_rcc_ex.o(.text.HAL_RCCEx_DisableLSCO), (96 bytes).
    Removing stm32g4xx_hal_rcc_ex.o(.ARM.exidx.text.HAL_RCCEx_DisableLSCO), (8 bytes).
    Removing stm32g4xx_hal_rcc_ex.o(.text.HAL_RCCEx_CRSConfig), (76 bytes).
    Removing stm32g4xx_hal_rcc_ex.o(.ARM.exidx.text.HAL_RCCEx_CRSConfig), (8 bytes).
    Removing stm32g4xx_hal_rcc_ex.o(.text.HAL_RCCEx_CRSSoftwareSynchronizationGenerate), (18 bytes).
    Removing stm32g4xx_hal_rcc_ex.o(.ARM.exidx.text.HAL_RCCEx_CRSSoftwareSynchronizationGenerate), (8 bytes).
    Removing stm32g4xx_hal_rcc_ex.o(.text.HAL_RCCEx_CRSGetSynchronizationInfo), (42 bytes).
    Removing stm32g4xx_hal_rcc_ex.o(.ARM.exidx.text.HAL_RCCEx_CRSGetSynchronizationInfo), (8 bytes).
    Removing stm32g4xx_hal_rcc_ex.o(.text.HAL_RCCEx_CRSWaitSynchronization), (230 bytes).
    Removing stm32g4xx_hal_rcc_ex.o(.ARM.exidx.text.HAL_RCCEx_CRSWaitSynchronization), (8 bytes).
    Removing stm32g4xx_hal_rcc_ex.o(.text.HAL_RCCEx_CRS_IRQHandler), (102 bytes).
    Removing stm32g4xx_hal_rcc_ex.o(.ARM.exidx.text.HAL_RCCEx_CRS_IRQHandler), (8 bytes).
    Removing stm32g4xx_hal_rcc_ex.o(.text.HAL_RCCEx_CRS_SyncOkCallback), (2 bytes).
    Removing stm32g4xx_hal_rcc_ex.o(.ARM.exidx.text.HAL_RCCEx_CRS_SyncOkCallback), (8 bytes).
    Removing stm32g4xx_hal_rcc_ex.o(.text.HAL_RCCEx_CRS_SyncWarnCallback), (2 bytes).
    Removing stm32g4xx_hal_rcc_ex.o(.ARM.exidx.text.HAL_RCCEx_CRS_SyncWarnCallback), (8 bytes).
    Removing stm32g4xx_hal_rcc_ex.o(.text.HAL_RCCEx_CRS_ExpectedSyncCallback), (2 bytes).
    Removing stm32g4xx_hal_rcc_ex.o(.ARM.exidx.text.HAL_RCCEx_CRS_ExpectedSyncCallback), (8 bytes).
    Removing stm32g4xx_hal_rcc_ex.o(.text.HAL_RCCEx_CRS_ErrorCallback), (2 bytes).
    Removing stm32g4xx_hal_rcc_ex.o(.ARM.exidx.text.HAL_RCCEx_CRS_ErrorCallback), (8 bytes).
    Removing stm32g4xx_hal_flash.o(.text), (0 bytes).
    Removing stm32g4xx_hal_flash.o(.text.HAL_FLASH_Program), (434 bytes).
    Removing stm32g4xx_hal_flash.o(.ARM.exidx.text.HAL_FLASH_Program), (8 bytes).
    Removing stm32g4xx_hal_flash.o(.text.FLASH_WaitForLastOperation), (90 bytes).
    Removing stm32g4xx_hal_flash.o(.ARM.exidx.text.FLASH_WaitForLastOperation), (8 bytes).
    Removing stm32g4xx_hal_flash.o(.text.HAL_FLASH_Program_IT), (342 bytes).
    Removing stm32g4xx_hal_flash.o(.ARM.exidx.text.HAL_FLASH_Program_IT), (8 bytes).
    Removing stm32g4xx_hal_flash.o(.text.HAL_FLASH_IRQHandler), (254 bytes).
    Removing stm32g4xx_hal_flash.o(.ARM.exidx.text.HAL_FLASH_IRQHandler), (8 bytes).
    Removing stm32g4xx_hal_flash.o(.text.HAL_FLASH_OperationErrorCallback), (2 bytes).
    Removing stm32g4xx_hal_flash.o(.ARM.exidx.text.HAL_FLASH_OperationErrorCallback), (8 bytes).
    Removing stm32g4xx_hal_flash.o(.text.HAL_FLASH_EndOfOperationCallback), (2 bytes).
    Removing stm32g4xx_hal_flash.o(.ARM.exidx.text.HAL_FLASH_EndOfOperationCallback), (8 bytes).
    Removing stm32g4xx_hal_flash.o(.text.HAL_FLASH_Unlock), (46 bytes).
    Removing stm32g4xx_hal_flash.o(.ARM.exidx.text.HAL_FLASH_Unlock), (8 bytes).
    Removing stm32g4xx_hal_flash.o(.text.HAL_FLASH_Lock), (24 bytes).
    Removing stm32g4xx_hal_flash.o(.ARM.exidx.text.HAL_FLASH_Lock), (8 bytes).
    Removing stm32g4xx_hal_flash.o(.text.HAL_FLASH_OB_Unlock), (46 bytes).
    Removing stm32g4xx_hal_flash.o(.ARM.exidx.text.HAL_FLASH_OB_Unlock), (8 bytes).
    Removing stm32g4xx_hal_flash.o(.text.HAL_FLASH_OB_Lock), (30 bytes).
    Removing stm32g4xx_hal_flash.o(.ARM.exidx.text.HAL_FLASH_OB_Lock), (8 bytes).
    Removing stm32g4xx_hal_flash.o(.text.HAL_FLASH_OB_Launch), (98 bytes).
    Removing stm32g4xx_hal_flash.o(.ARM.exidx.text.HAL_FLASH_OB_Launch), (8 bytes).
    Removing stm32g4xx_hal_flash.o(.text.HAL_FLASH_GetError), (12 bytes).
    Removing stm32g4xx_hal_flash.o(.ARM.exidx.text.HAL_FLASH_GetError), (8 bytes).
    Removing stm32g4xx_hal_flash.o(.data.pFlash), (32 bytes).
    Removing stm32g4xx_hal_flash_ex.o(.text), (0 bytes).
    Removing stm32g4xx_hal_flash_ex.o(.text.HAL_FLASHEx_Erase), (474 bytes).
    Removing stm32g4xx_hal_flash_ex.o(.ARM.exidx.text.HAL_FLASHEx_Erase), (8 bytes).
    Removing stm32g4xx_hal_flash_ex.o(.text.FLASH_PageErase), (72 bytes).
    Removing stm32g4xx_hal_flash_ex.o(.ARM.exidx.text.FLASH_PageErase), (8 bytes).
    Removing stm32g4xx_hal_flash_ex.o(.text.FLASH_FlushCaches), (110 bytes).
    Removing stm32g4xx_hal_flash_ex.o(.ARM.exidx.text.FLASH_FlushCaches), (8 bytes).
    Removing stm32g4xx_hal_flash_ex.o(.text.HAL_FLASHEx_Erase_IT), (246 bytes).
    Removing stm32g4xx_hal_flash_ex.o(.ARM.exidx.text.HAL_FLASHEx_Erase_IT), (8 bytes).
    Removing stm32g4xx_hal_flash_ex.o(.text.HAL_FLASHEx_OBProgram), (1028 bytes).
    Removing stm32g4xx_hal_flash_ex.o(.ARM.exidx.text.HAL_FLASHEx_OBProgram), (8 bytes).
    Removing stm32g4xx_hal_flash_ex.o(.text.HAL_FLASHEx_OBGetConfig), (400 bytes).
    Removing stm32g4xx_hal_flash_ex.o(.ARM.exidx.text.HAL_FLASHEx_OBGetConfig), (8 bytes).
    Removing stm32g4xx_hal_flash_ex.o(.text.HAL_FLASHEx_EnableSecMemProtection), (58 bytes).
    Removing stm32g4xx_hal_flash_ex.o(.ARM.exidx.text.HAL_FLASHEx_EnableSecMemProtection), (8 bytes).
    Removing stm32g4xx_hal_flash_ex.o(.text.HAL_FLASHEx_EnableDebugger), (18 bytes).
    Removing stm32g4xx_hal_flash_ex.o(.ARM.exidx.text.HAL_FLASHEx_EnableDebugger), (8 bytes).
    Removing stm32g4xx_hal_flash_ex.o(.text.HAL_FLASHEx_DisableDebugger), (18 bytes).
    Removing stm32g4xx_hal_flash_ex.o(.ARM.exidx.text.HAL_FLASHEx_DisableDebugger), (8 bytes).
    Removing stm32g4xx_hal_flash_ramfunc.o(.text), (0 bytes).
    Removing stm32g4xx_hal_flash_ramfunc.o(.text.HAL_FLASHEx_EnableRunPowerDown), (40 bytes).
    Removing stm32g4xx_hal_flash_ramfunc.o(.ARM.exidx.text.HAL_FLASHEx_EnableRunPowerDown), (8 bytes).
    Removing stm32g4xx_hal_flash_ramfunc.o(.text.HAL_FLASHEx_DisableRunPowerDown), (40 bytes).
    Removing stm32g4xx_hal_flash_ramfunc.o(.ARM.exidx.text.HAL_FLASHEx_DisableRunPowerDown), (8 bytes).
    Removing stm32g4xx_hal_flash_ramfunc.o(.text.HAL_FLASHEx_OB_DBankConfig), (330 bytes).
    Removing stm32g4xx_hal_flash_ramfunc.o(.ARM.exidx.text.HAL_FLASHEx_OB_DBankConfig), (8 bytes).
    Removing stm32g4xx_hal_gpio.o(.text), (0 bytes).
    Removing stm32g4xx_hal_gpio.o(.ARM.exidx.text.HAL_GPIO_Init), (8 bytes).
    Removing stm32g4xx_hal_gpio.o(.text.HAL_GPIO_DeInit), (264 bytes).
    Removing stm32g4xx_hal_gpio.o(.ARM.exidx.text.HAL_GPIO_DeInit), (8 bytes).
    Removing stm32g4xx_hal_gpio.o(.text.HAL_GPIO_ReadPin), (10 bytes).
    Removing stm32g4xx_hal_gpio.o(.ARM.exidx.text.HAL_GPIO_ReadPin), (8 bytes).
    Removing stm32g4xx_hal_gpio.o(.ARM.exidx.text.HAL_GPIO_WritePin), (8 bytes).
    Removing stm32g4xx_hal_gpio.o(.text.HAL_GPIO_TogglePin), (16 bytes).
    Removing stm32g4xx_hal_gpio.o(.ARM.exidx.text.HAL_GPIO_TogglePin), (8 bytes).
    Removing stm32g4xx_hal_gpio.o(.text.HAL_GPIO_LockPin), (44 bytes).
    Removing stm32g4xx_hal_gpio.o(.ARM.exidx.text.HAL_GPIO_LockPin), (8 bytes).
    Removing stm32g4xx_hal_gpio.o(.text.HAL_GPIO_EXTI_IRQHandler), (22 bytes).
    Removing stm32g4xx_hal_gpio.o(.ARM.exidx.text.HAL_GPIO_EXTI_IRQHandler), (8 bytes).
    Removing stm32g4xx_hal_gpio.o(.text.HAL_GPIO_EXTI_Callback), (2 bytes).
    Removing stm32g4xx_hal_gpio.o(.ARM.exidx.text.HAL_GPIO_EXTI_Callback), (8 bytes).
    Removing stm32g4xx_hal_exti.o(.text), (0 bytes).
    Removing stm32g4xx_hal_exti.o(.text.HAL_EXTI_SetConfigLine), (216 bytes).
    Removing stm32g4xx_hal_exti.o(.ARM.exidx.text.HAL_EXTI_SetConfigLine), (8 bytes).
    Removing stm32g4xx_hal_exti.o(.text.HAL_EXTI_GetConfigLine), (164 bytes).
    Removing stm32g4xx_hal_exti.o(.ARM.exidx.text.HAL_EXTI_GetConfigLine), (8 bytes).
    Removing stm32g4xx_hal_exti.o(.text.HAL_EXTI_ClearConfigLine), (146 bytes).
    Removing stm32g4xx_hal_exti.o(.ARM.exidx.text.HAL_EXTI_ClearConfigLine), (8 bytes).
    Removing stm32g4xx_hal_exti.o(.text.HAL_EXTI_RegisterCallback), (16 bytes).
    Removing stm32g4xx_hal_exti.o(.ARM.exidx.text.HAL_EXTI_RegisterCallback), (8 bytes).
    Removing stm32g4xx_hal_exti.o(.text.HAL_EXTI_GetHandle), (12 bytes).
    Removing stm32g4xx_hal_exti.o(.ARM.exidx.text.HAL_EXTI_GetHandle), (8 bytes).
    Removing stm32g4xx_hal_exti.o(.text.HAL_EXTI_IRQHandler), (58 bytes).
    Removing stm32g4xx_hal_exti.o(.ARM.exidx.text.HAL_EXTI_IRQHandler), (8 bytes).
    Removing stm32g4xx_hal_exti.o(.text.HAL_EXTI_GetPending), (32 bytes).
    Removing stm32g4xx_hal_exti.o(.ARM.exidx.text.HAL_EXTI_GetPending), (8 bytes).
    Removing stm32g4xx_hal_exti.o(.text.HAL_EXTI_ClearPending), (30 bytes).
    Removing stm32g4xx_hal_exti.o(.ARM.exidx.text.HAL_EXTI_ClearPending), (8 bytes).
    Removing stm32g4xx_hal_exti.o(.text.HAL_EXTI_GenerateSWI), (30 bytes).
    Removing stm32g4xx_hal_exti.o(.ARM.exidx.text.HAL_EXTI_GenerateSWI), (8 bytes).
    Removing stm32g4xx_hal_dma.o(.text), (0 bytes).
    Removing stm32g4xx_hal_dma.o(.text.HAL_DMA_Init), (280 bytes).
    Removing stm32g4xx_hal_dma.o(.ARM.exidx.text.HAL_DMA_Init), (8 bytes).
    Removing stm32g4xx_hal_dma.o(.text.HAL_DMA_DeInit), (240 bytes).
    Removing stm32g4xx_hal_dma.o(.ARM.exidx.text.HAL_DMA_DeInit), (8 bytes).
    Removing stm32g4xx_hal_dma.o(.text.HAL_DMA_Start), (150 bytes).
    Removing stm32g4xx_hal_dma.o(.ARM.exidx.text.HAL_DMA_Start), (8 bytes).
    Removing stm32g4xx_hal_dma.o(.text.HAL_DMA_Start_IT), (232 bytes).
    Removing stm32g4xx_hal_dma.o(.ARM.exidx.text.HAL_DMA_Start_IT), (8 bytes).
    Removing stm32g4xx_hal_dma.o(.text.HAL_DMA_Abort), (112 bytes).
    Removing stm32g4xx_hal_dma.o(.ARM.exidx.text.HAL_DMA_Abort), (8 bytes).
    Removing stm32g4xx_hal_dma.o(.text.HAL_DMA_Abort_IT), (128 bytes).
    Removing stm32g4xx_hal_dma.o(.ARM.exidx.text.HAL_DMA_Abort_IT), (8 bytes).
    Removing stm32g4xx_hal_dma.o(.text.HAL_DMA_PollForTransfer), (362 bytes).
    Removing stm32g4xx_hal_dma.o(.ARM.exidx.text.HAL_DMA_PollForTransfer), (8 bytes).
    Removing stm32g4xx_hal_dma.o(.text.HAL_DMA_IRQHandler), (170 bytes).
    Removing stm32g4xx_hal_dma.o(.ARM.exidx.text.HAL_DMA_IRQHandler), (8 bytes).
    Removing stm32g4xx_hal_dma.o(.text.HAL_DMA_RegisterCallback), (46 bytes).
    Removing stm32g4xx_hal_dma.o(.ARM.exidx.text.HAL_DMA_RegisterCallback), (8 bytes).
    Removing stm32g4xx_hal_dma.o(.text.HAL_DMA_UnRegisterCallback), (122 bytes).
    Removing stm32g4xx_hal_dma.o(.ARM.exidx.text.HAL_DMA_UnRegisterCallback), (8 bytes).
    Removing stm32g4xx_hal_dma.o(.text.HAL_DMA_GetState), (6 bytes).
    Removing stm32g4xx_hal_dma.o(.ARM.exidx.text.HAL_DMA_GetState), (8 bytes).
    Removing stm32g4xx_hal_dma.o(.text.HAL_DMA_GetError), (4 bytes).
    Removing stm32g4xx_hal_dma.o(.ARM.exidx.text.HAL_DMA_GetError), (8 bytes).
    Removing stm32g4xx_hal_dma_ex.o(.text), (0 bytes).
    Removing stm32g4xx_hal_dma_ex.o(.text.HAL_DMAEx_ConfigMuxSync), (86 bytes).
    Removing stm32g4xx_hal_dma_ex.o(.ARM.exidx.text.HAL_DMAEx_ConfigMuxSync), (8 bytes).
    Removing stm32g4xx_hal_dma_ex.o(.text.HAL_DMAEx_ConfigMuxRequestGenerator), (64 bytes).
    Removing stm32g4xx_hal_dma_ex.o(.ARM.exidx.text.HAL_DMAEx_ConfigMuxRequestGenerator), (8 bytes).
    Removing stm32g4xx_hal_dma_ex.o(.text.HAL_DMAEx_EnableMuxRequestGenerator), (28 bytes).
    Removing stm32g4xx_hal_dma_ex.o(.ARM.exidx.text.HAL_DMAEx_EnableMuxRequestGenerator), (8 bytes).
    Removing stm32g4xx_hal_dma_ex.o(.text.HAL_DMAEx_DisableMuxRequestGenerator), (28 bytes).
    Removing stm32g4xx_hal_dma_ex.o(.ARM.exidx.text.HAL_DMAEx_DisableMuxRequestGenerator), (8 bytes).
    Removing stm32g4xx_hal_dma_ex.o(.text.HAL_DMAEx_MUX_IRQHandler), (94 bytes).
    Removing stm32g4xx_hal_dma_ex.o(.ARM.exidx.text.HAL_DMAEx_MUX_IRQHandler), (8 bytes).
    Removing stm32g4xx_hal_pwr.o(.text), (0 bytes).
    Removing stm32g4xx_hal_pwr.o(.text.HAL_PWR_DeInit), (26 bytes).
    Removing stm32g4xx_hal_pwr.o(.ARM.exidx.text.HAL_PWR_DeInit), (8 bytes).
    Removing stm32g4xx_hal_pwr.o(.text.HAL_PWR_EnableBkUpAccess), (18 bytes).
    Removing stm32g4xx_hal_pwr.o(.ARM.exidx.text.HAL_PWR_EnableBkUpAccess), (8 bytes).
    Removing stm32g4xx_hal_pwr.o(.text.HAL_PWR_DisableBkUpAccess), (18 bytes).
    Removing stm32g4xx_hal_pwr.o(.ARM.exidx.text.HAL_PWR_DisableBkUpAccess), (8 bytes).
    Removing stm32g4xx_hal_pwr.o(.text.HAL_PWR_ConfigPVD), (136 bytes).
    Removing stm32g4xx_hal_pwr.o(.ARM.exidx.text.HAL_PWR_ConfigPVD), (8 bytes).
    Removing stm32g4xx_hal_pwr.o(.text.HAL_PWR_EnablePVD), (18 bytes).
    Removing stm32g4xx_hal_pwr.o(.ARM.exidx.text.HAL_PWR_EnablePVD), (8 bytes).
    Removing stm32g4xx_hal_pwr.o(.text.HAL_PWR_DisablePVD), (18 bytes).
    Removing stm32g4xx_hal_pwr.o(.ARM.exidx.text.HAL_PWR_DisablePVD), (8 bytes).
    Removing stm32g4xx_hal_pwr.o(.text.HAL_PWR_EnableWakeUpPin), (30 bytes).
    Removing stm32g4xx_hal_pwr.o(.ARM.exidx.text.HAL_PWR_EnableWakeUpPin), (8 bytes).
    Removing stm32g4xx_hal_pwr.o(.text.HAL_PWR_DisableWakeUpPin), (24 bytes).
    Removing stm32g4xx_hal_pwr.o(.ARM.exidx.text.HAL_PWR_DisableWakeUpPin), (8 bytes).
    Removing stm32g4xx_hal_pwr.o(.text.HAL_PWR_EnterSLEEPMode), (66 bytes).
    Removing stm32g4xx_hal_pwr.o(.ARM.exidx.text.HAL_PWR_EnterSLEEPMode), (8 bytes).
    Removing stm32g4xx_hal_pwr.o(.text.HAL_PWR_EnterSTOPMode), (16 bytes).
    Removing stm32g4xx_hal_pwr.o(.ARM.exidx.text.HAL_PWR_EnterSTOPMode), (8 bytes).
    Removing stm32g4xx_hal_pwr.o(.text.HAL_PWR_EnterSTANDBYMode), (38 bytes).
    Removing stm32g4xx_hal_pwr.o(.ARM.exidx.text.HAL_PWR_EnterSTANDBYMode), (8 bytes).
    Removing stm32g4xx_hal_pwr.o(.text.HAL_PWR_EnableSleepOnExit), (18 bytes).
    Removing stm32g4xx_hal_pwr.o(.ARM.exidx.text.HAL_PWR_EnableSleepOnExit), (8 bytes).
    Removing stm32g4xx_hal_pwr.o(.text.HAL_PWR_DisableSleepOnExit), (18 bytes).
    Removing stm32g4xx_hal_pwr.o(.ARM.exidx.text.HAL_PWR_DisableSleepOnExit), (8 bytes).
    Removing stm32g4xx_hal_pwr.o(.text.HAL_PWR_EnableSEVOnPend), (18 bytes).
    Removing stm32g4xx_hal_pwr.o(.ARM.exidx.text.HAL_PWR_EnableSEVOnPend), (8 bytes).
    Removing stm32g4xx_hal_pwr.o(.text.HAL_PWR_DisableSEVOnPend), (18 bytes).
    Removing stm32g4xx_hal_pwr.o(.ARM.exidx.text.HAL_PWR_DisableSEVOnPend), (8 bytes).
    Removing stm32g4xx_hal_pwr.o(.text.HAL_PWR_PVDCallback), (2 bytes).
    Removing stm32g4xx_hal_pwr.o(.ARM.exidx.text.HAL_PWR_PVDCallback), (8 bytes).
    Removing stm32g4xx_hal_cortex.o(.text), (0 bytes).
    Removing stm32g4xx_hal_cortex.o(.ARM.exidx.text.HAL_NVIC_SetPriorityGrouping), (8 bytes).
    Removing stm32g4xx_hal_cortex.o(.ARM.exidx.text.HAL_NVIC_SetPriority), (8 bytes).
    Removing stm32g4xx_hal_cortex.o(.text.HAL_NVIC_EnableIRQ), (34 bytes).
    Removing stm32g4xx_hal_cortex.o(.ARM.exidx.text.HAL_NVIC_EnableIRQ), (8 bytes).
    Removing stm32g4xx_hal_cortex.o(.text.HAL_NVIC_DisableIRQ), (42 bytes).
    Removing stm32g4xx_hal_cortex.o(.ARM.exidx.text.HAL_NVIC_DisableIRQ), (8 bytes).
    Removing stm32g4xx_hal_cortex.o(.text.HAL_NVIC_SystemReset), (4 bytes).
    Removing stm32g4xx_hal_cortex.o(.ARM.exidx.text.HAL_NVIC_SystemReset), (8 bytes).
    Removing stm32g4xx_hal_cortex.o(.text.__NVIC_SystemReset), (42 bytes).
    Removing stm32g4xx_hal_cortex.o(.ARM.exidx.text.__NVIC_SystemReset), (8 bytes).
    Removing stm32g4xx_hal_cortex.o(.ARM.exidx.text.HAL_SYSTICK_Config), (8 bytes).
    Removing stm32g4xx_hal_cortex.o(.text.HAL_NVIC_GetPriorityGrouping), (16 bytes).
    Removing stm32g4xx_hal_cortex.o(.ARM.exidx.text.HAL_NVIC_GetPriorityGrouping), (8 bytes).
    Removing stm32g4xx_hal_cortex.o(.text.HAL_NVIC_GetPriority), (88 bytes).
    Removing stm32g4xx_hal_cortex.o(.ARM.exidx.text.HAL_NVIC_GetPriority), (8 bytes).
    Removing stm32g4xx_hal_cortex.o(.text.HAL_NVIC_SetPendingIRQ), (34 bytes).
    Removing stm32g4xx_hal_cortex.o(.ARM.exidx.text.HAL_NVIC_SetPendingIRQ), (8 bytes).
    Removing stm32g4xx_hal_cortex.o(.text.HAL_NVIC_GetPendingIRQ), (38 bytes).
    Removing stm32g4xx_hal_cortex.o(.ARM.exidx.text.HAL_NVIC_GetPendingIRQ), (8 bytes).
    Removing stm32g4xx_hal_cortex.o(.text.HAL_NVIC_ClearPendingIRQ), (34 bytes).
    Removing stm32g4xx_hal_cortex.o(.ARM.exidx.text.HAL_NVIC_ClearPendingIRQ), (8 bytes).
    Removing stm32g4xx_hal_cortex.o(.text.HAL_NVIC_GetActive), (38 bytes).
    Removing stm32g4xx_hal_cortex.o(.ARM.exidx.text.HAL_NVIC_GetActive), (8 bytes).
    Removing stm32g4xx_hal_cortex.o(.text.HAL_SYSTICK_CLKSourceConfig), (24 bytes).
    Removing stm32g4xx_hal_cortex.o(.ARM.exidx.text.HAL_SYSTICK_CLKSourceConfig), (8 bytes).
    Removing stm32g4xx_hal_cortex.o(.text.HAL_SYSTICK_IRQHandler), (4 bytes).
    Removing stm32g4xx_hal_cortex.o(.ARM.exidx.text.HAL_SYSTICK_IRQHandler), (8 bytes).
    Removing stm32g4xx_hal_cortex.o(.text.HAL_SYSTICK_Callback), (2 bytes).
    Removing stm32g4xx_hal_cortex.o(.ARM.exidx.text.HAL_SYSTICK_Callback), (8 bytes).
    Removing stm32g4xx_hal_cortex.o(.text.HAL_MPU_Enable), (24 bytes).
    Removing stm32g4xx_hal_cortex.o(.ARM.exidx.text.HAL_MPU_Enable), (8 bytes).
    Removing stm32g4xx_hal_cortex.o(.text.HAL_MPU_Disable), (18 bytes).
    Removing stm32g4xx_hal_cortex.o(.ARM.exidx.text.HAL_MPU_Disable), (8 bytes).
    Removing stm32g4xx_hal_cortex.o(.text.HAL_MPU_EnableRegion), (22 bytes).
    Removing stm32g4xx_hal_cortex.o(.ARM.exidx.text.HAL_MPU_EnableRegion), (8 bytes).
    Removing stm32g4xx_hal_cortex.o(.text.HAL_MPU_DisableRegion), (22 bytes).
    Removing stm32g4xx_hal_cortex.o(.ARM.exidx.text.HAL_MPU_DisableRegion), (8 bytes).
    Removing stm32g4xx_hal_cortex.o(.text.HAL_MPU_ConfigRegion), (94 bytes).
    Removing stm32g4xx_hal_cortex.o(.ARM.exidx.text.HAL_MPU_ConfigRegion), (8 bytes).
    Removing system_stm32g4xx.o(.text), (0 bytes).
    Removing system_stm32g4xx.o(.ARM.exidx.text.SystemInit), (8 bytes).
    Removing system_stm32g4xx.o(.text.SystemCoreClockUpdate), (156 bytes).
    Removing system_stm32g4xx.o(.ARM.exidx.text.SystemCoreClockUpdate), (8 bytes).
    Removing system_stm32g4xx.o(.rodata.APBPrescTable), (8 bytes).

441 unused section(s) (total 17654 bytes) removed from the image.

==============================================================================

Image Symbol Table

    Local Symbols

    Symbol Name                              Value     Ov Type        Size  Object(Section)

    ../clib/microlib/init/entry.s            0x00000000   Number         0  entry.o ABSOLUTE
    ../clib/microlib/init/entry.s            0x00000000   Number         0  entry2.o ABSOLUTE
    ../clib/microlib/init/entry.s            0x00000000   Number         0  entry5.o ABSOLUTE
    ../clib/microlib/init/entry.s            0x00000000   Number         0  entry7a.o ABSOLUTE
    ../clib/microlib/init/entry.s            0x00000000   Number         0  entry7b.o ABSOLUTE
    ../clib/microlib/init/entry.s            0x00000000   Number         0  entry8a.o ABSOLUTE
    ../clib/microlib/init/entry.s            0x00000000   Number         0  entry8b.o ABSOLUTE
    ../clib/microlib/init/entry.s            0x00000000   Number         0  entry9a.o ABSOLUTE
    ../clib/microlib/init/entry.s            0x00000000   Number         0  entry9b.o ABSOLUTE
    ../clib/microlib/init/entry.s            0x00000000   Number         0  entry10a.o ABSOLUTE
    ../clib/microlib/init/entry.s            0x00000000   Number         0  entry10b.o ABSOLUTE
    ../clib/microlib/init/entry.s            0x00000000   Number         0  entry11a.o ABSOLUTE
    ../clib/microlib/init/entry.s            0x00000000   Number         0  entry11b.o ABSOLUTE
    ../clib/microlib/longlong.c              0x00000000   Number         0  llshl.o ABSOLUTE
    ../clib/microlib/longlong.c              0x00000000   Number         0  llushr.o ABSOLUTE
    ../clib/microlib/longlong.c              0x00000000   Number         0  llsshr.o ABSOLUTE
    ../clib/microlib/stubs.s                 0x00000000   Number         0  iusefp.o ABSOLUTE
    ../fplib/microlib/f2d.c                  0x00000000   Number         0  f2d.o ABSOLUTE
    ../fplib/microlib/fpadd.c                0x00000000   Number         0  dadd.o ABSOLUTE
    ../fplib/microlib/fpepilogue.c           0x00000000   Number         0  depilogue.o ABSOLUTE
    ../fplib/microlib/fpfix.c                0x00000000   Number         0  dfixui.o ABSOLUTE
    ../fplib/microlib/fpmul.c                0x00000000   Number         0  dmul.o ABSOLUTE
    ad9959.c                                 0x00000000   Number         0  ad9959.o ABSOLUTE
    dc.s                                     0x00000000   Number         0  dc.o ABSOLUTE
    gpio.c                                   0x00000000   Number         0  gpio.o ABSOLUTE
    handlers.s                               0x00000000   Number         0  handlers.o ABSOLUTE
    init.s                                   0x00000000   Number         0  init.o ABSOLUTE
    main.c                                   0x00000000   Number         0  main.o ABSOLUTE
    startup_stm32g474xx.s                    0x00000000   Number         0  startup_stm32g474xx.o ABSOLUTE
    stm32g4xx_hal.c                          0x00000000   Number         0  stm32g4xx_hal.o ABSOLUTE
    stm32g4xx_hal_cortex.c                   0x00000000   Number         0  stm32g4xx_hal_cortex.o ABSOLUTE
    stm32g4xx_hal_dma.c                      0x00000000   Number         0  stm32g4xx_hal_dma.o ABSOLUTE
    stm32g4xx_hal_dma_ex.c                   0x00000000   Number         0  stm32g4xx_hal_dma_ex.o ABSOLUTE
    stm32g4xx_hal_exti.c                     0x00000000   Number         0  stm32g4xx_hal_exti.o ABSOLUTE
    stm32g4xx_hal_flash.c                    0x00000000   Number         0  stm32g4xx_hal_flash.o ABSOLUTE
    stm32g4xx_hal_flash_ex.c                 0x00000000   Number         0  stm32g4xx_hal_flash_ex.o ABSOLUTE
    stm32g4xx_hal_flash_ramfunc.c            0x00000000   Number         0  stm32g4xx_hal_flash_ramfunc.o ABSOLUTE
    stm32g4xx_hal_gpio.c                     0x00000000   Number         0  stm32g4xx_hal_gpio.o ABSOLUTE
    stm32g4xx_hal_msp.c                      0x00000000   Number         0  stm32g4xx_hal_msp.o ABSOLUTE
    stm32g4xx_hal_pwr.c                      0x00000000   Number         0  stm32g4xx_hal_pwr.o ABSOLUTE
    stm32g4xx_hal_pwr_ex.c                   0x00000000   Number         0  stm32g4xx_hal_pwr_ex.o ABSOLUTE
    stm32g4xx_hal_rcc.c                      0x00000000   Number         0  stm32g4xx_hal_rcc.o ABSOLUTE
    stm32g4xx_hal_rcc_ex.c                   0x00000000   Number         0  stm32g4xx_hal_rcc_ex.o ABSOLUTE
    stm32g4xx_hal_tim.c                      0x00000000   Number         0  stm32g4xx_hal_tim.o ABSOLUTE
    stm32g4xx_hal_tim_ex.c                   0x00000000   Number         0  stm32g4xx_hal_tim_ex.o ABSOLUTE
    stm32g4xx_it.c                           0x00000000   Number         0  stm32g4xx_it.o ABSOLUTE
    system_stm32g4xx.c                       0x00000000   Number         0  system_stm32g4xx.o ABSOLUTE
    RESET                                    0x08000000   Section      472  startup_stm32g474xx.o(RESET)
    .ARM.Collect$$$$00000000                 0x080001d8   Section        0  entry.o(.ARM.Collect$$$$00000000)
    .ARM.Collect$$$$00000001                 0x080001d8   Section        4  entry2.o(.ARM.Collect$$$$00000001)
    .ARM.Collect$$$$00000004                 0x080001dc   Section        4  entry5.o(.ARM.Collect$$$$00000004)
    .ARM.Collect$$$$00000008                 0x080001e0   Section        0  entry7b.o(.ARM.Collect$$$$00000008)
    .ARM.Collect$$$$0000000A                 0x080001e0   Section        0  entry8b.o(.ARM.Collect$$$$0000000A)
    .ARM.Collect$$$$0000000B                 0x080001e0   Section        8  entry9a.o(.ARM.Collect$$$$0000000B)
    __lit__00000000                          0x080001e8   Data           4  entry2.o(.ARM.Collect$$$$00002712)
    .ARM.Collect$$$$0000000D                 0x080001e8   Section        0  entry10a.o(.ARM.Collect$$$$0000000D)
    .ARM.Collect$$$$0000000F                 0x080001e8   Section        0  entry11a.o(.ARM.Collect$$$$0000000F)
    .ARM.Collect$$$$00002712                 0x080001e8   Section        4  entry2.o(.ARM.Collect$$$$00002712)
    $v0                                      0x080001ec   Number         0  startup_stm32g474xx.o(.text)
    .text                                    0x080001ec   Section       36  startup_stm32g474xx.o(.text)
    .text                                    0x08000210   Section        0  dadd.o(.text)
    .text                                    0x0800035e   Section        0  dmul.o(.text)
    .text                                    0x08000442   Section        0  dfixui.o(.text)
    .text                                    0x08000474   Section        0  f2d.o(.text)
    .text                                    0x0800049a   Section        0  llshl.o(.text)
    .text                                    0x080004b8   Section        0  llushr.o(.text)
    .text                                    0x080004d8   Section        0  llsshr.o(.text)
    .text                                    0x080004fc   Section        0  iusefp.o(.text)
    .text                                    0x080004fc   Section        0  depilogue.o(.text)
    .text                                    0x080005b8   Section       48  init.o(.text)
    [Anonymous Symbol]                       0x080005e8   Section        0  stm32g4xx_it.o(.text.BusFault_Handler)
    [Anonymous Symbol]                       0x080005f0   Section        0  ad9959.o(.text.DDS_Config)
    [Anonymous Symbol]                       0x080006c8   Section        0  ad9959.o(.text.DDS_Init)
    DDS_Transmit                             0x08000779   Thumb Code   308  ad9959.o(.text.DDS_Transmit)
    [Anonymous Symbol]                       0x08000778   Section        0  ad9959.o(.text.DDS_Transmit)
    [Anonymous Symbol]                       0x080008ac   Section        0  stm32g4xx_it.o(.text.DebugMon_Handler)
    [Anonymous Symbol]                       0x080008b0   Section        0  stm32g4xx_hal.o(.text.HAL_Delay)
    [Anonymous Symbol]                       0x080008d8   Section        0  stm32g4xx_hal_gpio.o(.text.HAL_GPIO_Init)
    [Anonymous Symbol]                       0x08000a8c   Section        0  stm32g4xx_hal_gpio.o(.text.HAL_GPIO_WritePin)
    [Anonymous Symbol]                       0x08000a98   Section        0  stm32g4xx_hal.o(.text.HAL_GetTick)
    [Anonymous Symbol]                       0x08000aa4   Section        0  stm32g4xx_hal.o(.text.HAL_IncTick)
    [Anonymous Symbol]                       0x08000ac0   Section        0  stm32g4xx_hal.o(.text.HAL_Init)
    [Anonymous Symbol]                       0x08000ae0   Section        0  stm32g4xx_hal.o(.text.HAL_InitTick)
    [Anonymous Symbol]                       0x08000b30   Section        0  stm32g4xx_hal_msp.o(.text.HAL_MspInit)
    [Anonymous Symbol]                       0x08000b64   Section        0  stm32g4xx_hal_cortex.o(.text.HAL_NVIC_SetPriority)
    [Anonymous Symbol]                       0x08000bbc   Section        0  stm32g4xx_hal_cortex.o(.text.HAL_NVIC_SetPriorityGrouping)
    [Anonymous Symbol]                       0x08000bdc   Section        0  stm32g4xx_hal_pwr_ex.o(.text.HAL_PWREx_ControlVoltageScaling)
    [Anonymous Symbol]                       0x08000cec   Section        0  stm32g4xx_hal_pwr_ex.o(.text.HAL_PWREx_DisableUCPDDeadBattery)
    [Anonymous Symbol]                       0x08000d00   Section        0  stm32g4xx_hal_rcc.o(.text.HAL_RCC_ClockConfig)
    [Anonymous Symbol]                       0x08001004   Section        0  stm32g4xx_hal_rcc.o(.text.HAL_RCC_OscConfig)
    [Anonymous Symbol]                       0x080014d4   Section        0  stm32g4xx_hal_cortex.o(.text.HAL_SYSTICK_Config)
    [Anonymous Symbol]                       0x08001500   Section        0  stm32g4xx_it.o(.text.HardFault_Handler)
    [Anonymous Symbol]                       0x08001504   Section        0  gpio.o(.text.MX_GPIO_Init)
    [Anonymous Symbol]                       0x080015e4   Section        0  stm32g4xx_it.o(.text.MemManage_Handler)
    [Anonymous Symbol]                       0x080015e8   Section        0  stm32g4xx_it.o(.text.NMI_Handler)
    [Anonymous Symbol]                       0x080015ec   Section        0  stm32g4xx_it.o(.text.PendSV_Handler)
    [Anonymous Symbol]                       0x080015f0   Section        0  stm32g4xx_it.o(.text.SVC_Handler)
    [Anonymous Symbol]                       0x080015f4   Section        0  stm32g4xx_it.o(.text.SysTick_Handler)
    [Anonymous Symbol]                       0x080015f8   Section        0  system_stm32g4xx.o(.text.SystemInit)
    [Anonymous Symbol]                       0x0800160c   Section        0  stm32g4xx_it.o(.text.UsageFault_Handler)
    [Anonymous Symbol]                       0x08001610   Section        0  main.o(.text.main)
    i.__scatterload_copy                     0x080016d8   Section       14  handlers.o(i.__scatterload_copy)
    i.__scatterload_null                     0x080016e6   Section        2  handlers.o(i.__scatterload_null)
    i.__scatterload_zeroinit                 0x080016e8   Section       14  handlers.o(i.__scatterload_zeroinit)
    .L_MergedGlobals                         0x20000000   Data           8  stm32g4xx_hal.o(.data..L_MergedGlobals)
    [Anonymous Symbol]                       0x20000000   Section        0  stm32g4xx_hal.o(.data..L_MergedGlobals)
    STACK                                    0x20000018   Section     4096  startup_stm32g474xx.o(STACK)

    Global Symbols

    Symbol Name                              Value     Ov Type        Size  Object(Section)

    BuildAttributes$$THM_ISAv4$E$P$D$K$B$S$7EM$VFPi3$EXTD16$VFPS$VFMA$PE$A:L22UL41UL21$X:L11$S22US41US21$IEEE1$IW$~IW$USESV6$~STKCKD$USESV7$~SHL$OTIME$ROPI$EBA8$MICROLIB$REQ8$PRES8$EABIv2 0x00000000   Number         0  anon$$obj.o ABSOLUTE
    __cpp_initialize__aeabi_                  - Undefined Weak Reference
    __cxa_finalize                            - Undefined Weak Reference
    __decompress                              - Undefined Weak Reference
    _clock_init                               - Undefined Weak Reference
    _microlib_exit                            - Undefined Weak Reference
    __Vectors_Size                           0x000001d8   Number         0  startup_stm32g474xx.o ABSOLUTE
    __Vectors                                0x08000000   Data           4  startup_stm32g474xx.o(RESET)
    __Vectors_End                            0x080001d8   Data           0  startup_stm32g474xx.o(RESET)
    __main                                   0x080001d9   Thumb Code     0  entry.o(.ARM.Collect$$$$00000000)
    _main_stk                                0x080001d9   Thumb Code     0  entry2.o(.ARM.Collect$$$$00000001)
    _main_scatterload                        0x080001dd   Thumb Code     0  entry5.o(.ARM.Collect$$$$00000004)
    __main_after_scatterload                 0x080001e1   Thumb Code     0  entry5.o(.ARM.Collect$$$$00000004)
    _main_clock                              0x080001e1   Thumb Code     0  entry7b.o(.ARM.Collect$$$$00000008)
    _main_cpp_init                           0x080001e1   Thumb Code     0  entry8b.o(.ARM.Collect$$$$0000000A)
    _main_init                               0x080001e1   Thumb Code     0  entry9a.o(.ARM.Collect$$$$0000000B)
    __rt_final_cpp                           0x080001e9   Thumb Code     0  entry10a.o(.ARM.Collect$$$$0000000D)
    __rt_final_exit                          0x080001e9   Thumb Code     0  entry11a.o(.ARM.Collect$$$$0000000F)
    Reset_Handler                            0x080001ed   Thumb Code     8  startup_stm32g474xx.o(.text)
    ADC1_2_IRQHandler                        0x08000207   Thumb Code     0  startup_stm32g474xx.o(.text)
    ADC3_IRQHandler                          0x08000207   Thumb Code     0  startup_stm32g474xx.o(.text)
    ADC4_IRQHandler                          0x08000207   Thumb Code     0  startup_stm32g474xx.o(.text)
    ADC5_IRQHandler                          0x08000207   Thumb Code     0  startup_stm32g474xx.o(.text)
    COMP1_2_3_IRQHandler                     0x08000207   Thumb Code     0  startup_stm32g474xx.o(.text)
    COMP4_5_6_IRQHandler                     0x08000207   Thumb Code     0  startup_stm32g474xx.o(.text)
    COMP7_IRQHandler                         0x08000207   Thumb Code     0  startup_stm32g474xx.o(.text)
    CORDIC_IRQHandler                        0x08000207   Thumb Code     0  startup_stm32g474xx.o(.text)
    CRS_IRQHandler                           0x08000207   Thumb Code     0  startup_stm32g474xx.o(.text)
    DMA1_Channel1_IRQHandler                 0x08000207   Thumb Code     0  startup_stm32g474xx.o(.text)
    DMA1_Channel2_IRQHandler                 0x08000207   Thumb Code     0  startup_stm32g474xx.o(.text)
    DMA1_Channel3_IRQHandler                 0x08000207   Thumb Code     0  startup_stm32g474xx.o(.text)
    DMA1_Channel4_IRQHandler                 0x08000207   Thumb Code     0  startup_stm32g474xx.o(.text)
    DMA1_Channel5_IRQHandler                 0x08000207   Thumb Code     0  startup_stm32g474xx.o(.text)
    DMA1_Channel6_IRQHandler                 0x08000207   Thumb Code     0  startup_stm32g474xx.o(.text)
    DMA1_Channel7_IRQHandler                 0x08000207   Thumb Code     0  startup_stm32g474xx.o(.text)
    DMA1_Channel8_IRQHandler                 0x08000207   Thumb Code     0  startup_stm32g474xx.o(.text)
    DMA2_Channel1_IRQHandler                 0x08000207   Thumb Code     0  startup_stm32g474xx.o(.text)
    DMA2_Channel2_IRQHandler                 0x08000207   Thumb Code     0  startup_stm32g474xx.o(.text)
    DMA2_Channel3_IRQHandler                 0x08000207   Thumb Code     0  startup_stm32g474xx.o(.text)
    DMA2_Channel4_IRQHandler                 0x08000207   Thumb Code     0  startup_stm32g474xx.o(.text)
    DMA2_Channel5_IRQHandler                 0x08000207   Thumb Code     0  startup_stm32g474xx.o(.text)
    DMA2_Channel6_IRQHandler                 0x08000207   Thumb Code     0  startup_stm32g474xx.o(.text)
    DMA2_Channel7_IRQHandler                 0x08000207   Thumb Code     0  startup_stm32g474xx.o(.text)
    DMA2_Channel8_IRQHandler                 0x08000207   Thumb Code     0  startup_stm32g474xx.o(.text)
    DMAMUX_OVR_IRQHandler                    0x08000207   Thumb Code     0  startup_stm32g474xx.o(.text)
    EXTI0_IRQHandler                         0x08000207   Thumb Code     0  startup_stm32g474xx.o(.text)
    EXTI15_10_IRQHandler                     0x08000207   Thumb Code     0  startup_stm32g474xx.o(.text)
    EXTI1_IRQHandler                         0x08000207   Thumb Code     0  startup_stm32g474xx.o(.text)
    EXTI2_IRQHandler                         0x08000207   Thumb Code     0  startup_stm32g474xx.o(.text)
    EXTI3_IRQHandler                         0x08000207   Thumb Code     0  startup_stm32g474xx.o(.text)
    EXTI4_IRQHandler                         0x08000207   Thumb Code     0  startup_stm32g474xx.o(.text)
    EXTI9_5_IRQHandler                       0x08000207   Thumb Code     0  startup_stm32g474xx.o(.text)
    FDCAN1_IT0_IRQHandler                    0x08000207   Thumb Code     0  startup_stm32g474xx.o(.text)
    FDCAN1_IT1_IRQHandler                    0x08000207   Thumb Code     0  startup_stm32g474xx.o(.text)
    FDCAN2_IT0_IRQHandler                    0x08000207   Thumb Code     0  startup_stm32g474xx.o(.text)
    FDCAN2_IT1_IRQHandler                    0x08000207   Thumb Code     0  startup_stm32g474xx.o(.text)
    FDCAN3_IT0_IRQHandler                    0x08000207   Thumb Code     0  startup_stm32g474xx.o(.text)
    FDCAN3_IT1_IRQHandler                    0x08000207   Thumb Code     0  startup_stm32g474xx.o(.text)
    FLASH_IRQHandler                         0x08000207   Thumb Code     0  startup_stm32g474xx.o(.text)
    FMAC_IRQHandler                          0x08000207   Thumb Code     0  startup_stm32g474xx.o(.text)
    FMC_IRQHandler                           0x08000207   Thumb Code     0  startup_stm32g474xx.o(.text)
    FPU_IRQHandler                           0x08000207   Thumb Code     0  startup_stm32g474xx.o(.text)
    HRTIM1_FLT_IRQHandler                    0x08000207   Thumb Code     0  startup_stm32g474xx.o(.text)
    HRTIM1_Master_IRQHandler                 0x08000207   Thumb Code     0  startup_stm32g474xx.o(.text)
    HRTIM1_TIMA_IRQHandler                   0x08000207   Thumb Code     0  startup_stm32g474xx.o(.text)
    HRTIM1_TIMB_IRQHandler                   0x08000207   Thumb Code     0  startup_stm32g474xx.o(.text)
    HRTIM1_TIMC_IRQHandler                   0x08000207   Thumb Code     0  startup_stm32g474xx.o(.text)
    HRTIM1_TIMD_IRQHandler                   0x08000207   Thumb Code     0  startup_stm32g474xx.o(.text)
    HRTIM1_TIME_IRQHandler                   0x08000207   Thumb Code     0  startup_stm32g474xx.o(.text)
    HRTIM1_TIMF_IRQHandler                   0x08000207   Thumb Code     0  startup_stm32g474xx.o(.text)
    I2C1_ER_IRQHandler                       0x08000207   Thumb Code     0  startup_stm32g474xx.o(.text)
    I2C1_EV_IRQHandler                       0x08000207   Thumb Code     0  startup_stm32g474xx.o(.text)
    I2C2_ER_IRQHandler                       0x08000207   Thumb Code     0  startup_stm32g474xx.o(.text)
    I2C2_EV_IRQHandler                       0x08000207   Thumb Code     0  startup_stm32g474xx.o(.text)
    I2C3_ER_IRQHandler                       0x08000207   Thumb Code     0  startup_stm32g474xx.o(.text)
    I2C3_EV_IRQHandler                       0x08000207   Thumb Code     0  startup_stm32g474xx.o(.text)
    I2C4_ER_IRQHandler                       0x08000207   Thumb Code     0  startup_stm32g474xx.o(.text)
    I2C4_EV_IRQHandler                       0x08000207   Thumb Code     0  startup_stm32g474xx.o(.text)
    LPTIM1_IRQHandler                        0x08000207   Thumb Code     0  startup_stm32g474xx.o(.text)
    LPUART1_IRQHandler                       0x08000207   Thumb Code     0  startup_stm32g474xx.o(.text)
    PVD_PVM_IRQHandler                       0x08000207   Thumb Code     0  startup_stm32g474xx.o(.text)
    QUADSPI_IRQHandler                       0x08000207   Thumb Code     0  startup_stm32g474xx.o(.text)
    RCC_IRQHandler                           0x08000207   Thumb Code     0  startup_stm32g474xx.o(.text)
    RNG_IRQHandler                           0x08000207   Thumb Code     0  startup_stm32g474xx.o(.text)
    RTC_Alarm_IRQHandler                     0x08000207   Thumb Code     0  startup_stm32g474xx.o(.text)
    RTC_TAMP_LSECSS_IRQHandler               0x08000207   Thumb Code     0  startup_stm32g474xx.o(.text)
    RTC_WKUP_IRQHandler                      0x08000207   Thumb Code     0  startup_stm32g474xx.o(.text)
    SAI1_IRQHandler                          0x08000207   Thumb Code     0  startup_stm32g474xx.o(.text)
    SPI1_IRQHandler                          0x08000207   Thumb Code     0  startup_stm32g474xx.o(.text)
    SPI2_IRQHandler                          0x08000207   Thumb Code     0  startup_stm32g474xx.o(.text)
    SPI3_IRQHandler                          0x08000207   Thumb Code     0  startup_stm32g474xx.o(.text)
    SPI4_IRQHandler                          0x08000207   Thumb Code     0  startup_stm32g474xx.o(.text)
    TIM1_BRK_TIM15_IRQHandler                0x08000207   Thumb Code     0  startup_stm32g474xx.o(.text)
    TIM1_CC_IRQHandler                       0x08000207   Thumb Code     0  startup_stm32g474xx.o(.text)
    TIM1_TRG_COM_TIM17_IRQHandler            0x08000207   Thumb Code     0  startup_stm32g474xx.o(.text)
    TIM1_UP_TIM16_IRQHandler                 0x08000207   Thumb Code     0  startup_stm32g474xx.o(.text)
    TIM20_BRK_IRQHandler                     0x08000207   Thumb Code     0  startup_stm32g474xx.o(.text)
    TIM20_CC_IRQHandler                      0x08000207   Thumb Code     0  startup_stm32g474xx.o(.text)
    TIM20_TRG_COM_IRQHandler                 0x08000207   Thumb Code     0  startup_stm32g474xx.o(.text)
    TIM20_UP_IRQHandler                      0x08000207   Thumb Code     0  startup_stm32g474xx.o(.text)
    TIM2_IRQHandler                          0x08000207   Thumb Code     0  startup_stm32g474xx.o(.text)
    TIM3_IRQHandler                          0x08000207   Thumb Code     0  startup_stm32g474xx.o(.text)
    TIM4_IRQHandler                          0x08000207   Thumb Code     0  startup_stm32g474xx.o(.text)
    TIM5_IRQHandler                          0x08000207   Thumb Code     0  startup_stm32g474xx.o(.text)
    TIM6_DAC_IRQHandler                      0x08000207   Thumb Code     0  startup_stm32g474xx.o(.text)
    TIM7_DAC_IRQHandler                      0x08000207   Thumb Code     0  startup_stm32g474xx.o(.text)
    TIM8_BRK_IRQHandler                      0x08000207   Thumb Code     0  startup_stm32g474xx.o(.text)
    TIM8_CC_IRQHandler                       0x08000207   Thumb Code     0  startup_stm32g474xx.o(.text)
    TIM8_TRG_COM_IRQHandler                  0x08000207   Thumb Code     0  startup_stm32g474xx.o(.text)
    TIM8_UP_IRQHandler                       0x08000207   Thumb Code     0  startup_stm32g474xx.o(.text)
    UART4_IRQHandler                         0x08000207   Thumb Code     0  startup_stm32g474xx.o(.text)
    UART5_IRQHandler                         0x08000207   Thumb Code     0  startup_stm32g474xx.o(.text)
    UCPD1_IRQHandler                         0x08000207   Thumb Code     0  startup_stm32g474xx.o(.text)
    USART1_IRQHandler                        0x08000207   Thumb Code     0  startup_stm32g474xx.o(.text)
    USART2_IRQHandler                        0x08000207   Thumb Code     0  startup_stm32g474xx.o(.text)
    USART3_IRQHandler                        0x08000207   Thumb Code     0  startup_stm32g474xx.o(.text)
    USBWakeUp_IRQHandler                     0x08000207   Thumb Code     0  startup_stm32g474xx.o(.text)
    USB_HP_IRQHandler                        0x08000207   Thumb Code     0  startup_stm32g474xx.o(.text)
    USB_LP_IRQHandler                        0x08000207   Thumb Code     0  startup_stm32g474xx.o(.text)
    WWDG_IRQHandler                          0x08000207   Thumb Code     0  startup_stm32g474xx.o(.text)
    __aeabi_dadd                             0x08000211   Thumb Code   322  dadd.o(.text)
    __aeabi_dsub                             0x08000353   Thumb Code     6  dadd.o(.text)
    __aeabi_drsub                            0x08000359   Thumb Code     6  dadd.o(.text)
    __aeabi_dmul                             0x0800035f   Thumb Code   228  dmul.o(.text)
    __aeabi_d2uiz                            0x08000443   Thumb Code    50  dfixui.o(.text)
    __aeabi_f2d                              0x08000475   Thumb Code    38  f2d.o(.text)
    __aeabi_llsl                             0x0800049b   Thumb Code    30  llshl.o(.text)
    _ll_shift_l                              0x0800049b   Thumb Code     0  llshl.o(.text)
    __aeabi_llsr                             0x080004b9   Thumb Code    32  llushr.o(.text)
    _ll_ushift_r                             0x080004b9   Thumb Code     0  llushr.o(.text)
    __aeabi_lasr                             0x080004d9   Thumb Code    36  llsshr.o(.text)
    _ll_sshift_r                             0x080004d9   Thumb Code     0  llsshr.o(.text)
    __I$use$fp                               0x080004fd   Thumb Code     0  iusefp.o(.text)
    _double_round                            0x080004fd   Thumb Code    30  depilogue.o(.text)
    _double_epilogue                         0x0800051b   Thumb Code   156  depilogue.o(.text)
    __scatterload                            0x080005b9   Thumb Code    38  init.o(.text)
    __scatterload_rt2                        0x080005b9   Thumb Code     0  init.o(.text)
    BusFault_Handler                         0x080005e9   Thumb Code     2  stm32g4xx_it.o(.text.BusFault_Handler)
    DDS_Config                               0x080005f1   Thumb Code   192  ad9959.o(.text.DDS_Config)
    DDS_Init                                 0x080006c9   Thumb Code   176  ad9959.o(.text.DDS_Init)
    DebugMon_Handler                         0x080008ad   Thumb Code     2  stm32g4xx_it.o(.text.DebugMon_Handler)
    HAL_Delay                                0x080008b1   Thumb Code    40  stm32g4xx_hal.o(.text.HAL_Delay)
    HAL_GPIO_Init                            0x080008d9   Thumb Code   434  stm32g4xx_hal_gpio.o(.text.HAL_GPIO_Init)
    HAL_GPIO_WritePin                        0x08000a8d   Thumb Code    12  stm32g4xx_hal_gpio.o(.text.HAL_GPIO_WritePin)
    HAL_GetTick                              0x08000a99   Thumb Code    12  stm32g4xx_hal.o(.text.HAL_GetTick)
    HAL_IncTick                              0x08000aa5   Thumb Code    26  stm32g4xx_hal.o(.text.HAL_IncTick)
    HAL_Init                                 0x08000ac1   Thumb Code    30  stm32g4xx_hal.o(.text.HAL_Init)
    HAL_InitTick                             0x08000ae1   Thumb Code    80  stm32g4xx_hal.o(.text.HAL_InitTick)
    HAL_MspInit                              0x08000b31   Thumb Code    52  stm32g4xx_hal_msp.o(.text.HAL_MspInit)
    HAL_NVIC_SetPriority                     0x08000b65   Thumb Code    86  stm32g4xx_hal_cortex.o(.text.HAL_NVIC_SetPriority)
    HAL_NVIC_SetPriorityGrouping             0x08000bbd   Thumb Code    32  stm32g4xx_hal_cortex.o(.text.HAL_NVIC_SetPriorityGrouping)
    HAL_PWREx_ControlVoltageScaling          0x08000bdd   Thumb Code   270  stm32g4xx_hal_pwr_ex.o(.text.HAL_PWREx_ControlVoltageScaling)
    HAL_PWREx_DisableUCPDDeadBattery         0x08000ced   Thumb Code    18  stm32g4xx_hal_pwr_ex.o(.text.HAL_PWREx_DisableUCPDDeadBattery)
    HAL_RCC_ClockConfig                      0x08000d01   Thumb Code   772  stm32g4xx_hal_rcc.o(.text.HAL_RCC_ClockConfig)
    HAL_RCC_OscConfig                        0x08001005   Thumb Code  1230  stm32g4xx_hal_rcc.o(.text.HAL_RCC_OscConfig)
    HAL_SYSTICK_Config                       0x080014d5   Thumb Code    44  stm32g4xx_hal_cortex.o(.text.HAL_SYSTICK_Config)
    HardFault_Handler                        0x08001501   Thumb Code     2  stm32g4xx_it.o(.text.HardFault_Handler)
    MX_GPIO_Init                             0x08001505   Thumb Code   222  gpio.o(.text.MX_GPIO_Init)
    MemManage_Handler                        0x080015e5   Thumb Code     2  stm32g4xx_it.o(.text.MemManage_Handler)
    NMI_Handler                              0x080015e9   Thumb Code     2  stm32g4xx_it.o(.text.NMI_Handler)
    PendSV_Handler                           0x080015ed   Thumb Code     2  stm32g4xx_it.o(.text.PendSV_Handler)
    SVC_Handler                              0x080015f1   Thumb Code     2  stm32g4xx_it.o(.text.SVC_Handler)
    SysTick_Handler                          0x080015f5   Thumb Code     4  stm32g4xx_it.o(.text.SysTick_Handler)
    SystemInit                               0x080015f9   Thumb Code    18  system_stm32g4xx.o(.text.SystemInit)
    UsageFault_Handler                       0x0800160d   Thumb Code     2  stm32g4xx_it.o(.text.UsageFault_Handler)
    main                                     0x08001611   Thumb Code   180  main.o(.text.main)
    __scatterload_copy                       0x080016d9   Thumb Code    14  handlers.o(i.__scatterload_copy)
    __scatterload_null                       0x080016e7   Thumb Code     2  handlers.o(i.__scatterload_null)
    __scatterload_zeroinit                   0x080016e9   Thumb Code    14  handlers.o(i.__scatterload_zeroinit)
    AHBPrescTable                            0x080016f6   Data          16  system_stm32g4xx.o(.rodata.AHBPrescTable)
    Region$$Table$$Base                      0x08001708   Number         0  anon$$obj.o(Region$$Table)
    Region$$Table$$Limit                     0x08001728   Number         0  anon$$obj.o(Region$$Table)
    uwTickPrio                               0x20000000   Data           4  stm32g4xx_hal.o(.data..L_MergedGlobals)
    uwTickFreq                               0x20000004   Data           4  stm32g4xx_hal.o(.data..L_MergedGlobals)
    SystemCoreClock                          0x20000008   Data           4  system_stm32g4xx.o(.data.SystemCoreClock)
    uwTick                                   0x20000010   Data           4  stm32g4xx_hal.o(.bss.uwTick)
    __initial_sp                             0x20001018   Data           0  startup_stm32g474xx.o(STACK)



==============================================================================

Memory Map of the image

  Image Entry point : 0x080001d9

  Load Region LR_IROM1 (Base: 0x08000000, Size: 0x00001738, Max: 0x00080000, ABSOLUTE)

    Execution Region ER_IROM1 (Exec base: 0x08000000, Load base: 0x08000000, Size: 0x00001728, Max: 0x00080000, ABSOLUTE)

    Exec Addr    Load Addr    Size         Type   Attr      Idx    E Section Name        Object

    0x08000000   0x08000000   0x000001d8   Data   RO            3    RESET               startup_stm32g474xx.o
    0x080001d8   0x080001d8   0x00000000   Code   RO          613  * .ARM.Collect$$$$00000000  mc_w.l(entry.o)
    0x080001d8   0x080001d8   0x00000004   Code   RO          624    .ARM.Collect$$$$00000001  mc_w.l(entry2.o)
    0x080001dc   0x080001dc   0x00000004   Code   RO          627    .ARM.Collect$$$$00000004  mc_w.l(entry5.o)
    0x080001e0   0x080001e0   0x00000000   Code   RO          629    .ARM.Collect$$$$00000008  mc_w.l(entry7b.o)
    0x080001e0   0x080001e0   0x00000000   Code   RO          631    .ARM.Collect$$$$0000000A  mc_w.l(entry8b.o)
    0x080001e0   0x080001e0   0x00000008   Code   RO          632    .ARM.Collect$$$$0000000B  mc_w.l(entry9a.o)
    0x080001e8   0x080001e8   0x00000000   Code   RO          634    .ARM.Collect$$$$0000000D  mc_w.l(entry10a.o)
    0x080001e8   0x080001e8   0x00000000   Code   RO          636    .ARM.Collect$$$$0000000F  mc_w.l(entry11a.o)
    0x080001e8   0x080001e8   0x00000004   Code   RO          625    .ARM.Collect$$$$00002712  mc_w.l(entry2.o)
    0x080001ec   0x080001ec   0x00000024   Code   RO            4    .text               startup_stm32g474xx.o
    0x08000210   0x08000210   0x0000014e   Code   RO          616    .text               mf_w.l(dadd.o)
    0x0800035e   0x0800035e   0x000000e4   Code   RO          618    .text               mf_w.l(dmul.o)
    0x08000442   0x08000442   0x00000032   Code   RO          620    .text               mf_w.l(dfixui.o)
    0x08000474   0x08000474   0x00000026   Code   RO          622    .text               mf_w.l(f2d.o)
    0x0800049a   0x0800049a   0x0000001e   Code   RO          638    .text               mc_w.l(llshl.o)
    0x080004b8   0x080004b8   0x00000020   Code   RO          640    .text               mc_w.l(llushr.o)
    0x080004d8   0x080004d8   0x00000024   Code   RO          642    .text               mc_w.l(llsshr.o)
    0x080004fc   0x080004fc   0x00000000   Code   RO          644    .text               mc_w.l(iusefp.o)
    0x080004fc   0x080004fc   0x000000ba   Code   RO          645    .text               mf_w.l(depilogue.o)
    0x080005b6   0x080005b6   0x00000002   PAD
    0x080005b8   0x080005b8   0x00000030   Code   RO          647    .text               mc_w.l(init.o)
    0x080005e8   0x080005e8   0x00000002   Code   RO           41    .text.BusFault_Handler  stm32g4xx_it.o
    0x080005ea   0x080005ea   0x00000006   PAD
    0x080005f0   0x080005f0   0x000000d8   Code   RO           72    .text.DDS_Config    ad9959.o
    0x080006c8   0x080006c8   0x000000b0   Code   RO           68    .text.DDS_Init      ad9959.o
    0x08000778   0x08000778   0x00000134   Code   RO           70    .text.DDS_Transmit  ad9959.o
    0x080008ac   0x080008ac   0x00000002   Code   RO           47    .text.DebugMon_Handler  stm32g4xx_it.o
    0x080008ae   0x080008ae   0x00000002   PAD
    0x080008b0   0x080008b0   0x00000028   Code   RO          186    .text.HAL_Delay     stm32g4xx_hal.o
    0x080008d8   0x080008d8   0x000001b2   Code   RO          409    .text.HAL_GPIO_Init  stm32g4xx_hal_gpio.o
    0x08000a8a   0x08000a8a   0x00000002   PAD
    0x08000a8c   0x08000a8c   0x0000000c   Code   RO          415    .text.HAL_GPIO_WritePin  stm32g4xx_hal_gpio.o
    0x08000a98   0x08000a98   0x0000000c   Code   RO          178    .text.HAL_GetTick   stm32g4xx_hal.o
    0x08000aa4   0x08000aa4   0x0000001a   Code   RO          176    .text.HAL_IncTick   stm32g4xx_hal.o
    0x08000abe   0x08000abe   0x00000002   PAD
    0x08000ac0   0x08000ac0   0x0000001e   Code   RO          166    .text.HAL_Init      stm32g4xx_hal.o
    0x08000ade   0x08000ade   0x00000002   PAD
    0x08000ae0   0x08000ae0   0x00000050   Code   RO          168    .text.HAL_InitTick  stm32g4xx_hal.o
    0x08000b30   0x08000b30   0x00000034   Code   RO           60    .text.HAL_MspInit   stm32g4xx_hal_msp.o
    0x08000b64   0x08000b64   0x00000056   Code   RO          551    .text.HAL_NVIC_SetPriority  stm32g4xx_hal_cortex.o
    0x08000bba   0x08000bba   0x00000002   PAD
    0x08000bbc   0x08000bbc   0x00000020   Code   RO          549    .text.HAL_NVIC_SetPriorityGrouping  stm32g4xx_hal_cortex.o
    0x08000bdc   0x08000bdc   0x0000010e   Code   RO           86    .text.HAL_PWREx_ControlVoltageScaling  stm32g4xx_hal_pwr_ex.o
    0x08000cea   0x08000cea   0x00000002   PAD
    0x08000cec   0x08000cec   0x00000012   Code   RO          156    .text.HAL_PWREx_DisableUCPDDeadBattery  stm32g4xx_hal_pwr_ex.o
    0x08000cfe   0x08000cfe   0x00000002   PAD
    0x08000d00   0x08000d00   0x00000304   Code   RO          256    .text.HAL_RCC_ClockConfig  stm32g4xx_hal_rcc.o
    0x08001004   0x08001004   0x000004ce   Code   RO          254    .text.HAL_RCC_OscConfig  stm32g4xx_hal_rcc.o
    0x080014d2   0x080014d2   0x00000002   PAD
    0x080014d4   0x080014d4   0x0000002c   Code   RO          561    .text.HAL_SYSTICK_Config  stm32g4xx_hal_cortex.o
    0x08001500   0x08001500   0x00000002   Code   RO           37    .text.HardFault_Handler  stm32g4xx_it.o
    0x08001502   0x08001502   0x00000002   PAD
    0x08001504   0x08001504   0x000000de   Code   RO           26    .text.MX_GPIO_Init  gpio.o
    0x080015e2   0x080015e2   0x00000002   PAD
    0x080015e4   0x080015e4   0x00000002   Code   RO           39    .text.MemManage_Handler  stm32g4xx_it.o
    0x080015e6   0x080015e6   0x00000002   PAD
    0x080015e8   0x080015e8   0x00000002   Code   RO           35    .text.NMI_Handler   stm32g4xx_it.o
    0x080015ea   0x080015ea   0x00000002   PAD
    0x080015ec   0x080015ec   0x00000002   Code   RO           49    .text.PendSV_Handler  stm32g4xx_it.o
    0x080015ee   0x080015ee   0x00000002   PAD
    0x080015f0   0x080015f0   0x00000002   Code   RO           45    .text.SVC_Handler   stm32g4xx_it.o
    0x080015f2   0x080015f2   0x00000002   PAD
    0x080015f4   0x080015f4   0x00000004   Code   RO           51    .text.SysTick_Handler  stm32g4xx_it.o
    0x080015f8   0x080015f8   0x00000012   Code   RO          599    .text.SystemInit    system_stm32g4xx.o
    0x0800160a   0x0800160a   0x00000002   PAD
    0x0800160c   0x0800160c   0x00000002   Code   RO           43    .text.UsageFault_Handler  stm32g4xx_it.o
    0x0800160e   0x0800160e   0x00000002   PAD
    0x08001610   0x08001610   0x000000c8   Code   RO           11    .text.main          main.o
    0x080016d8   0x080016d8   0x0000000e   Code   RO          651    i.__scatterload_copy  mc_w.l(handlers.o)
    0x080016e6   0x080016e6   0x00000002   Code   RO          652    i.__scatterload_null  mc_w.l(handlers.o)
    0x080016e8   0x080016e8   0x0000000e   Code   RO          653    i.__scatterload_zeroinit  mc_w.l(handlers.o)
    0x080016f6   0x080016f6   0x00000010   Data   RO          604    .rodata.AHBPrescTable  system_stm32g4xx.o
    0x08001706   0x08001706   0x00000002   PAD
    0x08001708   0x08001708   0x00000020   Data   RO          650    Region$$Table       anon$$obj.o


    Execution Region RW_IRAM1 (Exec base: 0x20000000, Load base: 0x08001728, Size: 0x00001018, Max: 0x00020000, ABSOLUTE)

    Exec Addr    Load Addr    Size         Type   Attr      Idx    E Section Name        Object

    0x20000000   0x08001728   0x00000008   Data   RW          243    .data..L_MergedGlobals  stm32g4xx_hal.o
    0x20000008   0x08001730   0x00000004   Data   RW          603    .data.SystemCoreClock  system_stm32g4xx.o
    0x2000000c   0x08001734   0x00000004   PAD
    0x20000010        -       0x00000004   Zero   RW          242    .bss.uwTick         stm32g4xx_hal.o
    0x20000014   0x08001734   0x00000004   PAD
    0x20000018        -       0x00001000   Zero   RW            1    STACK               startup_stm32g474xx.o


==============================================================================

Image component sizes


      Code (inc. data)   RO Data    RW Data    ZI Data      Debug   Object Name

       700         24          0          0          0       2254   ad9959.o
       222          0          0          0          0       2441   gpio.o
       200         20          0          0          0       3084   main.o
        36          8        472          0       4096        836   startup_stm32g474xx.o
       188          0          0          8          4       9587   stm32g4xx_hal.o
       162          0          0          0          0      11085   stm32g4xx_hal_cortex.o
       446          0          0          0          0       5233   stm32g4xx_hal_gpio.o
        52          0          0          0          0       1758   stm32g4xx_hal_msp.o
       288          0          0          0          0       9092   stm32g4xx_hal_pwr_ex.o
      2002          0          0          0          0      10089   stm32g4xx_hal_rcc.o
        20          0          0          0          0       1142   stm32g4xx_it.o
        18          0         16          4          0       2762   system_stm32g4xx.o

    ----------------------------------------------------------------------
      4372         52        522         12       4108      59363   Object Totals
         0          0         32          0          0          0   (incl. Generated)
        38          0          2          0          8          0   (incl. Padding)

    ----------------------------------------------------------------------

      Code (inc. data)   RO Data    RW Data    ZI Data      Debug   Library Member Name

         0          0          0          0          0          0   entry.o
         0          0          0          0          0          0   entry10a.o
         0          0          0          0          0          0   entry11a.o
         8          4          0          0          0          0   entry2.o
         4          0          0          0          0          0   entry5.o
         0          0          0          0          0          0   entry7b.o
         0          0          0          0          0          0   entry8b.o
         8          4          0          0          0          0   entry9a.o
        30          0          0          0          0          0   handlers.o
        48         10          0          0          0         68   init.o
         0          0          0          0          0          0   iusefp.o
        30          0          0          0          0         68   llshl.o
        36          0          0          0          0         68   llsshr.o
        32          0          0          0          0         68   llushr.o
       334          0          0          0          0        148   dadd.o
       186          0          0          0          0        176   depilogue.o
        50          0          0          0          0         76   dfixui.o
       228          0          0          0          0         96   dmul.o
        38          0          0          0          0         68   f2d.o

    ----------------------------------------------------------------------
      1034         18          0          0          0        836   Library Totals
         2          0          0          0          0          0   (incl. Padding)

    ----------------------------------------------------------------------

      Code (inc. data)   RO Data    RW Data    ZI Data      Debug   Library Name

       196         18          0          0          0        272   mc_w.l
       836          0          0          0          0        564   mf_w.l

    ----------------------------------------------------------------------
      1034         18          0          0          0        836   Library Totals

    ----------------------------------------------------------------------

==============================================================================


      Code (inc. data)   RO Data    RW Data    ZI Data      Debug   

      5406         70        522         12       4108      59891   Grand Totals
      5406         70        522         12       4108      59891   ELF Image Totals
      5406         70        522         12          0          0   ROM Totals

==============================================================================

    Total RO  Size (Code + RO Data)                 5928 (   5.79kB)
    Total RW  Size (RW Data + ZI Data)              4120 (   4.02kB)
    Total ROM Size (Code + RO Data + RW Data)       5940 (   5.80kB)

==============================================================================

