Component: Arm Compiler for Embedded 6.22 Tool: armlink [5ee90200]

==============================================================================

Section Cross References

    startup_stm32g474xx.o(RESET) refers to startup_stm32g474xx.o(STACK) for __initial_sp
    startup_stm32g474xx.o(RESET) refers to startup_stm32g474xx.o(.text) for Reset_Handler
    startup_stm32g474xx.o(RESET) refers to stm32g4xx_it.o(.text.NMI_Handler) for NMI_Handler
    startup_stm32g474xx.o(RESET) refers to stm32g4xx_it.o(.text.HardFault_Handler) for HardFault_Handler
    startup_stm32g474xx.o(RESET) refers to stm32g4xx_it.o(.text.MemManage_Handler) for MemManage_Handler
    startup_stm32g474xx.o(RESET) refers to stm32g4xx_it.o(.text.BusFault_Handler) for BusFault_Handler
    startup_stm32g474xx.o(RESET) refers to stm32g4xx_it.o(.text.UsageFault_Handler) for UsageFault_Handler
    startup_stm32g474xx.o(RESET) refers to stm32g4xx_it.o(.text.SVC_Handler) for SVC_Handler
    startup_stm32g474xx.o(RESET) refers to stm32g4xx_it.o(.text.DebugMon_Handler) for DebugMon_Handler
    startup_stm32g474xx.o(RESET) refers to stm32g4xx_it.o(.text.PendSV_Handler) for PendSV_Handler
    startup_stm32g474xx.o(RESET) refers to stm32g4xx_it.o(.text.SysTick_Handler) for SysTick_Handler
    startup_stm32g474xx.o(RESET) refers to stm32g4xx_it.o(.text.DMA1_Channel1_IRQHandler) for DMA1_Channel1_IRQHandler
    startup_stm32g474xx.o(RESET) refers to stm32g4xx_it.o(.text.DMA1_Channel2_IRQHandler) for DMA1_Channel2_IRQHandler
    startup_stm32g474xx.o(RESET) refers to stm32g4xx_it.o(.text.USART1_IRQHandler) for USART1_IRQHandler
    startup_stm32g474xx.o(.text) refers to system_stm32g4xx.o(.text.SystemInit) for SystemInit
    startup_stm32g474xx.o(.text) refers to entry.o(.ARM.Collect$$$$00000000) for __main
    main.o(.text.DSP_Demo) refers to main.o(.rodata.rawData) for rawData
    main.o(.text.DSP_Demo) refers to main.o(.bss.pureData) for pureData
    main.o(.text.DSP_Demo) refers to filter.o(.text.myARM_FIR) for myARM_FIR
    main.o(.text.DSP_Demo) refers to main.o(.data.UART_Debug) for UART_Debug
    main.o(.text.DSP_Demo) refers to f2d.o(.text) for __aeabi_f2d
    main.o(.text.DSP_Demo) refers to usart.o(.text.myUART_Transmit_DMA) for myUART_Transmit_DMA
    main.o(.text.DSP_Demo) refers to main.o(.bss.fftMagData) for fftMagData
    main.o(.text.DSP_Demo) refers to fft.o(.text.myARM_FFT_Mag) for myARM_FFT_Mag
    main.o(.ARM.exidx.text.DSP_Demo) refers to main.o(.text.DSP_Demo) for [Anonymous Symbol]
    main.o(.text.main) refers to stm32g4xx_hal.o(.text.HAL_Init) for HAL_Init
    main.o(.text.main) refers to stm32g4xx_hal_pwr_ex.o(.text.HAL_PWREx_ControlVoltageScaling) for HAL_PWREx_ControlVoltageScaling
    main.o(.text.main) refers to stm32g4xx_hal_rcc.o(.text.HAL_RCC_OscConfig) for HAL_RCC_OscConfig
    main.o(.text.main) refers to stm32g4xx_hal_rcc.o(.text.HAL_RCC_ClockConfig) for HAL_RCC_ClockConfig
    main.o(.text.main) refers to gpio.o(.text.MX_GPIO_Init) for MX_GPIO_Init
    main.o(.text.main) refers to dma.o(.text.MX_DMA_Init) for MX_DMA_Init
    main.o(.text.main) refers to usart.o(.text.MX_USART1_UART_Init) for MX_USART1_UART_Init
    main.o(.text.main) refers to main.o(.text.DSP_Demo) for DSP_Demo
    main.o(.ARM.exidx.text.main) refers to main.o(.text.main) for [Anonymous Symbol]
    main.o(.text.SystemClock_Config) refers to stm32g4xx_hal_pwr_ex.o(.text.HAL_PWREx_ControlVoltageScaling) for HAL_PWREx_ControlVoltageScaling
    main.o(.text.SystemClock_Config) refers to stm32g4xx_hal_rcc.o(.text.HAL_RCC_OscConfig) for HAL_RCC_OscConfig
    main.o(.text.SystemClock_Config) refers to stm32g4xx_hal_rcc.o(.text.HAL_RCC_ClockConfig) for HAL_RCC_ClockConfig
    main.o(.ARM.exidx.text.SystemClock_Config) refers to main.o(.text.SystemClock_Config) for [Anonymous Symbol]
    main.o(.ARM.exidx.text.Error_Handler) refers to main.o(.text.Error_Handler) for [Anonymous Symbol]
    main.o(.data.UART_Debug) refers to usart.o(.bss.huart1) for huart1
    gpio.o(.ARM.exidx.text.MX_GPIO_Init) refers to gpio.o(.text.MX_GPIO_Init) for [Anonymous Symbol]
    dma.o(.text.MX_DMA_Init) refers to stm32g4xx_hal_cortex.o(.text.HAL_NVIC_SetPriority) for HAL_NVIC_SetPriority
    dma.o(.text.MX_DMA_Init) refers to stm32g4xx_hal_cortex.o(.text.HAL_NVIC_EnableIRQ) for HAL_NVIC_EnableIRQ
    dma.o(.ARM.exidx.text.MX_DMA_Init) refers to dma.o(.text.MX_DMA_Init) for [Anonymous Symbol]
    usart.o(.text.MX_USART1_UART_Init) refers to usart.o(.bss.huart1) for huart1
    usart.o(.text.MX_USART1_UART_Init) refers to stm32g4xx_hal_uart.o(.text.HAL_UART_Init) for HAL_UART_Init
    usart.o(.text.MX_USART1_UART_Init) refers to main.o(.text.Error_Handler) for Error_Handler
    usart.o(.text.MX_USART1_UART_Init) refers to stm32g4xx_hal_uart_ex.o(.text.HAL_UARTEx_SetTxFifoThreshold) for HAL_UARTEx_SetTxFifoThreshold
[...]
    Removing transformfunctions.o(.ARM.exidx.text.arm_mfcc_init_2048_f32), (8 bytes).
    Removing transformfunctions.o(.text.arm_mfcc_init_4096_f32), (82 bytes).
    Removing transformfunctions.o(.ARM.exidx.text.arm_mfcc_init_4096_f32), (8 bytes).
    Removing transformfunctions.o(.text.arm_mfcc_f32), (1116 bytes).
    Removing transformfunctions.o(.ARM.exidx.text.arm_mfcc_f32), (8 bytes).
    Removing transformfunctions.o(.text.arm_mfcc_init_q31), (244 bytes).
    Removing transformfunctions.o(.ARM.exidx.text.arm_mfcc_init_q31), (8 bytes).
    Removing transformfunctions.o(.text.arm_rfft_init_q31), (244 bytes).
    Removing transformfunctions.o(.ARM.exidx.text.arm_rfft_init_q31), (8 bytes).
    Removing transformfunctions.o(.text.arm_mfcc_init_32_q31), (80 bytes).
    Removing transformfunctions.o(.ARM.exidx.text.arm_mfcc_init_32_q31), (8 bytes).
    Removing transformfunctions.o(.text.arm_rfft_init_32_q31), (52 bytes).
    Removing transformfunctions.o(.ARM.exidx.text.arm_rfft_init_32_q31), (8 bytes).
    Removing transformfunctions.o(.text.arm_mfcc_init_64_q31), (82 bytes).
    Removing transformfunctions.o(.ARM.exidx.text.arm_mfcc_init_64_q31), (8 bytes).
    Removing transformfunctions.o(.text.arm_rfft_init_64_q31), (50 bytes).
    Removing transformfunctions.o(.ARM.exidx.text.arm_rfft_init_64_q31), (8 bytes).
    Removing transformfunctions.o(.text.arm_mfcc_init_128_q31), (82 bytes).
    Removing transformfunctions.o(.ARM.exidx.text.arm_mfcc_init_128_q31), (8 bytes).
    Removing transformfunctions.o(.text.arm_rfft_init_128_q31), (50 bytes).
    Removing transformfunctions.o(.ARM.exidx.text.arm_rfft_init_128_q31), (8 bytes).
    Removing transformfunctions.o(.text.arm_mfcc_init_256_q31), (80 bytes).
    Removing transformfunctions.o(.ARM.exidx.text.arm_mfcc_init_256_q31), (8 bytes).
    Removing transformfunctions.o(.text.arm_rfft_init_256_q31), (52 bytes).
    Removing transformfunctions.o(.ARM.exidx.text.arm_rfft_init_256_q31), (8 bytes).
    Removing transformfunctions.o(.text.arm_mfcc_init_512_q31), (84 bytes).
    Removing transformfunctions.o(.ARM.exidx.text.arm_mfcc_init_512_q31), (8 bytes).
    Removing transformfunctions.o(.text.arm_rfft_init_512_q31), (52 bytes).
    Removing transformfunctions.o(.ARM.exidx.text.arm_rfft_init_512_q31), (8 bytes).
    Removing transformfunctions.o(.text.arm_mfcc_init_1024_q31), (84 bytes).
    Removing transformfunctions.o(.ARM.exidx.text.arm_mfcc_init_1024_q31), (8 bytes).
    Removing transformfunctions.o(.text.arm_rfft_init_1024_q31), (52 bytes).
    Removing transformfunctions.o(.ARM.exidx.text.arm_rfft_init_1024_q31), (8 bytes).
    Removing transformfunctions.o(.text.arm_mfcc_init_2048_q31), (84 bytes).
    Removing transformfunctions.o(.ARM.exidx.text.arm_mfcc_init_2048_q31), (8 bytes).
    Removing transformfunctions.o(.text.arm_rfft_init_2048_q31), (52 bytes).
    Removing transformfunctions.o(.ARM.exidx.text.arm_rfft_init_2048_q31), (8 bytes).
    Removing transformfunctions.o(.text.arm_mfcc_init_4096_q31), (84 bytes).
    Removing transformfunctions.o(.ARM.exidx.text.arm_mfcc_init_4096_q31), (8 bytes).
    Removing transformfunctions.o(.text.arm_rfft_init_4096_q31), (52 bytes).
    Removing transformfunctions.o(.ARM.exidx.text.arm_rfft_init_4096_q31), (8 bytes).
    Removing transformfunctions.o(.text.arm_mfcc_q31), (346 bytes).
    Removing transformfunctions.o(.ARM.exidx.text.arm_mfcc_q31), (8 bytes).
    Removing transformfunctions.o(.text.arm_rfft_q31), (236 bytes).
    Removing transformfunctions.o(.ARM.exidx.text.arm_rfft_q31), (8 bytes).
    Removing transformfunctions.o(.text.arm_mfcc_init_q15), (244 bytes).
    Removing transformfunctions.o(.ARM.exidx.text.arm_mfcc_init_q15), (8 bytes).
    Removing transformfunctions.o(.text.arm_rfft_init_q15), (244 bytes).
    Removing transformfunctions.o(.ARM.exidx.text.arm_rfft_init_q15), (8 bytes).
    Removing transformfunctions.o(.text.arm_mfcc_init_32_q15), (80 bytes).
    Removing transformfunctions.o(.ARM.exidx.text.arm_mfcc_init_32_q15), (8 bytes).
    Removing transformfunctions.o(.text.arm_rfft_init_32_q15), (52 bytes).
    Removing transformfunctions.o(.ARM.exidx.text.arm_rfft_init_32_q15), (8 bytes).
    Removing transformfunctions.o(.text.arm_mfcc_init_64_q15), (82 bytes).
    Removing transformfunctions.o(.ARM.exidx.text.arm_mfcc_init_64_q15), (8 bytes).
    Removing transformfunctions.o(.text.arm_rfft_init_64_q15), (50 bytes).
    Removing transformfunctions.o(.ARM.exidx.text.arm_rfft_init_64_q15), (8 bytes).
    Removing transformfunctions.o(.text.arm_mfcc_init_128_q15), (82 bytes).
    Removing transformfunctions.o(.ARM.exidx.text.arm_mfcc_init_128_q15), (8 bytes).
    Removing transformfunctions.o(.text.arm_rfft_init_128_q15), (50 bytes).
    Removing transformfunctions.o(.ARM.exidx.text.arm_rfft_init_128_q15), (8 bytes).
    Removing transformfunctions.o(.text.arm_mfcc_init_256_q15), (80 bytes).
    Removing transformfunctions.o(.ARM.exidx.text.arm_mfcc_init_256_q15), (8 bytes).
    Removing transformfunctions.o(.text.arm_rfft_init_256_q15), (52 bytes).
    Removing transformfunctions.o(.ARM.exidx.text.arm_rfft_init_256_q15), (8 bytes).
    Removing transformfunctions.o(.text.arm_mfcc_init_512_q15), (84 bytes).
    Removing transformfunctions.o(.ARM.exidx.text.arm_mfcc_init_512_q15), (8 bytes).
    Removing transformfunctions.o(.text.arm_rfft_init_512_q15), (52 bytes).
    Removing transformfunctions.o(.ARM.exidx.text.arm_rfft_init_512_q15), (8 bytes).
    Removing transformfunctions.o(.text.arm_mfcc_init_1024_q15), (84 bytes).
    Removing transformfunctions.o(.ARM.exidx.text.arm_mfcc_init_1024_q15), (8 bytes).
    Removing transformfunctions.o(.text.arm_rfft_init_1024_q15), (52 bytes).
    Removing transformfunctions.o(.ARM.exidx.text.arm_rfft_init_1024_q15), (8 bytes).
    Removing transformfunctions.o(.text.arm_mfcc_init_2048_q15), (84 bytes).
    Removing transformfunctions.o(.ARM.exidx.text.arm_mfcc_init_2048_q15), (8 bytes).
    Removing transformfunctions.o(.text.arm_rfft_init_2048_q15), (52 bytes).
    Removing transformfunctions.o(.ARM.exidx.text.arm_rfft_init_2048_q15), (8 bytes).
    Removing transformfunctions.o(.text.arm_mfcc_init_4096_q15), (84 bytes).
    Removing transformfunctions.o(.ARM.exidx.text.arm_mfcc_init_4096_q15), (8 bytes).
    Removing transformfunctions.o(.text.arm_rfft_init_4096_q15), (52 bytes).
    Removing transformfunctions.o(.ARM.exidx.text.arm_rfft_init_4096_q15), (8 bytes).
    Removing transformfunctions.o(.text.arm_mfcc_q15), (534 bytes).
    Removing transformfunctions.o(.ARM.exidx.text.arm_mfcc_q15), (8 bytes).
    Removing transformfunctions.o(.text.arm_rfft_q15), (1330 bytes).
    Removing transformfunctions.o(.ARM.exidx.text.arm_rfft_q15), (8 bytes).
    Removing transformfunctions.o(.text.arm_dct4_f32), (746 bytes).
    Removing transformfunctions.o(.ARM.exidx.text.arm_dct4_f32), (8 bytes).
    Removing transformfunctions.o(.text.arm_rfft_f32), (2012 bytes).
    Removing transformfunctions.o(.ARM.exidx.text.arm_rfft_f32), (8 bytes).
    Removing transformfunctions.o(.text.arm_dct4_init_f32), (396 bytes).
    Removing transformfunctions.o(.ARM.exidx.text.arm_dct4_init_f32), (8 bytes).
    Removing transformfunctions.o(.text.arm_rfft_init_f32), (296 bytes).
    Removing transformfunctions.o(.ARM.exidx.text.arm_rfft_init_f32), (8 bytes).
    Removing transformfunctions.o(.text.arm_dct4_init_q15), (372 bytes).
    Removing transformfunctions.o(.ARM.exidx.text.arm_dct4_init_q15), (8 bytes).
    Removing transformfunctions.o(.text.arm_dct4_init_q31), (372 bytes).
    Removing transformfunctions.o(.ARM.exidx.text.arm_dct4_init_q31), (8 bytes).
    Removing transformfunctions.o(.text.arm_dct4_q15), (776 bytes).
    Removing transformfunctions.o(.ARM.exidx.text.arm_dct4_q15), (8 bytes).
    Removing transformfunctions.o(.text.arm_dct4_q31), (794 bytes).
    Removing transformfunctions.o(.ARM.exidx.text.arm_dct4_q31), (8 bytes).
    Removing transformfunctions.o(.text.arm_split_rifft_f32), (820 bytes).
    Removing transformfunctions.o(.ARM.exidx.text.arm_split_rifft_f32), (8 bytes).
    Removing transformfunctions.o(.text.arm_split_rfft_f32), (1082 bytes).
    Removing transformfunctions.o(.ARM.exidx.text.arm_split_rfft_f32), (8 bytes).
    Removing transformfunctions.o(.text.arm_split_rifft_q15), (504 bytes).
    Removing transformfunctions.o(.ARM.exidx.text.arm_split_rifft_q15), (8 bytes).
    Removing transformfunctions.o(.text.arm_split_rfft_q15), (740 bytes).
    Removing transformfunctions.o(.ARM.exidx.text.arm_split_rfft_q15), (8 bytes).
    Removing transformfunctions.o(.text.arm_split_rifft_q31), (144 bytes).
    Removing transformfunctions.o(.ARM.exidx.text.arm_split_rifft_q31), (8 bytes).
    Removing transformfunctions.o(.text.arm_split_rfft_q31), (262 bytes).
    Removing transformfunctions.o(.ARM.exidx.text.arm_split_rfft_q31), (8 bytes).
    Removing transformfunctions.o(.text.arm_cfft_radix4_init_f32), (152 bytes).
    Removing transformfunctions.o(.ARM.exidx.text.arm_cfft_radix4_init_f32), (8 bytes).
    Removing transformfunctions.o(.text.arm_rfft_init_8192_q15), (52 bytes).
    Removing transformfunctions.o(.ARM.exidx.text.arm_rfft_init_8192_q15), (8 bytes).
    Removing transformfunctions.o(.text.arm_rfft_init_8192_q31), (52 bytes).
    Removing transformfunctions.o(.ARM.exidx.text.arm_rfft_init_8192_q31), (8 bytes).
    Removing transformfunctions.o(.text.arm_cfft_radix4_init_q15), (108 bytes).
    Removing transformfunctions.o(.ARM.exidx.text.arm_cfft_radix4_init_q15), (8 bytes).
    Removing transformfunctions.o(.text.arm_cfft_radix4_init_q31), (108 bytes).
    Removing transformfunctions.o(.ARM.exidx.text.arm_cfft_radix4_init_q31), (8 bytes).
    Removing transformfunctions.o(.text.arm_cfft_radix2_init_f32), (244 bytes).
    Removing transformfunctions.o(.ARM.exidx.text.arm_cfft_radix2_init_f32), (8 bytes).
    Removing transformfunctions.o(.text.arm_cfft_radix2_init_q15), (166 bytes).
    Removing transformfunctions.o(.ARM.exidx.text.arm_cfft_radix2_init_q15), (8 bytes).
    Removing transformfunctions.o(.text.arm_cfft_radix2_init_q31), (166 bytes).
    Removing transformfunctions.o(.ARM.exidx.text.arm_cfft_radix2_init_q31), (8 bytes).
    Removing windowfunctions.o(.text), (0 bytes).
    Removing windowfunctions.o(.text.arm_welch_f32), (316 bytes).
    Removing windowfunctions.o(.ARM.exidx.text.arm_welch_f32), (8 bytes).
    Removing windowfunctions.o(.text.arm_welch_f64), (600 bytes).
    Removing windowfunctions.o(.ARM.exidx.text.arm_welch_f64), (8 bytes).
    Removing windowfunctions.o(.text.arm_bartlett_f32), (352 bytes).
    Removing windowfunctions.o(.ARM.exidx.text.arm_bartlett_f32), (8 bytes).
    Removing windowfunctions.o(.text.arm_bartlett_f64), (768 bytes).
    Removing windowfunctions.o(.ARM.exidx.text.arm_bartlett_f64), (8 bytes).
    Removing windowfunctions.o(.text.arm_hamming_f32), (384 bytes).
    Removing windowfunctions.o(.ARM.exidx.text.arm_hamming_f32), (8 bytes).
    Removing windowfunctions.o(.text.arm_hamming_f64), (752 bytes).
    Removing windowfunctions.o(.ARM.exidx.text.arm_hamming_f64), (8 bytes).
    Removing windowfunctions.o(.text.arm_hanning_f32), (376 bytes).
    Removing windowfunctions.o(.ARM.exidx.text.arm_hanning_f32), (8 bytes).
    Removing windowfunctions.o(.text.arm_hanning_f64), (744 bytes).
    Removing windowfunctions.o(.ARM.exidx.text.arm_hanning_f64), (8 bytes).
    Removing windowfunctions.o(.text.arm_nuttall3_f32), (524 bytes).
    Removing windowfunctions.o(.ARM.exidx.text.arm_nuttall3_f32), (8 bytes).
    Removing windowfunctions.o(.text.arm_nuttall3_f64), (1216 bytes).
    Removing windowfunctions.o(.ARM.exidx.text.arm_nuttall3_f64), (8 bytes).
    Removing windowfunctions.o(.text.arm_nuttall4_f32), (660 bytes).
    Removing windowfunctions.o(.ARM.exidx.text.arm_nuttall4_f32), (8 bytes).
    Removing windowfunctions.o(.text.arm_nuttall4_f64), (1576 bytes).
    Removing windowfunctions.o(.ARM.exidx.text.arm_nuttall4_f64), (8 bytes).
    Removing windowfunctions.o(.text.arm_nuttall3a_f32), (532 bytes).
    Removing windowfunctions.o(.ARM.exidx.text.arm_nuttall3a_f32), (8 bytes).
    Removing windowfunctions.o(.text.arm_nuttall3a_f64), (1216 bytes).
    Removing windowfunctions.o(.ARM.exidx.text.arm_nuttall3a_f64), (8 bytes).
    Removing windowfunctions.o(.text.arm_nuttall3b_f32), (536 bytes).
    Removing windowfunctions.o(.ARM.exidx.text.arm_nuttall3b_f32), (8 bytes).
    Removing windowfunctions.o(.text.arm_nuttall3b_f64), (1216 bytes).
    Removing windowfunctions.o(.ARM.exidx.text.arm_nuttall3b_f64), (8 bytes).
    Removing windowfunctions.o(.text.arm_nuttall4a_f32), (672 bytes).
    Removing windowfunctions.o(.ARM.exidx.text.arm_nuttall4a_f32), (8 bytes).
    Removing windowfunctions.o(.text.arm_nuttall4a_f64), (1576 bytes).
    Removing windowfunctions.o(.ARM.exidx.text.arm_nuttall4a_f64), (8 bytes).
    Removing windowfunctions.o(.text.arm_blackman_harris_92db_f32), (672 bytes).
    Removing windowfunctions.o(.ARM.exidx.text.arm_blackman_harris_92db_f32), (8 bytes).
    Removing windowfunctions.o(.text.arm_blackman_harris_92db_f64), (1576 bytes).
    Removing windowfunctions.o(.ARM.exidx.text.arm_blackman_harris_92db_f64), (8 bytes).
    Removing windowfunctions.o(.text.arm_nuttall4b_f32), (672 bytes).
    Removing windowfunctions.o(.ARM.exidx.text.arm_nuttall4b_f32), (8 bytes).
    Removing windowfunctions.o(.text.arm_nuttall4b_f64), (1576 bytes).
    Removing windowfunctions.o(.ARM.exidx.text.arm_nuttall4b_f64), (8 bytes).
    Removing windowfunctions.o(.text.arm_nuttall4c_f32), (672 bytes).
    Removing windowfunctions.o(.ARM.exidx.text.arm_nuttall4c_f32), (8 bytes).
    Removing windowfunctions.o(.text.arm_nuttall4c_f64), (1576 bytes).
    Removing windowfunctions.o(.ARM.exidx.text.arm_nuttall4c_f64), (8 bytes).
    Removing windowfunctions.o(.text.arm_hft90d_f32), (800 bytes).
    Removing windowfunctions.o(.ARM.exidx.text.arm_hft90d_f32), (8 bytes).
    Removing windowfunctions.o(.text.arm_hft90d_f64), (1928 bytes).
    Removing windowfunctions.o(.ARM.exidx.text.arm_hft90d_f64), (8 bytes).
    Removing windowfunctions.o(.text.arm_hft95_f32), (800 bytes).
    Removing windowfunctions.o(.ARM.exidx.text.arm_hft95_f32), (8 bytes).
    Removing windowfunctions.o(.text.arm_hft95_f64), (1928 bytes).
    Removing windowfunctions.o(.ARM.exidx.text.arm_hft95_f64), (8 bytes).
    Removing windowfunctions.o(.text.arm_hft116d_f32), (932 bytes).
    Removing windowfunctions.o(.ARM.exidx.text.arm_hft116d_f32), (8 bytes).
    Removing windowfunctions.o(.text.arm_hft116d_f64), (2312 bytes).
    Removing windowfunctions.o(.ARM.exidx.text.arm_hft116d_f64), (8 bytes).
    Removing windowfunctions.o(.text.arm_hft144d_f32), (1064 bytes).
    Removing windowfunctions.o(.ARM.exidx.text.arm_hft144d_f32), (8 bytes).
    Removing windowfunctions.o(.text.arm_hft144d_f64), (2688 bytes).
    Removing windowfunctions.o(.ARM.exidx.text.arm_hft144d_f64), (8 bytes).
    Removing windowfunctions.o(.text.arm_hft169d_f32), (1312 bytes).
    Removing windowfunctions.o(.ARM.exidx.text.arm_hft169d_f32), (8 bytes).
    Removing windowfunctions.o(.text.arm_hft169d_f64), (3056 bytes).
    Removing windowfunctions.o(.ARM.exidx.text.arm_hft169d_f64), (8 bytes).
    Removing windowfunctions.o(.text.arm_hft196d_f32), (1488 bytes).
    Removing windowfunctions.o(.ARM.exidx.text.arm_hft196d_f32), (8 bytes).
    Removing windowfunctions.o(.text.arm_hft196d_f64), (3424 bytes).
    Removing windowfunctions.o(.ARM.exidx.text.arm_hft196d_f64), (8 bytes).
    Removing windowfunctions.o(.text.arm_hft223d_f32), (1644 bytes).
    Removing windowfunctions.o(.ARM.exidx.text.arm_hft223d_f32), (8 bytes).
    Removing windowfunctions.o(.text.arm_hft223d_f64), (1976 bytes).
    Removing windowfunctions.o(.ARM.exidx.text.arm_hft223d_f64), (8 bytes).
    Removing windowfunctions.o(.text.arm_hft248d_f32), (1824 bytes).
    Removing windowfunctions.o(.ARM.exidx.text.arm_hft248d_f32), (8 bytes).
    Removing windowfunctions.o(.text.arm_hft248d_f64), (2160 bytes).
    Removing windowfunctions.o(.ARM.exidx.text.arm_hft248d_f64), (8 bytes).
    Removing dcmple.o(.text), (54 bytes).
    Removing dcmplt.o(.text), (54 bytes).
    Removing dcmpgt.o(.text), (54 bytes).
    Removing dcmpeq.o(.text), (56 bytes).
    Removing dflti.o(.text), (34 bytes).
    Removing dfltui.o(.text), (26 bytes).
    Removing dfixi.o(.text), (62 bytes).
    Removing dfixl.o(.text), (74 bytes).
    Removing d2f.o(.text), (56 bytes).
    Removing fepilogue.o(.text), (110 bytes).
    Removing dneg.o(.text), (6 bytes).
    Removing dsqrt.o(.text), (162 bytes).
    Removing cdcmple.o(.text), (48 bytes).
    Removing fpstat.o(.text), (4 bytes).

2084 unused section(s) (total 1294768 bytes) removed from the image.

==============================================================================

Image Symbol Table

    Local Symbols

    Symbol Name                              Value     Ov Type        Size  Object(Section)

    ../clib/../cmprslib/zerorunl.c           0x00000000   Number         0  __dczerorl.o ABSOLUTE
    ../clib/division.s                       0x00000000   Number         0  aeabi_sdiv.o ABSOLUTE
    ../clib/microlib/division.c              0x00000000   Number         0  uldiv.o ABSOLUTE
    ../clib/microlib/division.c              0x00000000   Number         0  ldiv.o ABSOLUTE
    ../clib/microlib/division.c              0x00000000   Number         0  uidiv.o ABSOLUTE
    ../clib/microlib/errno.c                 0x00000000   Number         0  errno.o ABSOLUTE
    ../clib/microlib/init/entry.s            0x00000000   Number         0  entry.o ABSOLUTE
    ../clib/microlib/init/entry.s            0x00000000   Number         0  entry2.o ABSOLUTE
    ../clib/microlib/init/entry.s            0x00000000   Number         0  entry5.o ABSOLUTE
    ../clib/microlib/init/entry.s            0x00000000   Number         0  entry7a.o ABSOLUTE
    ../clib/microlib/init/entry.s            0x00000000   Number         0  entry7b.o ABSOLUTE
    ../clib/microlib/init/entry.s            0x00000000   Number         0  entry8a.o ABSOLUTE
    ../clib/microlib/init/entry.s            0x00000000   Number         0  entry8b.o ABSOLUTE
    ../clib/microlib/init/entry.s            0x00000000   Number         0  entry9a.o ABSOLUTE
    ../clib/microlib/init/entry.s            0x00000000   Number         0  entry9b.o ABSOLUTE
    ../clib/microlib/init/entry.s            0x00000000   Number         0  entry10a.o ABSOLUTE
    ../clib/microlib/init/entry.s            0x00000000   Number         0  entry10b.o ABSOLUTE
    ../clib/microlib/init/entry.s            0x00000000   Number         0  entry11a.o ABSOLUTE
    ../clib/microlib/init/entry.s            0x00000000   Number         0  entry11b.o ABSOLUTE
    ../clib/microlib/longlong.c              0x00000000   Number         0  llshl.o ABSOLUTE
    ../clib/microlib/longlong.c              0x00000000   Number         0  llushr.o ABSOLUTE
    ../clib/microlib/longlong.c              0x00000000   Number         0  llsshr.o ABSOLUTE
    ../clib/microlib/printf/printf.c         0x00000000   Number         0  printfa.o ABSOLUTE
    ../clib/microlib/stdio/fputc.c           0x00000000   Number         0  fputc.o ABSOLUTE
    ../clib/microlib/stdio/fputc.c           0x00000000   Number         0  fputc_h.o ABSOLUTE
    ../clib/microlib/stdio/semi.s            0x00000000   Number         0  semi.o ABSOLUTE
    ../clib/microlib/stdio/streams.c         0x00000000   Number         0  stdout.o ABSOLUTE
    ../clib/microlib/string/memcpy.c         0x00000000   Number         0  memcpya.o ABSOLUTE
    ../clib/microlib/string/memcpy.c         0x00000000   Number         0  memcpyb.o ABSOLUTE
    ../clib/microlib/string/memset.c         0x00000000   Number         0  memseta.o ABSOLUTE
    ../clib/microlib/stubs.s                 0x00000000   Number         0  iusefp.o ABSOLUTE
    ../clib/microlib/stubs.s                 0x00000000   Number         0  iusesemip.o ABSOLUTE
    ../fplib/microlib/d2f.c                  0x00000000   Number         0  d2f.o ABSOLUTE
    ../fplib/microlib/f2d.c                  0x00000000   Number         0  f2d.o ABSOLUTE
    ../fplib/microlib/fpadd.c                0x00000000   Number         0  dadd.o ABSOLUTE
    ../fplib/microlib/fpcmp.c                0x00000000   Number         0  dcmple.o ABSOLUTE
    ../fplib/microlib/fpcmp.c                0x00000000   Number         0  dcmplt.o ABSOLUTE
    ../fplib/microlib/fpcmp.c                0x00000000   Number         0  dcmpgt.o ABSOLUTE
    ../fplib/microlib/fpcmp.c                0x00000000   Number         0  dcmpeq.o ABSOLUTE
    ../fplib/microlib/fpdiv.c                0x00000000   Number         0  ddiv.o ABSOLUTE
    ../fplib/microlib/fpepilogue.c           0x00000000   Number         0  fepilogue.o ABSOLUTE
    ../fplib/microlib/fpepilogue.c           0x00000000   Number         0  depilogue.o ABSOLUTE
    ../fplib/microlib/fpfix.c                0x00000000   Number         0  dfixi.o ABSOLUTE
    ../fplib/microlib/fpfix.c                0x00000000   Number         0  dfixl.o ABSOLUTE
    ../fplib/microlib/fpfix.c                0x00000000   Number         0  dfixul.o ABSOLUTE
    ../fplib/microlib/fpflt.c                0x00000000   Number         0  dflti.o ABSOLUTE
    ../fplib/microlib/fpflt.c                0x00000000   Number         0  dfltui.o ABSOLUTE
    ../fplib/microlib/fpmul.c                0x00000000   Number         0  dmul.o ABSOLUTE
    ../fplib/microlib/fpneg.c                0x00000000   Number         0  dneg.o ABSOLUTE
    ../fplib/microlib/fpsqrt.c               0x00000000   Number         0  dsqrt.o ABSOLUTE
    ../fplib/microlib/fpstat.c               0x00000000   Number         0  fpstat.o ABSOLUTE
    ../mathlib/cos.c                         0x00000000   Number         0  cos.o ABSOLUTE
    ../mathlib/cos_i.c                       0x00000000   Number         0  cos_i.o ABSOLUTE
    ../mathlib/cosf.c                        0x00000000   Number         0  cosf.o ABSOLUTE
    ../mathlib/dunder.c                      0x00000000   Number         0  dunder.o ABSOLUTE
    ../mathlib/exp.c                         0x00000000   Number         0  exp.o ABSOLUTE
    ../mathlib/expf.c                        0x00000000   Number         0  expf.o ABSOLUTE
    ../mathlib/fabs.c                        0x00000000   Number         0  fabs.o ABSOLUTE
    ../mathlib/fpclassify.c                  0x00000000   Number         0  fpclassify.o ABSOLUTE
    ../mathlib/fpclassifyf.c                 0x00000000   Number         0  fpclassifyf.o ABSOLUTE
    ../mathlib/funder.c                      0x00000000   Number         0  funder.o ABSOLUTE
    ../mathlib/log.c                         0x00000000   Number         0  log.o ABSOLUTE
    ../mathlib/logf.c                        0x00000000   Number         0  logf.o ABSOLUTE
    ../mathlib/poly.c                        0x00000000   Number         0  poly.o ABSOLUTE
    ../mathlib/powf.c                        0x00000000   Number         0  powf.o ABSOLUTE
    ../mathlib/qnan.c                        0x00000000   Number         0  qnan.o ABSOLUTE
    ../mathlib/rred.c                        0x00000000   Number         0  rred.o ABSOLUTE
    ../mathlib/rredf.c                       0x00000000   Number         0  rredf.o ABSOLUTE
    ../mathlib/sin_i.c                       0x00000000   Number         0  sin_i.o ABSOLUTE
    ../mathlib/sqrt.c                        0x00000000   Number         0  sqrt.o ABSOLUTE
    ../mathlib/tanhf.c                       0x00000000   Number         0  tanhf.o ABSOLUTE
    BasicMathFunctions.c                     0x00000000   Number         0  basicmathfunctions.o ABSOLUTE
    BayesFunctions.c                         0x00000000   Number         0  bayesfunctions.o ABSOLUTE
    CommonTables.c                           0x00000000   Number         0  commontables.o ABSOLUTE
    ComplexMathFunctions.c                   0x00000000   Number         0  complexmathfunctions.o ABSOLUTE
    DistanceFunctions.c                      0x00000000   Number         0  distancefunctions.o ABSOLUTE
    FastMathFunctions.c                      0x00000000   Number         0  fastmathfunctions.o ABSOLUTE
    FilteringFunctions.c                     0x00000000   Number         0  filteringfunctions.o ABSOLUTE
    InterpolationFunctions.c                 0x00000000   Number         0  interpolationfunctions.o ABSOLUTE
    MatrixFunctions.c                        0x00000000   Number         0  matrixfunctions.o ABSOLUTE
    QuaternionMathFunctions.c                0x00000000   Number         0  quaternionmathfunctions.o ABSOLUTE
    SVMFunctions.c                           0x00000000   Number         0  svmfunctions.o ABSOLUTE
    StatisticsFunctions.c                    0x00000000   Number         0  statisticsfunctions.o ABSOLUTE
    SupportFunctions.c                       0x00000000   Number         0  supportfunctions.o ABSOLUTE
    TransformFunctions.c                     0x00000000   Number         0  transformfunctions.o ABSOLUTE
    WindowFunctions.c                        0x00000000   Number         0  windowfunctions.o ABSOLUTE
    cdcmple.s                                0x00000000   Number         0  cdcmple.o ABSOLUTE
    cdrcmple.s                               0x00000000   Number         0  cdrcmple.o ABSOLUTE
    dc.s                                     0x00000000   Number         0  dc.o ABSOLUTE
    dma.c                                    0x00000000   Number         0  dma.o ABSOLUTE
    fft.c                                    0x00000000   Number         0  fft.o ABSOLUTE
    filter.c                                 0x00000000   Number         0  filter.o ABSOLUTE
    gpio.c                                   0x00000000   Number         0  gpio.o ABSOLUTE
    handlers.s                               0x00000000   Number         0  handlers.o ABSOLUTE
    init.s                                   0x00000000   Number         0  init.o ABSOLUTE
    main.c                                   0x00000000   Number         0  main.o ABSOLUTE
    startup_stm32g474xx.s                    0x00000000   Number         0  startup_stm32g474xx.o ABSOLUTE
    stm32g4xx_hal.c                          0x00000000   Number         0  stm32g4xx_hal.o ABSOLUTE
    stm32g4xx_hal_cortex.c                   0x00000000   Number         0  stm32g4xx_hal_cortex.o ABSOLUTE
    stm32g4xx_hal_dma.c                      0x00000000   Number         0  stm32g4xx_hal_dma.o ABSOLUTE
    stm32g4xx_hal_dma_ex.c                   0x00000000   Number         0  stm32g4xx_hal_dma_ex.o ABSOLUTE
    stm32g4xx_hal_exti.c                     0x00000000   Number         0  stm32g4xx_hal_exti.o ABSOLUTE
    stm32g4xx_hal_flash.c                    0x00000000   Number         0  stm32g4xx_hal_flash.o ABSOLUTE
    stm32g4xx_hal_flash_ex.c                 0x00000000   Number         0  stm32g4xx_hal_flash_ex.o ABSOLUTE
    stm32g4xx_hal_flash_ramfunc.c            0x00000000   Number         0  stm32g4xx_hal_flash_ramfunc.o ABSOLUTE
    stm32g4xx_hal_gpio.c                     0x00000000   Number         0  stm32g4xx_hal_gpio.o ABSOLUTE
    stm32g4xx_hal_msp.c                      0x00000000   Number         0  stm32g4xx_hal_msp.o ABSOLUTE
    stm32g4xx_hal_pwr.c                      0x00000000   Number         0  stm32g4xx_hal_pwr.o ABSOLUTE
    stm32g4xx_hal_pwr_ex.c                   0x00000000   Number         0  stm32g4xx_hal_pwr_ex.o ABSOLUTE
    stm32g4xx_hal_rcc.c                      0x00000000   Number         0  stm32g4xx_hal_rcc.o ABSOLUTE
    stm32g4xx_hal_rcc_ex.c                   0x00000000   Number         0  stm32g4xx_hal_rcc_ex.o ABSOLUTE
    stm32g4xx_hal_tim.c                      0x00000000   Number         0  stm32g4xx_hal_tim.o ABSOLUTE
    stm32g4xx_hal_tim_ex.c                   0x00000000   Number         0  stm32g4xx_hal_tim_ex.o ABSOLUTE
    stm32g4xx_hal_uart.c                     0x00000000   Number         0  stm32g4xx_hal_uart.o ABSOLUTE
    stm32g4xx_hal_uart_ex.c                  0x00000000   Number         0  stm32g4xx_hal_uart_ex.o ABSOLUTE
    stm32g4xx_it.c                           0x00000000   Number         0  stm32g4xx_it.o ABSOLUTE
    system_stm32g4xx.c                       0x00000000   Number         0  system_stm32g4xx.o ABSOLUTE
    usart.c                                  0x00000000   Number         0  usart.o ABSOLUTE
    RESET                                    0x08000000   Section      472  startup_stm32g474xx.o(RESET)
    .ARM.Collect$$$$00000000                 0x080001d8   Section        0  entry.o(.ARM.Collect$$$$00000000)
    .ARM.Collect$$$$00000001                 0x080001d8   Section        4  entry2.o(.ARM.Collect$$$$00000001)
    .ARM.Collect$$$$00000004                 0x080001dc   Section        4  entry5.o(.ARM.Collect$$$$00000004)
    .ARM.Collect$$$$00000008                 0x080001e0   Section        0  entry7b.o(.ARM.Collect$$$$00000008)
    .ARM.Collect$$$$0000000A                 0x080001e0   Section        0  entry8b.o(.ARM.Collect$$$$0000000A)
    .ARM.Collect$$$$0000000B                 0x080001e0   Section        8  entry9a.o(.ARM.Collect$$$$0000000B)
    __lit__00000000                          0x080001e8   Data           4  entry2.o(.ARM.Collect$$$$00002712)
    .ARM.Collect$$$$0000000D                 0x080001e8   Section        0  entry10a.o(.ARM.Collect$$$$0000000D)
    .ARM.Collect$$$$0000000F                 0x080001e8   Section        0  entry11a.o(.ARM.Collect$$$$0000000F)
    .ARM.Collect$$$$00002712                 0x080001e8   Section        4  entry2.o(.ARM.Collect$$$$00002712)
    $v0                                      0x080001ec   Number         0  startup_stm32g474xx.o(.text)
    .text                                    0x080001ec   Section       36  startup_stm32g474xx.o(.text)
    .text                                    0x08000210   Section        0  uldiv.o(.text)
    .text                                    0x08000272   Section        0  memseta.o(.text)
    .text                                    0x08000296   Section        0  dadd.o(.text)
    .text                                    0x080003e4   Section        0  dmul.o(.text)
    .text                                    0x080004c8   Section        0  ddiv.o(.text)
    .text                                    0x080005a6   Section        0  f2d.o(.text)
    .text                                    0x080005cc   Section        0  uidiv.o(.text)
    .text                                    0x080005f8   Section        0  llshl.o(.text)
    .text                                    0x08000616   Section        0  llushr.o(.text)
    .text                                    0x08000636   Section        0  llsshr.o(.text)
    .text                                    0x0800065a   Section        0  iusefp.o(.text)
    .text                                    0x0800065a   Section        0  depilogue.o(.text)
    .text                                    0x08000714   Section        0  dfixul.o(.text)
    .text                                    0x08000744   Section       48  cdrcmple.o(.text)
    .text                                    0x08000774   Section       48  init.o(.text)
    .text                                    0x080007a4   Section        0  __dczerorl.o(.text)
    [Anonymous Symbol]                       0x080007e0   Section        0  stm32g4xx_it.o(.text.BusFault_Handler)
    [Anonymous Symbol]                       0x080007e4   Section        0  stm32g4xx_it.o(.text.DMA1_Channel1_IRQHandler)
    [Anonymous Symbol]                       0x080007f0   Section        0  stm32g4xx_it.o(.text.DMA1_Channel2_IRQHandler)
    [Anonymous Symbol]                       0x080007fc   Section        0  main.o(.text.DSP_Demo)
    [Anonymous Symbol]                       0x080008e8   Section        0  stm32g4xx_it.o(.text.DebugMon_Handler)
    [Anonymous Symbol]                       0x080008ec   Section        0  main.o(.text.Error_Handler)
    [Anonymous Symbol]                       0x080008f8   Section        0  stm32g4xx_hal_dma.o(.text.HAL_DMA_Abort)
    [Anonymous Symbol]                       0x08000968   Section        0  stm32g4xx_hal_dma.o(.text.HAL_DMA_Abort_IT)
    [Anonymous Symbol]                       0x080009e8   Section        0  stm32g4xx_hal_dma.o(.text.HAL_DMA_IRQHandler)
    [Anonymous Symbol]                       0x08000a94   Section        0  stm32g4xx_hal_dma.o(.text.HAL_DMA_Init)
    [Anonymous Symbol]                       0x08000bac   Section        0  stm32g4xx_hal_dma.o(.text.HAL_DMA_Start_IT)
    [Anonymous Symbol]                       0x08000c94   Section        0  stm32g4xx_hal_gpio.o(.text.HAL_GPIO_Init)
    [Anonymous Symbol]                       0x08000e48   Section        0  stm32g4xx_hal.o(.text.HAL_GetTick)
    [Anonymous Symbol]                       0x08000e54   Section        0  stm32g4xx_hal.o(.text.HAL_IncTick)
    [Anonymous Symbol]                       0x08000e70   Section        0  stm32g4xx_hal.o(.text.HAL_Init)
    [Anonymous Symbol]                       0x08000e90   Section        0  stm32g4xx_hal.o(.text.HAL_InitTick)
    [Anonymous Symbol]                       0x08000ee0   Section        0  stm32g4xx_hal_msp.o(.text.HAL_MspInit)
    [Anonymous Symbol]                       0x08000f14   Section        0  stm32g4xx_hal_cortex.o(.text.HAL_NVIC_EnableIRQ)
    [Anonymous Symbol]                       0x08000f38   Section        0  stm32g4xx_hal_cortex.o(.text.HAL_NVIC_SetPriority)
    [Anonymous Symbol]                       0x08000f90   Section        0  stm32g4xx_hal_cortex.o(.text.HAL_NVIC_SetPriorityGrouping)
    [Anonymous Symbol]                       0x08000fb0   Section        0  stm32g4xx_hal_pwr_ex.o(.text.HAL_PWREx_ControlVoltageScaling)
    [Anonymous Symbol]                       0x080010c0   Section        0  stm32g4xx_hal_pwr_ex.o(.text.HAL_PWREx_DisableUCPDDeadBattery)
    [Anonymous Symbol]                       0x080010d4   Section        0  stm32g4xx_hal_rcc_ex.o(.text.HAL_RCCEx_PeriphCLKConfig)
    [Anonymous Symbol]                       0x080013ac   Section        0  stm32g4xx_hal_rcc.o(.text.HAL_RCC_ClockConfig)
    [Anonymous Symbol]                       0x080016b0   Section        0  stm32g4xx_hal_rcc.o(.text.HAL_RCC_GetPCLK1Freq)
    [Anonymous Symbol]                       0x080016dc   Section        0  stm32g4xx_hal_rcc.o(.text.HAL_RCC_GetPCLK2Freq)
    [Anonymous Symbol]                       0x08001708   Section        0  stm32g4xx_hal_rcc.o(.text.HAL_RCC_GetSysClockFreq)
    [Anonymous Symbol]                       0x0800178c   Section        0  stm32g4xx_hal_rcc.o(.text.HAL_RCC_OscConfig)
    [Anonymous Symbol]                       0x08001c5c   Section        0  stm32g4xx_hal_cortex.o(.text.HAL_SYSTICK_Config)
    [Anonymous Symbol]                       0x08001c88   Section        0  stm32g4xx_hal_uart_ex.o(.text.HAL_UARTEx_DisableFifoMode)
    [Anonymous Symbol]                       0x08001cc0   Section        0  stm32g4xx_hal_uart.o(.text.HAL_UARTEx_RxEventCallback)
    [Anonymous Symbol]                       0x08001cc4   Section        0  stm32g4xx_hal_uart_ex.o(.text.HAL_UARTEx_RxFifoFullCallback)
    [Anonymous Symbol]                       0x08001cc8   Section        0  stm32g4xx_hal_uart_ex.o(.text.HAL_UARTEx_SetRxFifoThreshold)
    [Anonymous Symbol]                       0x08001d54   Section        0  stm32g4xx_hal_uart_ex.o(.text.HAL_UARTEx_SetTxFifoThreshold)
    [Anonymous Symbol]                       0x08001de0   Section        0  stm32g4xx_hal_uart_ex.o(.text.HAL_UARTEx_TxFifoEmptyCallback)
    [Anonymous Symbol]                       0x08001de4   Section        0  stm32g4xx_hal_uart_ex.o(.text.HAL_UARTEx_WakeupCallback)
    [Anonymous Symbol]                       0x08001de8   Section        0  stm32g4xx_hal_uart.o(.text.HAL_UART_ErrorCallback)
    [Anonymous Symbol]                       0x08001dec   Section        0  stm32g4xx_hal_uart.o(.text.HAL_UART_IRQHandler)
    [Anonymous Symbol]                       0x0800243c   Section        0  stm32g4xx_hal_uart.o(.text.HAL_UART_Init)
    [Anonymous Symbol]                       0x080024a0   Section        0  usart.o(.text.HAL_UART_MspInit)
    [Anonymous Symbol]                       0x080025b0   Section        0  stm32g4xx_hal_uart.o(.text.HAL_UART_Transmit_DMA)
    [Anonymous Symbol]                       0x08002698   Section        0  stm32g4xx_hal_uart.o(.text.HAL_UART_TxCpltCallback)
    [Anonymous Symbol]                       0x0800269c   Section        0  stm32g4xx_hal_uart.o(.text.HAL_UART_TxHalfCpltCallback)
    [Anonymous Symbol]                       0x080026a0   Section        0  stm32g4xx_it.o(.text.HardFault_Handler)
    [Anonymous Symbol]                       0x080026a4   Section        0  dma.o(.text.MX_DMA_Init)
    [Anonymous Symbol]                       0x080026fc   Section        0  gpio.o(.text.MX_GPIO_Init)
    [Anonymous Symbol]                       0x08002730   Section        0  usart.o(.text.MX_USART1_UART_Init)
    [Anonymous Symbol]                       0x080027b4   Section        0  stm32g4xx_it.o(.text.MemManage_Handler)
    [Anonymous Symbol]                       0x080027b8   Section        0  stm32g4xx_it.o(.text.NMI_Handler)
    [Anonymous Symbol]                       0x080027bc   Section        0  stm32g4xx_it.o(.text.PendSV_Handler)
    [Anonymous Symbol]                       0x080027c0   Section        0  stm32g4xx_it.o(.text.SVC_Handler)
    [Anonymous Symbol]                       0x080027c4   Section        0  stm32g4xx_it.o(.text.SysTick_Handler)
    [Anonymous Symbol]                       0x080027c8   Section        0  system_stm32g4xx.o(.text.SystemInit)
    [Anonymous Symbol]                       0x080027dc   Section        0  stm32g4xx_hal_uart.o(.text.UART_AdvFeatureConfig)
    [Anonymous Symbol]                       0x080028c4   Section        0  stm32g4xx_hal_uart.o(.text.UART_CheckIdleState)
    UART_DMAAbortOnError                     0x08002a31   Thumb Code    12  stm32g4xx_hal_uart.o(.text.UART_DMAAbortOnError)
    [Anonymous Symbol]                       0x08002a30   Section        0  stm32g4xx_hal_uart.o(.text.UART_DMAAbortOnError)
    UART_DMAError                            0x08002a3d   Thumb Code   474  stm32g4xx_hal_uart.o(.text.UART_DMAError)
    [Anonymous Symbol]                       0x08002a3c   Section        0  stm32g4xx_hal_uart.o(.text.UART_DMAError)
    UART_DMATransmitCplt                     0x08002c19   Thumb Code   176  stm32g4xx_hal_uart.o(.text.UART_DMATransmitCplt)
    [Anonymous Symbol]                       0x08002c18   Section        0  stm32g4xx_hal_uart.o(.text.UART_DMATransmitCplt)
    UART_DMATxHalfCplt                       0x08002cc9   Thumb Code     6  stm32g4xx_hal_uart.o(.text.UART_DMATxHalfCplt)
    [Anonymous Symbol]                       0x08002cc8   Section        0  stm32g4xx_hal_uart.o(.text.UART_DMATxHalfCplt)
    [Anonymous Symbol]                       0x08002cd0   Section        0  stm32g4xx_hal_uart.o(.text.UART_SetConfig)
    [Anonymous Symbol]                       0x08002f84   Section        0  stm32g4xx_hal_uart.o(.text.UART_WaitOnFlagUntilTimeout)
    [Anonymous Symbol]                       0x080032bc   Section        0  stm32g4xx_it.o(.text.USART1_IRQHandler)
    [Anonymous Symbol]                       0x080032c8   Section        0  stm32g4xx_it.o(.text.UsageFault_Handler)
    [Anonymous Symbol]                       0x080032cc   Section        0  transformfunctions.o(.text.arm_cfft_f32)
    [Anonymous Symbol]                       0x080035fc   Section        0  transformfunctions.o(.text.arm_cfft_radix8by2_f32)
    [Anonymous Symbol]                       0x08003798   Section        0  transformfunctions.o(.text.arm_cfft_radix8by4_f32)
    [Anonymous Symbol]                       0x08003c80   Section        0  complexmathfunctions.o(.text.arm_cmplx_mag_f32)
    [Anonymous Symbol]                       0x08003cb4   Section        0  filteringfunctions.o(.text.arm_fir_f32)
    [Anonymous Symbol]                       0x080040e0   Section        0  filteringfunctions.o(.text.arm_fir_init_f32)
    [Anonymous Symbol]                       0x08004100   Section        0  transformfunctions.o(.text.arm_radix8_butterfly_f32)
    __arm_cp.7_1                             0x08004124   Number         4  transformfunctions.o(.text.arm_radix8_butterfly_f32)
    [Anonymous Symbol]                       0x08004664   Section        0  main.o(.text.main)
    [Anonymous Symbol]                       0x080046e4   Section        0  fft.o(.text.myARM_FFT_Mag)
    [Anonymous Symbol]                       0x08004920   Section        0  filter.o(.text.myARM_FIR)
    [Anonymous Symbol]                       0x08004960   Section        0  usart.o(.text.myUART_Transmit_DMA)
    i.__0vsnprintf                           0x080049e4   Section        0  printfa.o(i.__0vsnprintf)
    i.__scatterload_copy                     0x08004a18   Section       14  handlers.o(i.__scatterload_copy)
    i.__scatterload_null                     0x08004a26   Section        2  handlers.o(i.__scatterload_null)
    i.__scatterload_zeroinit                 0x08004a28   Section       14  handlers.o(i.__scatterload_zeroinit)
    _fp_digits                               0x08004a39   Thumb Code   366  printfa.o(i._fp_digits)
    i._fp_digits                             0x08004a38   Section        0  printfa.o(i._fp_digits)
    _printf_core                             0x08004bbd   Thumb Code  1744  printfa.o(i._printf_core)
    i._printf_core                           0x08004bbc   Section        0  printfa.o(i._printf_core)
    _printf_post_padding                     0x08005299   Thumb Code    36  printfa.o(i._printf_post_padding)
    i._printf_post_padding                   0x08005298   Section        0  printfa.o(i._printf_post_padding)
    _printf_pre_padding                      0x080052bd   Thumb Code    46  printfa.o(i._printf_pre_padding)
    i._printf_pre_padding                    0x080052bc   Section        0  printfa.o(i._printf_pre_padding)
    _snputc                                  0x080052eb   Thumb Code    22  printfa.o(i._snputc)
    i._snputc                                0x080052ea   Section        0  printfa.o(i._snputc)
    .Lswitch.table.UART_SetConfig.5          0x080072c0   Data          16  stm32g4xx_hal_uart.o(.rodata.cst16)
    UARTEx_SetNbDataToProcess.numerator      0x080072d0   Data           8  stm32g4xx_hal_uart_ex.o(.rodata.cst8)
    [Anonymous Symbol]                       0x080072d0   Section        0  stm32g4xx_hal_uart_ex.o(.rodata.cst8)
    UARTEx_SetNbDataToProcess.denominator    0x080072d8   Data           8  stm32g4xx_hal_uart_ex.o(.rodata.cst8)
    .L_MergedGlobals                         0x20000000   Data           8  stm32g4xx_hal.o(.data..L_MergedGlobals)
    [Anonymous Symbol]                       0x20000000   Section        0  stm32g4xx_hal.o(.data..L_MergedGlobals)
    STACK                                    0x200104c0   Section     4096  startup_stm32g474xx.o(STACK)

    Global Symbols

    Symbol Name                              Value     Ov Type        Size  Object(Section)

    BuildAttributes$$THM_ISAv4$E$P$D$K$B$S$7EM$VFPi3$EXTD16$VFPS$VFMA$PE$A:L22UL41UL21$X:L11$S22US41US21$IEEE1$IW$~IW$USESV6$~STKCKD$USESV7$~SHL$OTIME$ROPI$IEEEX$EBA8$MICROLIB$REQ8$PRES8$EABIv2 0x00000000   Number         0  anon$$obj.o ABSOLUTE
    __cpp_initialize__aeabi_                  - Undefined Weak Reference
    __cxa_finalize                            - Undefined Weak Reference
    _clock_init                               - Undefined Weak Reference
    _microlib_exit                            - Undefined Weak Reference
    __Vectors_Size                           0x000001d8   Number         0  startup_stm32g474xx.o ABSOLUTE
    __Vectors                                0x08000000   Data           4  startup_stm32g474xx.o(RESET)
    __Vectors_End                            0x080001d8   Data           0  startup_stm32g474xx.o(RESET)
    __main                                   0x080001d9   Thumb Code     0  entry.o(.ARM.Collect$$$$00000000)
    _main_stk                                0x080001d9   Thumb Code     0  entry2.o(.ARM.Collect$$$$00000001)
    _main_scatterload                        0x080001dd   Thumb Code     0  entry5.o(.ARM.Collect$$$$00000004)
    __main_after_scatterload                 0x080001e1   Thumb Code     0  entry5.o(.ARM.Collect$$$$00000004)
    _main_clock                              0x080001e1   Thumb Code     0  entry7b.o(.ARM.Collect$$$$00000008)
    _main_cpp_init                           0x080001e1   Thumb Code     0  entry8b.o(.ARM.Collect$$$$0000000A)
    _main_init                               0x080001e1   Thumb Code     0  entry9a.o(.ARM.Collect$$$$0000000B)
    __rt_final_cpp                           0x080001e9   Thumb Code     0  entry10a.o(.ARM.Collect$$$$0000000D)
    __rt_final_exit                          0x080001e9   Thumb Code     0  entry11a.o(.ARM.Collect$$$$0000000F)
    Reset_Handler                            0x080001ed   Thumb Code     8  startup_stm32g474xx.o(.text)
    ADC1_2_IRQHandler                        0x08000207   Thumb Code     0  startup_stm32g474xx.o(.text)
    ADC3_IRQHandler                          0x08000207   Thumb Code     0  startup_stm32g474xx.o(.text)
    ADC4_IRQHandler                          0x08000207   Thumb Code     0  startup_stm32g474xx.o(.text)
    ADC5_IRQHandler                          0x08000207   Thumb Code     0  startup_stm32g474xx.o(.text)
    COMP1_2_3_IRQHandler                     0x08000207   Thumb Code     0  startup_stm32g474xx.o(.text)
    COMP4_5_6_IRQHandler                     0x08000207   Thumb Code     0  startup_stm32g474xx.o(.text)
    COMP7_IRQHandler                         0x08000207   Thumb Code     0  startup_stm32g474xx.o(.text)
    CORDIC_IRQHandler                        0x08000207   Thumb Code     0  startup_stm32g474xx.o(.text)
    CRS_IRQHandler                           0x08000207   Thumb Code     0  startup_stm32g474xx.o(.text)
    DMA1_Channel3_IRQHandler                 0x08000207   Thumb Code     0  startup_stm32g474xx.o(.text)
    DMA1_Channel4_IRQHandler                 0x08000207   Thumb Code     0  startup_stm32g474xx.o(.text)
    DMA1_Channel5_IRQHandler                 0x08000207   Thumb Code     0  startup_stm32g474xx.o(.text)
    DMA1_Channel6_IRQHandler                 0x08000207   Thumb Code     0  startup_stm32g474xx.o(.text)
    DMA1_Channel7_IRQHandler                 0x08000207   Thumb Code     0  startup_stm32g474xx.o(.text)
    DMA1_Channel8_IRQHandler                 0x08000207   Thumb Code     0  startup_stm32g474xx.o(.text)
    DMA2_Channel1_IRQHandler                 0x08000207   Thumb Code     0  startup_stm32g474xx.o(.text)
    DMA2_Channel2_IRQHandler                 0x08000207   Thumb Code     0  startup_stm32g474xx.o(.text)
    DMA2_Channel3_IRQHandler                 0x08000207   Thumb Code     0  startup_stm32g474xx.o(.text)
    DMA2_Channel4_IRQHandler                 0x08000207   Thumb Code     0  startup_stm32g474xx.o(.text)
    DMA2_Channel5_IRQHandler                 0x08000207   Thumb Code     0  startup_stm32g474xx.o(.text)
    DMA2_Channel6_IRQHandler                 0x08000207   Thumb Code     0  startup_stm32g474xx.o(.text)
    DMA2_Channel7_IRQHandler                 0x08000207   Thumb Code     0  startup_stm32g474xx.o(.text)
    DMA2_Channel8_IRQHandler                 0x08000207   Thumb Code     0  startup_stm32g474xx.o(.text)
    DMAMUX_OVR_IRQHandler                    0x08000207   Thumb Code     0  startup_stm32g474xx.o(.text)
    EXTI0_IRQHandler                         0x08000207   Thumb Code     0  startup_stm32g474xx.o(.text)
    EXTI15_10_IRQHandler                     0x08000207   Thumb Code     0  startup_stm32g474xx.o(.text)
    EXTI1_IRQHandler                         0x08000207   Thumb Code     0  startup_stm32g474xx.o(.text)
    EXTI2_IRQHandler                         0x08000207   Thumb Code     0  startup_stm32g474xx.o(.text)
    EXTI3_IRQHandler                         0x08000207   Thumb Code     0  startup_stm32g474xx.o(.text)
    EXTI4_IRQHandler                         0x08000207   Thumb Code     0  startup_stm32g474xx.o(.text)
    EXTI9_5_IRQHandler                       0x08000207   Thumb Code     0  startup_stm32g474xx.o(.text)
    FDCAN1_IT0_IRQHandler                    0x08000207   Thumb Code     0  startup_stm32g474xx.o(.text)
    FDCAN1_IT1_IRQHandler                    0x08000207   Thumb Code     0  startup_stm32g474xx.o(.text)
    FDCAN2_IT0_IRQHandler                    0x08000207   Thumb Code     0  startup_stm32g474xx.o(.text)
    FDCAN2_IT1_IRQHandler                    0x08000207   Thumb Code     0  startup_stm32g474xx.o(.text)
    FDCAN3_IT0_IRQHandler                    0x08000207   Thumb Code     0  startup_stm32g474xx.o(.text)
    FDCAN3_IT1_IRQHandler                    0x08000207   Thumb Code     0  startup_stm32g474xx.o(.text)
    FLASH_IRQHandler                         0x08000207   Thumb Code     0  startup_stm32g474xx.o(.text)
    FMAC_IRQHandler                          0x08000207   Thumb Code     0  startup_stm32g474xx.o(.text)
    FMC_IRQHandler                           0x08000207   Thumb Code     0  startup_stm32g474xx.o(.text)
    FPU_IRQHandler                           0x08000207   Thumb Code     0  startup_stm32g474xx.o(.text)
    HRTIM1_FLT_IRQHandler                    0x08000207   Thumb Code     0  startup_stm32g474xx.o(.text)
    HRTIM1_Master_IRQHandler                 0x08000207   Thumb Code     0  startup_stm32g474xx.o(.text)
    HRTIM1_TIMA_IRQHandler                   0x08000207   Thumb Code     0  startup_stm32g474xx.o(.text)
    HRTIM1_TIMB_IRQHandler                   0x08000207   Thumb Code     0  startup_stm32g474xx.o(.text)
    HRTIM1_TIMC_IRQHandler                   0x08000207   Thumb Code     0  startup_stm32g474xx.o(.text)
    HRTIM1_TIMD_IRQHandler                   0x08000207   Thumb Code     0  startup_stm32g474xx.o(.text)
    HRTIM1_TIME_IRQHandler                   0x08000207   Thumb Code     0  startup_stm32g474xx.o(.text)
    HRTIM1_TIMF_IRQHandler                   0x08000207   Thumb Code     0  startup_stm32g474xx.o(.text)
    I2C1_ER_IRQHandler                       0x08000207   Thumb Code     0  startup_stm32g474xx.o(.text)
    I2C1_EV_IRQHandler                       0x08000207   Thumb Code     0  startup_stm32g474xx.o(.text)
    I2C2_ER_IRQHandler                       0x08000207   Thumb Code     0  startup_stm32g474xx.o(.text)
    I2C2_EV_IRQHandler                       0x08000207   Thumb Code     0  startup_stm32g474xx.o(.text)
    I2C3_ER_IRQHandler                       0x08000207   Thumb Code     0  startup_stm32g474xx.o(.text)
    I2C3_EV_IRQHandler                       0x08000207   Thumb Code     0  startup_stm32g474xx.o(.text)
    I2C4_ER_IRQHandler                       0x08000207   Thumb Code     0  startup_stm32g474xx.o(.text)
    I2C4_EV_IRQHandler                       0x08000207   Thumb Code     0  startup_stm32g474xx.o(.text)
    LPTIM1_IRQHandler                        0x08000207   Thumb Code     0  startup_stm32g474xx.o(.text)
    LPUART1_IRQHandler                       0x08000207   Thumb Code     0  startup_stm32g474xx.o(.text)
    PVD_PVM_IRQHandler                       0x08000207   Thumb Code     0  startup_stm32g474xx.o(.text)
    QUADSPI_IRQHandler                       0x08000207   Thumb Code     0  startup_stm32g474xx.o(.text)
    RCC_IRQHandler                           0x08000207   Thumb Code     0  startup_stm32g474xx.o(.text)
    RNG_IRQHandler                           0x08000207   Thumb Code     0  startup_stm32g474xx.o(.text)
    RTC_Alarm_IRQHandler                     0x08000207   Thumb Code     0  startup_stm32g474xx.o(.text)
    RTC_TAMP_LSECSS_IRQHandler               0x08000207   Thumb Code     0  startup_stm32g474xx.o(.text)
    RTC_WKUP_IRQHandler                      0x08000207   Thumb Code     0  startup_stm32g474xx.o(.text)
    SAI1_IRQHandler                          0x08000207   Thumb Code     0  startup_stm32g474xx.o(.text)
    SPI1_IRQHandler                          0x08000207   Thumb Code     0  startup_stm32g474xx.o(.text)
    SPI2_IRQHandler                          0x08000207   Thumb Code     0  startup_stm32g474xx.o(.text)
    SPI3_IRQHandler                          0x08000207   Thumb Code     0  startup_stm32g474xx.o(.text)
    SPI4_IRQHandler                          0x08000207   Thumb Code     0  startup_stm32g474xx.o(.text)
    TIM1_BRK_TIM15_IRQHandler                0x08000207   Thumb Code     0  startup_stm32g474xx.o(.text)
    TIM1_CC_IRQHandler                       0x08000207   Thumb Code     0  startup_stm32g474xx.o(.text)
    TIM1_TRG_COM_TIM17_IRQHandler            0x08000207   Thumb Code     0  startup_stm32g474xx.o(.text)
    TIM1_UP_TIM16_IRQHandler                 0x08000207   Thumb Code     0  startup_stm32g474xx.o(.text)
    TIM20_BRK_IRQHandler                     0x08000207   Thumb Code     0  startup_stm32g474xx.o(.text)
    TIM20_CC_IRQHandler                      0x08000207   Thumb Code     0  startup_stm32g474xx.o(.text)
    TIM20_TRG_COM_IRQHandler                 0x08000207   Thumb Code     0  startup_stm32g474xx.o(.text)
    TIM20_UP_IRQHandler                      0x08000207   Thumb Code     0  startup_stm32g474xx.o(.text)
    TIM2_IRQHandler                          0x08000207   Thumb Code     0  startup_stm32g474xx.o(.text)
    TIM3_IRQHandler                          0x08000207   Thumb Code     0  startup_stm32g474xx.o(.text)
    TIM4_IRQHandler                          0x08000207   Thumb Code     0  startup_stm32g474xx.o(.text)
    TIM5_IRQHandler                          0x08000207   Thumb Code     0  startup_stm32g474xx.o(.text)
    TIM6_DAC_IRQHandler                      0x08000207   Thumb Code     0  startup_stm32g474xx.o(.text)
    TIM7_DAC_IRQHandler                      0x08000207   Thumb Code     0  startup_stm32g474xx.o(.text)
    TIM8_BRK_IRQHandler                      0x08000207   Thumb Code     0  startup_stm32g474xx.o(.text)
    TIM8_CC_IRQHandler                       0x08000207   Thumb Code     0  startup_stm32g474xx.o(.text)
    TIM8_TRG_COM_IRQHandler                  0x08000207   Thumb Code     0  startup_stm32g474xx.o(.text)
    TIM8_UP_IRQHandler                       0x08000207   Thumb Code     0  startup_stm32g474xx.o(.text)
    UART4_IRQHandler                         0x08000207   Thumb Code     0  startup_stm32g474xx.o(.text)
    UART5_IRQHandler                         0x08000207   Thumb Code     0  startup_stm32g474xx.o(.text)
    UCPD1_IRQHandler                         0x08000207   Thumb Code     0  startup_stm32g474xx.o(.text)
    USART2_IRQHandler                        0x08000207   Thumb Code     0  startup_stm32g474xx.o(.text)
    USART3_IRQHandler                        0x08000207   Thumb Code     0  startup_stm32g474xx.o(.text)
    USBWakeUp_IRQHandler                     0x08000207   Thumb Code     0  startup_stm32g474xx.o(.text)
    USB_HP_IRQHandler                        0x08000207   Thumb Code     0  startup_stm32g474xx.o(.text)
    USB_LP_IRQHandler                        0x08000207   Thumb Code     0  startup_stm32g474xx.o(.text)
    WWDG_IRQHandler                          0x08000207   Thumb Code     0  startup_stm32g474xx.o(.text)
    __aeabi_uldivmod                         0x08000211   Thumb Code    98  uldiv.o(.text)
    __aeabi_memset                           0x08000273   Thumb Code    14  memseta.o(.text)
    __aeabi_memset4                          0x08000273   Thumb Code     0  memseta.o(.text)
    __aeabi_memset8                          0x08000273   Thumb Code     0  memseta.o(.text)
    __aeabi_memclr                           0x08000281   Thumb Code     4  memseta.o(.text)
    __aeabi_memclr4                          0x08000281   Thumb Code     0  memseta.o(.text)
    __aeabi_memclr8                          0x08000281   Thumb Code     0  memseta.o(.text)
    _memset$wrapper                          0x08000285   Thumb Code    18  memseta.o(.text)
    __aeabi_dadd                             0x08000297   Thumb Code   322  dadd.o(.text)
    __aeabi_dsub                             0x080003d9   Thumb Code     6  dadd.o(.text)
    __aeabi_drsub                            0x080003df   Thumb Code     6  dadd.o(.text)
    __aeabi_dmul                             0x080003e5   Thumb Code   228  dmul.o(.text)
    __aeabi_ddiv                             0x080004c9   Thumb Code   222  ddiv.o(.text)
    __aeabi_f2d                              0x080005a7   Thumb Code    38  f2d.o(.text)
    __aeabi_uidiv                            0x080005cd   Thumb Code     0  uidiv.o(.text)
    __aeabi_uidivmod                         0x080005cd   Thumb Code    44  uidiv.o(.text)
    __aeabi_llsl                             0x080005f9   Thumb Code    30  llshl.o(.text)
    _ll_shift_l                              0x080005f9   Thumb Code     0  llshl.o(.text)
    __aeabi_llsr                             0x08000617   Thumb Code    32  llushr.o(.text)
    _ll_ushift_r                             0x08000617   Thumb Code     0  llushr.o(.text)
    __aeabi_lasr                             0x08000637   Thumb Code    36  llsshr.o(.text)
    _ll_sshift_r                             0x08000637   Thumb Code     0  llsshr.o(.text)
    __I$use$fp                               0x0800065b   Thumb Code     0  iusefp.o(.text)
    _double_round                            0x0800065b   Thumb Code    30  depilogue.o(.text)
    _double_epilogue                         0x08000679   Thumb Code   156  depilogue.o(.text)
    __aeabi_d2ulz                            0x08000715   Thumb Code    48  dfixul.o(.text)
    __aeabi_cdrcmple                         0x08000745   Thumb Code    48  cdrcmple.o(.text)
    __scatterload                            0x08000775   Thumb Code    38  init.o(.text)
    __scatterload_rt2                        0x08000775   Thumb Code     0  init.o(.text)
    __decompress                             0x080007a5   Thumb Code     0  __dczerorl.o(.text)
    __decompress0                            0x080007a5   Thumb Code    58  __dczerorl.o(.text)
    BusFault_Handler                         0x080007e1   Thumb Code     2  stm32g4xx_it.o(.text.BusFault_Handler)
    DMA1_Channel1_IRQHandler                 0x080007e5   Thumb Code    12  stm32g4xx_it.o(.text.DMA1_Channel1_IRQHandler)
    DMA1_Channel2_IRQHandler                 0x080007f1   Thumb Code    12  stm32g4xx_it.o(.text.DMA1_Channel2_IRQHandler)
    DSP_Demo                                 0x080007fd   Thumb Code   192  main.o(.text.DSP_Demo)
    DebugMon_Handler                         0x080008e9   Thumb Code     2  stm32g4xx_it.o(.text.DebugMon_Handler)
    Error_Handler                            0x080008ed   Thumb Code    10  main.o(.text.Error_Handler)
    HAL_DMA_Abort                            0x080008f9   Thumb Code   112  stm32g4xx_hal_dma.o(.text.HAL_DMA_Abort)
    HAL_DMA_Abort_IT                         0x08000969   Thumb Code   128  stm32g4xx_hal_dma.o(.text.HAL_DMA_Abort_IT)
    HAL_DMA_IRQHandler                       0x080009e9   Thumb Code   170  stm32g4xx_hal_dma.o(.text.HAL_DMA_IRQHandler)
    HAL_DMA_Init                             0x08000a95   Thumb Code   280  stm32g4xx_hal_dma.o(.text.HAL_DMA_Init)
    HAL_DMA_Start_IT                         0x08000bad   Thumb Code   232  stm32g4xx_hal_dma.o(.text.HAL_DMA_Start_IT)
    HAL_GPIO_Init                            0x08000c95   Thumb Code   434  stm32g4xx_hal_gpio.o(.text.HAL_GPIO_Init)
    HAL_GetTick                              0x08000e49   Thumb Code    12  stm32g4xx_hal.o(.text.HAL_GetTick)
    HAL_IncTick                              0x08000e55   Thumb Code    26  stm32g4xx_hal.o(.text.HAL_IncTick)
    HAL_Init                                 0x08000e71   Thumb Code    30  stm32g4xx_hal.o(.text.HAL_Init)
    HAL_InitTick                             0x08000e91   Thumb Code    80  stm32g4xx_hal.o(.text.HAL_InitTick)
    HAL_MspInit                              0x08000ee1   Thumb Code    52  stm32g4xx_hal_msp.o(.text.HAL_MspInit)
    HAL_NVIC_EnableIRQ                       0x08000f15   Thumb Code    34  stm32g4xx_hal_cortex.o(.text.HAL_NVIC_EnableIRQ)
    HAL_NVIC_SetPriority                     0x08000f39   Thumb Code    86  stm32g4xx_hal_cortex.o(.text.HAL_NVIC_SetPriority)
    HAL_NVIC_SetPriorityGrouping             0x08000f91   Thumb Code    32  stm32g4xx_hal_cortex.o(.text.HAL_NVIC_SetPriorityGrouping)
    HAL_PWREx_ControlVoltageScaling          0x08000fb1   Thumb Code   270  stm32g4xx_hal_pwr_ex.o(.text.HAL_PWREx_ControlVoltageScaling)
    HAL_PWREx_DisableUCPDDeadBattery         0x080010c1   Thumb Code    18  stm32g4xx_hal_pwr_ex.o(.text.HAL_PWREx_DisableUCPDDeadBattery)
    HAL_RCCEx_PeriphCLKConfig                0x080010d5   Thumb Code   726  stm32g4xx_hal_rcc_ex.o(.text.HAL_RCCEx_PeriphCLKConfig)
    HAL_RCC_ClockConfig                      0x080013ad   Thumb Code   772  stm32g4xx_hal_rcc.o(.text.HAL_RCC_ClockConfig)
    HAL_RCC_GetPCLK1Freq                     0x080016b1   Thumb Code    42  stm32g4xx_hal_rcc.o(.text.HAL_RCC_GetPCLK1Freq)
    HAL_RCC_GetPCLK2Freq                     0x080016dd   Thumb Code    42  stm32g4xx_hal_rcc.o(.text.HAL_RCC_GetPCLK2Freq)
    HAL_RCC_GetSysClockFreq                  0x08001709   Thumb Code   130  stm32g4xx_hal_rcc.o(.text.HAL_RCC_GetSysClockFreq)
    HAL_RCC_OscConfig                        0x0800178d   Thumb Code  1230  stm32g4xx_hal_rcc.o(.text.HAL_RCC_OscConfig)
    HAL_SYSTICK_Config                       0x08001c5d   Thumb Code    44  stm32g4xx_hal_cortex.o(.text.HAL_SYSTICK_Config)
    HAL_UARTEx_DisableFifoMode               0x08001c89   Thumb Code    54  stm32g4xx_hal_uart_ex.o(.text.HAL_UARTEx_DisableFifoMode)
    HAL_UARTEx_RxEventCallback               0x08001cc1   Thumb Code     2  stm32g4xx_hal_uart.o(.text.HAL_UARTEx_RxEventCallback)
    HAL_UARTEx_RxFifoFullCallback            0x08001cc5   Thumb Code     2  stm32g4xx_hal_uart_ex.o(.text.HAL_UARTEx_RxFifoFullCallback)
    HAL_UARTEx_SetRxFifoThreshold            0x08001cc9   Thumb Code   140  stm32g4xx_hal_uart_ex.o(.text.HAL_UARTEx_SetRxFifoThreshold)
    HAL_UARTEx_SetTxFifoThreshold            0x08001d55   Thumb Code   140  stm32g4xx_hal_uart_ex.o(.text.HAL_UARTEx_SetTxFifoThreshold)
    HAL_UARTEx_TxFifoEmptyCallback           0x08001de1   Thumb Code     2  stm32g4xx_hal_uart_ex.o(.text.HAL_UARTEx_TxFifoEmptyCallback)
    HAL_UARTEx_WakeupCallback                0x08001de5   Thumb Code     2  stm32g4xx_hal_uart_ex.o(.text.HAL_UARTEx_WakeupCallback)
    HAL_UART_ErrorCallback                   0x08001de9   Thumb Code     2  stm32g4xx_hal_uart.o(.text.HAL_UART_ErrorCallback)
    HAL_UART_IRQHandler                      0x08001ded   Thumb Code  1614  stm32g4xx_hal_uart.o(.text.HAL_UART_IRQHandler)
    HAL_UART_Init                            0x0800243d   Thumb Code   100  stm32g4xx_hal_uart.o(.text.HAL_UART_Init)
    HAL_UART_MspInit                         0x080024a1   Thumb Code   272  usart.o(.text.HAL_UART_MspInit)
    HAL_UART_Transmit_DMA                    0x080025b1   Thumb Code   232  stm32g4xx_hal_uart.o(.text.HAL_UART_Transmit_DMA)
    HAL_UART_TxCpltCallback                  0x08002699   Thumb Code     2  stm32g4xx_hal_uart.o(.text.HAL_UART_TxCpltCallback)
    HAL_UART_TxHalfCpltCallback              0x0800269d   Thumb Code     2  stm32g4xx_hal_uart.o(.text.HAL_UART_TxHalfCpltCallback)
    HardFault_Handler                        0x080026a1   Thumb Code     2  stm32g4xx_it.o(.text.HardFault_Handler)
    MX_DMA_Init                              0x080026a5   Thumb Code    86  dma.o(.text.MX_DMA_Init)
    MX_GPIO_Init                             0x080026fd   Thumb Code    50  gpio.o(.text.MX_GPIO_Init)
    MX_USART1_UART_Init                      0x08002731   Thumb Code   130  usart.o(.text.MX_USART1_UART_Init)
    MemManage_Handler                        0x080027b5   Thumb Code     2  stm32g4xx_it.o(.text.MemManage_Handler)
    NMI_Handler                              0x080027b9   Thumb Code     2  stm32g4xx_it.o(.text.NMI_Handler)
    PendSV_Handler                           0x080027bd   Thumb Code     2  stm32g4xx_it.o(.text.PendSV_Handler)
    SVC_Handler                              0x080027c1   Thumb Code     2  stm32g4xx_it.o(.text.SVC_Handler)
    SysTick_Handler                          0x080027c5   Thumb Code     4  stm32g4xx_it.o(.text.SysTick_Handler)
    SystemInit                               0x080027c9   Thumb Code    18  system_stm32g4xx.o(.text.SystemInit)
    UART_AdvFeatureConfig                    0x080027dd   Thumb Code   230  stm32g4xx_hal_uart.o(.text.UART_AdvFeatureConfig)
    UART_CheckIdleState                      0x080028c5   Thumb Code   362  stm32g4xx_hal_uart.o(.text.UART_CheckIdleState)
    UART_SetConfig                           0x08002cd1   Thumb Code   676  stm32g4xx_hal_uart.o(.text.UART_SetConfig)
    UART_WaitOnFlagUntilTimeout              0x08002f85   Thumb Code   822  stm32g4xx_hal_uart.o(.text.UART_WaitOnFlagUntilTimeout)
    USART1_IRQHandler                        0x080032bd   Thumb Code    12  stm32g4xx_it.o(.text.USART1_IRQHandler)
    UsageFault_Handler                       0x080032c9   Thumb Code     2  stm32g4xx_it.o(.text.UsageFault_Handler)
    arm_cfft_f32                             0x080032cd   Thumb Code   816  transformfunctions.o(.text.arm_cfft_f32)
    arm_cfft_radix8by2_f32                   0x080035fd   Thumb Code   410  transformfunctions.o(.text.arm_cfft_radix8by2_f32)
    arm_cfft_radix8by4_f32                   0x08003799   Thumb Code  1256  transformfunctions.o(.text.arm_cfft_radix8by4_f32)
    arm_cmplx_mag_f32                        0x08003c81   Thumb Code    50  complexmathfunctions.o(.text.arm_cmplx_mag_f32)
    arm_fir_f32                              0x08003cb5   Thumb Code  1064  filteringfunctions.o(.text.arm_fir_f32)
    arm_fir_init_f32                         0x080040e1   Thumb Code    32  filteringfunctions.o(.text.arm_fir_init_f32)
    arm_radix8_butterfly_f32                 0x08004101   Thumb Code  1380  transformfunctions.o(.text.arm_radix8_butterfly_f32)
    main                                     0x08004665   Thumb Code   126  main.o(.text.main)
    myARM_FFT_Mag                            0x080046e5   Thumb Code   568  fft.o(.text.myARM_FFT_Mag)
    myARM_FIR                                0x08004921   Thumb Code    64  filter.o(.text.myARM_FIR)
    myUART_Transmit_DMA                      0x08004961   Thumb Code   132  usart.o(.text.myUART_Transmit_DMA)
    __0vsnprintf                             0x080049e5   Thumb Code    46  printfa.o(i.__0vsnprintf)
    __1vsnprintf                             0x080049e5   Thumb Code     0  printfa.o(i.__0vsnprintf)
    __2vsnprintf                             0x080049e5   Thumb Code     0  printfa.o(i.__0vsnprintf)
    __c89vsnprintf                           0x080049e5   Thumb Code     0  printfa.o(i.__0vsnprintf)
    vsnprintf                                0x080049e5   Thumb Code     0  printfa.o(i.__0vsnprintf)
    __scatterload_copy                       0x08004a19   Thumb Code    14  handlers.o(i.__scatterload_copy)
    __scatterload_null                       0x08004a27   Thumb Code     2  handlers.o(i.__scatterload_null)
    __scatterload_zeroinit                   0x08004a29   Thumb Code    14  handlers.o(i.__scatterload_zeroinit)
    AHBPrescTable                            0x08005300   Data          16  system_stm32g4xx.o(.rodata.AHBPrescTable)
    APBPrescTable                            0x08005310   Data           8  system_stm32g4xx.o(.rodata.APBPrescTable)
    UARTPrescTable                           0x08005318   Data          24  stm32g4xx_hal_uart.o(.rodata.UARTPrescTable)
    armBitRevIndexTable4096                  0x08005330   Data        8064  commontables.o(.rodata.armBitRevIndexTable4096)
    arm_cfft_sR_f32_len4096                  0x080072b0   Data          16  commontables.o(.rodata.arm_cfft_sR_f32_len4096)
    pCoeffs                                  0x080072e0   Data         404  filter.o(.rodata.pCoeffs)
    rawData                                  0x08007474   Data       16384  main.o(.rodata.rawData)
    twiddleCoef_4096                         0x0800b474   Data       32768  commontables.o(.rodata.twiddleCoef_4096)
    Region$$Table$$Base                      0x08013474   Number         0  anon$$obj.o(Region$$Table)
    Region$$Table$$Limit                     0x08013494   Number         0  anon$$obj.o(Region$$Table)
    uwTickPrio                               0x20000000   Data           4  stm32g4xx_hal.o(.data..L_MergedGlobals)
    uwTickFreq                               0x20000004   Data           4  stm32g4xx_hal.o(.data..L_MergedGlobals)
    SystemCoreClock                          0x20000008   Data           4  system_stm32g4xx.o(.data.SystemCoreClock)
    UART_Debug                               0x2000000c   Data         392  main.o(.data.UART_Debug)
    FFT_Buf                                  0x20000198   Data       32768  fft.o(.bss.FFT_Buf)
    fftMagData                               0x20008198   Data       16384  main.o(.bss.fftMagData)
    hdma_usart1_rx                           0x2000c198   Data          96  usart.o(.bss.hdma_usart1_rx)
    hdma_usart1_tx                           0x2000c1f8   Data          96  usart.o(.bss.hdma_usart1_tx)
    huart1                                   0x2000c258   Data         148  usart.o(.bss.huart1)
    pState                                   0x2000c2ec   Data         464  filter.o(.bss.pState)
    pureData                                 0x2000c4bc   Data       16384  main.o(.bss.pureData)
    uwTick                                   0x200104bc   Data           4  stm32g4xx_hal.o(.bss.uwTick)
    __initial_sp                             0x200114c0   Data           0  startup_stm32g474xx.o(STACK)



==============================================================================

Memory Map of the image

  Image Entry point : 0x080001d9

  Load Region LR_IROM1 (Base: 0x08000000, Size: 0x00013630, Max: 0x00080000, ABSOLUTE, COMPRESSED[0x000134b0])

    Execution Region ER_IROM1 (Exec base: 0x08000000, Load base: 0x08000000, Size: 0x00013494, Max: 0x00080000, ABSOLUTE)

    Exec Addr    Load Addr    Size         Type   Attr      Idx    E Section Name        Object

    0x08000000   0x08000000   0x000001d8   Data   RO            3    RESET               startup_stm32g474xx.o
    0x080001d8   0x080001d8   0x00000000   Code   RO         2494  * .ARM.Collect$$$$00000000  mc_w.l(entry.o)
    0x080001d8   0x080001d8   0x00000004   Code   RO         2610    .ARM.Collect$$$$00000001  mc_w.l(entry2.o)
    0x080001dc   0x080001dc   0x00000004   Code   RO         2613    .ARM.Collect$$$$00000004  mc_w.l(entry5.o)
    0x080001e0   0x080001e0   0x00000000   Code   RO         2615    .ARM.Collect$$$$00000008  mc_w.l(entry7b.o)
    0x080001e0   0x080001e0   0x00000000   Code   RO         2617    .ARM.Collect$$$$0000000A  mc_w.l(entry8b.o)
    0x080001e0   0x080001e0   0x00000008   Code   RO         2618    .ARM.Collect$$$$0000000B  mc_w.l(entry9a.o)
    0x080001e8   0x080001e8   0x00000000   Code   RO         2620    .ARM.Collect$$$$0000000D  mc_w.l(entry10a.o)
    0x080001e8   0x080001e8   0x00000000   Code   RO         2622    .ARM.Collect$$$$0000000F  mc_w.l(entry11a.o)
    0x080001e8   0x080001e8   0x00000004   Code   RO         2611    .ARM.Collect$$$$00002712  mc_w.l(entry2.o)
    0x080001ec   0x080001ec   0x00000024   Code   RO            4    .text               startup_stm32g474xx.o
    0x08000210   0x08000210   0x00000062   Code   RO         2497    .text               mc_w.l(uldiv.o)
    0x08000272   0x08000272   0x00000024   Code   RO         2503    .text               mc_w.l(memseta.o)
    0x08000296   0x08000296   0x0000014e   Code   RO         2535    .text               mf_w.l(dadd.o)
    0x080003e4   0x080003e4   0x000000e4   Code   RO         2537    .text               mf_w.l(dmul.o)
    0x080004c8   0x080004c8   0x000000de   Code   RO         2539    .text               mf_w.l(ddiv.o)
    0x080005a6   0x080005a6   0x00000026   Code   RO         2557    .text               mf_w.l(f2d.o)
    0x080005cc   0x080005cc   0x0000002c   Code   RO         2638    .text               mc_w.l(uidiv.o)
    0x080005f8   0x080005f8   0x0000001e   Code   RO         2640    .text               mc_w.l(llshl.o)
    0x08000616   0x08000616   0x00000020   Code   RO         2642    .text               mc_w.l(llushr.o)
    0x08000636   0x08000636   0x00000024   Code   RO         2644    .text               mc_w.l(llsshr.o)
    0x0800065a   0x0800065a   0x00000000   Code   RO         2653    .text               mc_w.l(iusefp.o)
    0x0800065a   0x0800065a   0x000000ba   Code   RO         2656    .text               mf_w.l(depilogue.o)
    0x08000714   0x08000714   0x00000030   Code   RO         2662    .text               mf_w.l(dfixul.o)
    0x08000744   0x08000744   0x00000030   Code   RO         2666    .text               mf_w.l(cdrcmple.o)
    0x08000774   0x08000774   0x00000030   Code   RO         2676    .text               mc_w.l(init.o)
    0x080007a4   0x080007a4   0x0000003a   Code   RO         2688    .text               mc_w.l(__dczerorl.o)
    0x080007de   0x080007de   0x00000002   PAD
    0x080007e0   0x080007e0   0x00000002   Code   RO           78    .text.BusFault_Handler  stm32g4xx_it.o
    0x080007e2   0x080007e2   0x00000002   PAD
    0x080007e4   0x080007e4   0x0000000c   Code   RO           90    .text.DMA1_Channel1_IRQHandler  stm32g4xx_it.o
    0x080007f0   0x080007f0   0x0000000c   Code   RO           92    .text.DMA1_Channel2_IRQHandler  stm32g4xx_it.o
    0x080007fc   0x080007fc   0x000000ec   Code   RO           11    .text.DSP_Demo      main.o
    0x080008e8   0x080008e8   0x00000002   Code   RO           84    .text.DebugMon_Handler  stm32g4xx_it.o
    0x080008ea   0x080008ea   0x00000002   PAD
    0x080008ec   0x080008ec   0x0000000a   Code   RO           17    .text.Error_Handler  main.o
    0x080008f6   0x080008f6   0x00000002   PAD
    0x080008f8   0x080008f8   0x00000070   Code   RO          681    .text.HAL_DMA_Abort  stm32g4xx_hal_dma.o
    0x08000968   0x08000968   0x00000080   Code   RO          683    .text.HAL_DMA_Abort_IT  stm32g4xx_hal_dma.o
    0x080009e8   0x080009e8   0x000000aa   Code   RO          687    .text.HAL_DMA_IRQHandler  stm32g4xx_hal_dma.o
    0x08000a92   0x08000a92   0x00000002   PAD
    0x08000a94   0x08000a94   0x00000118   Code   RO          673    .text.HAL_DMA_Init  stm32g4xx_hal_dma.o
    0x08000bac   0x08000bac   0x000000e8   Code   RO          679    .text.HAL_DMA_Start_IT  stm32g4xx_hal_dma.o
    0x08000c94   0x08000c94   0x000001b2   Code   RO          623    .text.HAL_GPIO_Init  stm32g4xx_hal_gpio.o
    0x08000e46   0x08000e46   0x00000002   PAD
    0x08000e48   0x08000e48   0x0000000c   Code   RO          392    .text.HAL_GetTick   stm32g4xx_hal.o
    0x08000e54   0x08000e54   0x0000001a   Code   RO          390    .text.HAL_IncTick   stm32g4xx_hal.o
    0x08000e6e   0x08000e6e   0x00000002   PAD
    0x08000e70   0x08000e70   0x0000001e   Code   RO          380    .text.HAL_Init      stm32g4xx_hal.o
    0x08000e8e   0x08000e8e   0x00000002   PAD
    0x08000e90   0x08000e90   0x00000050   Code   RO          382    .text.HAL_InitTick  stm32g4xx_hal.o
    0x08000ee0   0x08000ee0   0x00000034   Code   RO          103    .text.HAL_MspInit   stm32g4xx_hal_msp.o
    0x08000f14   0x08000f14   0x00000022   Code   RO          767    .text.HAL_NVIC_EnableIRQ  stm32g4xx_hal_cortex.o
    0x08000f36   0x08000f36   0x00000002   PAD
    0x08000f38   0x08000f38   0x00000056   Code   RO          765    .text.HAL_NVIC_SetPriority  stm32g4xx_hal_cortex.o
    0x08000f8e   0x08000f8e   0x00000002   PAD
    0x08000f90   0x08000f90   0x00000020   Code   RO          763    .text.HAL_NVIC_SetPriorityGrouping  stm32g4xx_hal_cortex.o
    0x08000fb0   0x08000fb0   0x0000010e   Code   RO          115    .text.HAL_PWREx_ControlVoltageScaling  stm32g4xx_hal_pwr_ex.o
    0x080010be   0x080010be   0x00000002   PAD
    0x080010c0   0x080010c0   0x00000012   Code   RO          185    .text.HAL_PWREx_DisableUCPDDeadBattery  stm32g4xx_hal_pwr_ex.o
    0x080010d2   0x080010d2   0x00000002   PAD
    0x080010d4   0x080010d4   0x000002d6   Code   RO          504    .text.HAL_RCCEx_PeriphCLKConfig  stm32g4xx_hal_rcc_ex.o
    0x080013aa   0x080013aa   0x00000002   PAD
    0x080013ac   0x080013ac   0x00000304   Code   RO          470    .text.HAL_RCC_ClockConfig  stm32g4xx_hal_rcc.o
    0x080016b0   0x080016b0   0x0000002a   Code   RO          478    .text.HAL_RCC_GetPCLK1Freq  stm32g4xx_hal_rcc.o
    0x080016da   0x080016da   0x00000002   PAD
    0x080016dc   0x080016dc   0x0000002a   Code   RO          480    .text.HAL_RCC_GetPCLK2Freq  stm32g4xx_hal_rcc.o
    0x08001706   0x08001706   0x00000002   PAD
    0x08001708   0x08001708   0x00000082   Code   RO          472    .text.HAL_RCC_GetSysClockFreq  stm32g4xx_hal_rcc.o
    0x0800178a   0x0800178a   0x00000002   PAD
    0x0800178c   0x0800178c   0x000004ce   Code   RO          468    .text.HAL_RCC_OscConfig  stm32g4xx_hal_rcc.o
    0x08001c5a   0x08001c5a   0x00000002   PAD
    0x08001c5c   0x08001c5c   0x0000002c   Code   RO          775    .text.HAL_SYSTICK_Config  stm32g4xx_hal_cortex.o
    0x08001c88   0x08001c88   0x00000036   Code   RO          357    .text.HAL_UARTEx_DisableFifoMode  stm32g4xx_hal_uart_ex.o
    0x08001cbe   0x08001cbe   0x00000002   PAD
    0x08001cc0   0x08001cc0   0x00000002   Code   RO          285    .text.HAL_UARTEx_RxEventCallback  stm32g4xx_hal_uart.o
    0x08001cc2   0x08001cc2   0x00000002   PAD
    0x08001cc4   0x08001cc4   0x00000002   Code   RO          343    .text.HAL_UARTEx_RxFifoFullCallback  stm32g4xx_hal_uart_ex.o
    0x08001cc6   0x08001cc6   0x00000002   PAD
    0x08001cc8   0x08001cc8   0x0000008c   Code   RO          361    .text.HAL_UARTEx_SetRxFifoThreshold  stm32g4xx_hal_uart_ex.o
    0x08001d54   0x08001d54   0x0000008c   Code   RO          359    .text.HAL_UARTEx_SetTxFifoThreshold  stm32g4xx_hal_uart_ex.o
    0x08001de0   0x08001de0   0x00000002   Code   RO          345    .text.HAL_UARTEx_TxFifoEmptyCallback  stm32g4xx_hal_uart_ex.o
    0x08001de2   0x08001de2   0x00000002   PAD
    0x08001de4   0x08001de4   0x00000002   Code   RO          341    .text.HAL_UARTEx_WakeupCallback  stm32g4xx_hal_uart_ex.o
    0x08001de6   0x08001de6   0x00000002   PAD
    0x08001de8   0x08001de8   0x00000002   Code   RO          283    .text.HAL_UART_ErrorCallback  stm32g4xx_hal_uart.o
    0x08001dea   0x08001dea   0x00000002   PAD
    0x08001dec   0x08001dec   0x0000064e   Code   RO          279    .text.HAL_UART_IRQHandler  stm32g4xx_hal_uart.o
    0x0800243a   0x0800243a   0x00000002   PAD
    0x0800243c   0x0800243c   0x00000064   Code   RO          195    .text.HAL_UART_Init  stm32g4xx_hal_uart.o
    0x080024a0   0x080024a0   0x00000110   Code   RO           51    .text.HAL_UART_MspInit  usart.o
    0x080025b0   0x080025b0   0x000000e8   Code   RO          235    .text.HAL_UART_Transmit_DMA  stm32g4xx_hal_uart.o
    0x08002698   0x08002698   0x00000002   Code   RO          287    .text.HAL_UART_TxCpltCallback  stm32g4xx_hal_uart.o
    0x0800269a   0x0800269a   0x00000002   PAD
    0x0800269c   0x0800269c   0x00000002   Code   RO          289    .text.HAL_UART_TxHalfCpltCallback  stm32g4xx_hal_uart.o
    0x0800269e   0x0800269e   0x00000002   PAD
    0x080026a0   0x080026a0   0x00000002   Code   RO           74    .text.HardFault_Handler  stm32g4xx_it.o
    0x080026a2   0x080026a2   0x00000002   PAD
    0x080026a4   0x080026a4   0x00000056   Code   RO           40    .text.MX_DMA_Init   dma.o
    0x080026fa   0x080026fa   0x00000002   PAD
    0x080026fc   0x080026fc   0x00000032   Code   RO           32    .text.MX_GPIO_Init  gpio.o
    0x0800272e   0x0800272e   0x00000002   PAD
    0x08002730   0x08002730   0x00000082   Code   RO           49    .text.MX_USART1_UART_Init  usart.o
    0x080027b2   0x080027b2   0x00000002   PAD
    0x080027b4   0x080027b4   0x00000002   Code   RO           76    .text.MemManage_Handler  stm32g4xx_it.o
    0x080027b6   0x080027b6   0x00000002   PAD
    0x080027b8   0x080027b8   0x00000002   Code   RO           72    .text.NMI_Handler   stm32g4xx_it.o
    0x080027ba   0x080027ba   0x00000002   PAD
    0x080027bc   0x080027bc   0x00000002   Code   RO           86    .text.PendSV_Handler  stm32g4xx_it.o
    0x080027be   0x080027be   0x00000002   PAD
    0x080027c0   0x080027c0   0x00000002   Code   RO           82    .text.SVC_Handler   stm32g4xx_it.o
    0x080027c2   0x080027c2   0x00000002   PAD
    0x080027c4   0x080027c4   0x00000004   Code   RO           88    .text.SysTick_Handler  stm32g4xx_it.o
    0x080027c8   0x080027c8   0x00000012   Code   RO          813    .text.SystemInit    system_stm32g4xx.o
    0x080027da   0x080027da   0x00000002   PAD
    0x080027dc   0x080027dc   0x000000e6   Code   RO          199    .text.UART_AdvFeatureConfig  stm32g4xx_hal_uart.o
    0x080028c2   0x080028c2   0x00000002   PAD
    0x080028c4   0x080028c4   0x0000016a   Code   RO          203    .text.UART_CheckIdleState  stm32g4xx_hal_uart.o
    0x08002a2e   0x08002a2e   0x00000002   PAD
    0x08002a30   0x08002a30   0x0000000c   Code   RO          281    .text.UART_DMAAbortOnError  stm32g4xx_hal_uart.o
    0x08002a3c   0x08002a3c   0x000001da   Code   RO          241    .text.UART_DMAError  stm32g4xx_hal_uart.o
    0x08002c16   0x08002c16   0x00000002   PAD
    0x08002c18   0x08002c18   0x000000b0   Code   RO          237    .text.UART_DMATransmitCplt  stm32g4xx_hal_uart.o
    0x08002cc8   0x08002cc8   0x00000006   Code   RO          239    .text.UART_DMATxHalfCplt  stm32g4xx_hal_uart.o
    0x08002cce   0x08002cce   0x00000002   PAD
    0x08002cd0   0x08002cd0   0x000002b4   Code   RO          201    .text.UART_SetConfig  stm32g4xx_hal_uart.o
    0x08002f84   0x08002f84   0x00000336   Code   RO          217    .text.UART_WaitOnFlagUntilTimeout  stm32g4xx_hal_uart.o
    0x080032ba   0x080032ba   0x00000002   PAD
    0x080032bc   0x080032bc   0x0000000c   Code   RO           94    .text.USART1_IRQHandler  stm32g4xx_it.o
    0x080032c8   0x080032c8   0x00000002   Code   RO           80    .text.UsageFault_Handler  stm32g4xx_it.o
    0x080032ca   0x080032ca   0x00000002   PAD
    0x080032cc   0x080032cc   0x00000330   Code   RO         2012    .text.arm_cfft_f32  transformfunctions.o
    0x080035fc   0x080035fc   0x0000019a   Code   RO         2006    .text.arm_cfft_radix8by2_f32  transformfunctions.o
    0x08003796   0x08003796   0x00000002   PAD
    0x08003798   0x08003798   0x000004e8   Code   RO         2010    .text.arm_cfft_radix8by4_f32  transformfunctions.o
    0x08003c80   0x08003c80   0x00000032   Code   RO         1188    .text.arm_cmplx_mag_f32  complexmathfunctions.o
    0x08003cb2   0x08003cb2   0x00000002   PAD
    0x08003cb4   0x08003cb4   0x0000042c   Code   RO         1444    .text.arm_fir_f32   filteringfunctions.o
    0x080040e0   0x080040e0   0x00000020   Code   RO         1452    .text.arm_fir_init_f32  filteringfunctions.o
    0x08004100   0x08004100   0x00000564   Code   RO         2008    .text.arm_radix8_butterfly_f32  transformfunctions.o
    0x08004664   0x08004664   0x0000007e   Code   RO           13    .text.main          main.o
    0x080046e2   0x080046e2   0x00000002   PAD
    0x080046e4   0x080046e4   0x0000023c   Code   RO          839    .text.myARM_FFT_Mag  fft.o
    0x08004920   0x08004920   0x00000040   Code   RO          828    .text.myARM_FIR     filter.o
    0x08004960   0x08004960   0x00000084   Code   RO           57    .text.myUART_Transmit_DMA  usart.o
    0x080049e4   0x080049e4   0x00000034   Code   RO         2513    i.__0vsnprintf      mc_w.l(printfa.o)
    0x08004a18   0x08004a18   0x0000000e   Code   RO         2682    i.__scatterload_copy  mc_w.l(handlers.o)
    0x08004a26   0x08004a26   0x00000002   Code   RO         2683    i.__scatterload_null  mc_w.l(handlers.o)
    0x08004a28   0x08004a28   0x0000000e   Code   RO         2684    i.__scatterload_zeroinit  mc_w.l(handlers.o)
    0x08004a36   0x08004a36   0x00000002   PAD
    0x08004a38   0x08004a38   0x00000184   Code   RO         2515    i._fp_digits        mc_w.l(printfa.o)
    0x08004bbc   0x08004bbc   0x000006dc   Code   RO         2516    i._printf_core      mc_w.l(printfa.o)
    0x08005298   0x08005298   0x00000024   Code   RO         2517    i._printf_post_padding  mc_w.l(printfa.o)
    0x080052bc   0x080052bc   0x0000002e   Code   RO         2518    i._printf_pre_padding  mc_w.l(printfa.o)
    0x080052ea   0x080052ea   0x00000016   Code   RO         2519    i._snputc           mc_w.l(printfa.o)
    0x08005300   0x08005300   0x00000010   Data   RO          818    .rodata.AHBPrescTable  system_stm32g4xx.o
    0x08005310   0x08005310   0x00000008   Data   RO          819    .rodata.APBPrescTable  system_stm32g4xx.o
    0x08005318   0x08005318   0x00000018   Data   RO          329    .rodata.UARTPrescTable  stm32g4xx_hal_uart.o
    0x08005330   0x08005330   0x00001f80   Data   RO         1038    .rodata.armBitRevIndexTable4096  commontables.o
    0x080072b0   0x080072b0   0x00000010   Data   RO         1118    .rodata.arm_cfft_sR_f32_len4096  commontables.o
    0x080072c0   0x080072c0   0x00000010   Data   RO          330    .rodata.cst16       stm32g4xx_hal_uart.o
    0x080072d0   0x080072d0   0x00000010   Data   RO          371    .rodata.cst8        stm32g4xx_hal_uart_ex.o
    0x080072e0   0x080072e0   0x00000194   Data   RO          830    .rodata.pCoeffs     filter.o
    0x08007474   0x08007474   0x00004000   Data   RO           20    .rodata.rawData     main.o
    0x0800b474   0x0800b474   0x00008000   Data   RO         1002    .rodata.twiddleCoef_4096  commontables.o
    0x08013474   0x08013474   0x00000020   Data   RO         2681    Region$$Table       anon$$obj.o


    Execution Region RW_IRAM1 (Exec base: 0x20000000, Load base: 0x08013498, Size: 0x000114c0, Max: 0x00020000, ABSOLUTE, COMPRESSED[0x00000018])

    Exec Addr    Load Addr    Size         Type   Attr      Idx    E Section Name        Object

    0x20000000   COMPRESSED   0x00000008   Data   RW          457    .data..L_MergedGlobals  stm32g4xx_hal.o
    0x20000008   COMPRESSED   0x00000004   Data   RW          817    .data.SystemCoreClock  system_stm32g4xx.o
    0x2000000c   COMPRESSED   0x00000188   Data   RW           19    .data.UART_Debug    main.o
    0x20000194   COMPRESSED   0x00000004   PAD
    0x20000198        -       0x00008000   Zero   RW          841    .bss.FFT_Buf        fft.o
    0x20008198        -       0x00004000   Zero   RW           22    .bss.fftMagData     main.o
    0x2000c198        -       0x00000060   Zero   RW           62    .bss.hdma_usart1_rx  usart.o
    0x2000c1f8        -       0x00000060   Zero   RW           63    .bss.hdma_usart1_tx  usart.o
    0x2000c258        -       0x00000094   Zero   RW           61    .bss.huart1         usart.o
    0x2000c2ec        -       0x000001d0   Zero   RW          831    .bss.pState         filter.o
    0x2000c4bc        -       0x00004000   Zero   RW           21    .bss.pureData       main.o
    0x200104bc        -       0x00000004   Zero   RW          456    .bss.uwTick         stm32g4xx_hal.o
    0x200104c0        -       0x00001000   Zero   RW            1    STACK               startup_stm32g474xx.o


==============================================================================

Image component sizes


      Code (inc. data)   RO Data    RW Data    ZI Data      Debug   Object Name

         0          0      40848          0          0      10528   commontables.o
        50          0          0          0          0      26422   complexmathfunctions.o
        86          0          0          0          0       4131   dma.o
       572          4          0          0      32768       1569   fft.o
        64          0        404          0        464       1220   filter.o
      1100          4          0          0          0     465036   filteringfunctions.o
        50          0          0          0          0       1597   gpio.o
       372         44      16384        392      32768       7096   main.o
        36          8        472          0       4096        844   startup_stm32g474xx.o
       148          0          0          8          4       9593   stm32g4xx_hal.o
       196          0          0          0          0      11091   stm32g4xx_hal_cortex.o
       922          0          0          0          0       9157   stm32g4xx_hal_dma.o
       434          0          0          0          0       5239   stm32g4xx_hal_gpio.o
        52          0          0          0          0       1764   stm32g4xx_hal_msp.o
       288          0          0          0          0       9098   stm32g4xx_hal_pwr_ex.o
      2216          0          0          0          0      10095   stm32g4xx_hal_rcc.o
       726          0          0          0          0      11172   stm32g4xx_hal_rcc_ex.o
      4728         48         40          0          0      41764   stm32g4xx_hal_uart.o
       340          0         16          0          0      11215   stm32g4xx_hal_uart_ex.o
        56          0          0          0          0       4999   stm32g4xx_it.o
        18          0         24          4          0       2768   system_stm32g4xx.o
      3862          4          0          0          0     239284   transformfunctions.o
       534          0          0          0        340      10693   usart.o

    ----------------------------------------------------------------------
     16936        112      58220        404      70444     896375   Object Totals
         0          0         32          0          0          0   (incl. Generated)
        86          0          0          0          4          0   (incl. Padding)

    ----------------------------------------------------------------------

      Code (inc. data)   RO Data    RW Data    ZI Data      Debug   Library Member Name

        58          0          0          0          0          0   __dczerorl.o
         0          0          0          0          0          0   entry.o
         0          0          0          0          0          0   entry10a.o
         0          0          0          0          0          0   entry11a.o
         8          4          0          0          0          0   entry2.o
         4          0          0          0          0          0   entry5.o
         0          0          0          0          0          0   entry7b.o
         0          0          0          0          0          0   entry8b.o
         8          4          0          0          0          0   entry9a.o
        30          0          0          0          0          0   handlers.o
        48         10          0          0          0         68   init.o
         0          0          0          0          0          0   iusefp.o
        30          0          0          0          0         68   llshl.o
        36          0          0          0          0         68   llsshr.o
        32          0          0          0          0         68   llushr.o
        36          0          0          0          0        108   memseta.o
      2300         86          0          0          0        516   printfa.o
        44          0          0          0          0         80   uidiv.o
        98          0          0          0          0         92   uldiv.o
        48          0          0          0          0         68   cdrcmple.o
       334          0          0          0          0        148   dadd.o
       222          0          0          0          0        100   ddiv.o
       186          0          0          0          0        176   depilogue.o
        48          0          0          0          0         68   dfixul.o
       228          0          0          0          0         96   dmul.o
        38          0          0          0          0         68   f2d.o

    ----------------------------------------------------------------------
      3840        104          0          0          0       1792   Library Totals
         4          0          0          0          0          0   (incl. Padding)

    ----------------------------------------------------------------------

      Code (inc. data)   RO Data    RW Data    ZI Data      Debug   Library Name

      2732        104          0          0          0       1068   mc_w.l
      1104          0          0          0          0        724   mf_w.l

    ----------------------------------------------------------------------
      3840        104          0          0          0       1792   Library Totals

    ----------------------------------------------------------------------

==============================================================================


      Code (inc. data)   RO Data    RW Data    ZI Data      Debug   

     20776        216      58220        404      70444     897167   Grand Totals
     20776        216      58220         24      70444     897167   ELF Image Totals (compressed)
     20776        216      58220         24          0          0   ROM Totals

==============================================================================

    Total RO  Size (Code + RO Data)                78996 (  77.14kB)
    Total RW  Size (RW Data + ZI Data)             70848 (  69.19kB)
    Total ROM Size (Code + RO Data + RW Data)      79020 (  77.17kB)

==============================================================================

